Archive member included to satisfy reference by file (symbol)

/home/jaschutte/Applications/Quartus/nios2eds/bin/gnu/H-x86_64-pc-linux-gnu/bin/../lib/gcc/nios2-elf/5.3.0/../../../../../H-x86_64-pc-linux-gnu/nios2-elf/lib/libc.a(lib_a-printf.o)
                              obj/default/hello_world.o (printf)
/home/jaschutte/Applications/Quartus/nios2eds/bin/gnu/H-x86_64-pc-linux-gnu/bin/../lib/gcc/nios2-elf/5.3.0/../../../../../H-x86_64-pc-linux-gnu/nios2-elf/lib/libc.a(lib_a-puts.o)
                              obj/default/hello_world.o (puts)
/home/jaschutte/Applications/Quartus/nios2eds/bin/gnu/H-x86_64-pc-linux-gnu/bin/../lib/gcc/nios2-elf/5.3.0/../../../../../H-x86_64-pc-linux-gnu/nios2-elf/lib/libc.a(lib_a-strlen.o)
                              /home/jaschutte/Applications/Quartus/nios2eds/bin/gnu/H-x86_64-pc-linux-gnu/bin/../lib/gcc/nios2-elf/5.3.0/../../../../../H-x86_64-pc-linux-gnu/nios2-elf/lib/libc.a(lib_a-puts.o) (strlen)
/home/jaschutte/Applications/Quartus/nios2eds/bin/gnu/H-x86_64-pc-linux-gnu/bin/../lib/gcc/nios2-elf/5.3.0/../../../../../H-x86_64-pc-linux-gnu/nios2-elf/lib/libc.a(lib_a-vfprintf.o)
                              /home/jaschutte/Applications/Quartus/nios2eds/bin/gnu/H-x86_64-pc-linux-gnu/bin/../lib/gcc/nios2-elf/5.3.0/../../../../../H-x86_64-pc-linux-gnu/nios2-elf/lib/libc.a(lib_a-printf.o) (___vfprintf_internal_r)
/home/jaschutte/Applications/Quartus/nios2eds/bin/gnu/H-x86_64-pc-linux-gnu/bin/../lib/gcc/nios2-elf/5.3.0/../../../../../H-x86_64-pc-linux-gnu/nios2-elf/lib/libc.a(lib_a-wsetup.o)
                              /home/jaschutte/Applications/Quartus/nios2eds/bin/gnu/H-x86_64-pc-linux-gnu/bin/../lib/gcc/nios2-elf/5.3.0/../../../../../H-x86_64-pc-linux-gnu/nios2-elf/lib/libc.a(lib_a-vfprintf.o) (__swsetup_r)
/home/jaschutte/Applications/Quartus/nios2eds/bin/gnu/H-x86_64-pc-linux-gnu/bin/../lib/gcc/nios2-elf/5.3.0/../../../../../H-x86_64-pc-linux-gnu/nios2-elf/lib/libc.a(lib_a-dtoa.o)
                              /home/jaschutte/Applications/Quartus/nios2eds/bin/gnu/H-x86_64-pc-linux-gnu/bin/../lib/gcc/nios2-elf/5.3.0/../../../../../H-x86_64-pc-linux-gnu/nios2-elf/lib/libc.a(lib_a-vfprintf.o) (_dtoa_r)
/home/jaschutte/Applications/Quartus/nios2eds/bin/gnu/H-x86_64-pc-linux-gnu/bin/../lib/gcc/nios2-elf/5.3.0/../../../../../H-x86_64-pc-linux-gnu/nios2-elf/lib/libc.a(lib_a-fflush.o)
                              /home/jaschutte/Applications/Quartus/nios2eds/bin/gnu/H-x86_64-pc-linux-gnu/bin/../lib/gcc/nios2-elf/5.3.0/../../../../../H-x86_64-pc-linux-gnu/nios2-elf/lib/libc.a(lib_a-vfprintf.o) (_fflush_r)
/home/jaschutte/Applications/Quartus/nios2eds/bin/gnu/H-x86_64-pc-linux-gnu/bin/../lib/gcc/nios2-elf/5.3.0/../../../../../H-x86_64-pc-linux-gnu/nios2-elf/lib/libc.a(lib_a-findfp.o)
                              /home/jaschutte/Applications/Quartus/nios2eds/bin/gnu/H-x86_64-pc-linux-gnu/bin/../lib/gcc/nios2-elf/5.3.0/../../../../../H-x86_64-pc-linux-gnu/nios2-elf/lib/libc.a(lib_a-puts.o) (__sinit)
/home/jaschutte/Applications/Quartus/nios2eds/bin/gnu/H-x86_64-pc-linux-gnu/bin/../lib/gcc/nios2-elf/5.3.0/../../../../../H-x86_64-pc-linux-gnu/nios2-elf/lib/libc.a(lib_a-freer.o)
                              /home/jaschutte/Applications/Quartus/nios2eds/bin/gnu/H-x86_64-pc-linux-gnu/bin/../lib/gcc/nios2-elf/5.3.0/../../../../../H-x86_64-pc-linux-gnu/nios2-elf/lib/libc.a(lib_a-wsetup.o) (_free_r)
/home/jaschutte/Applications/Quartus/nios2eds/bin/gnu/H-x86_64-pc-linux-gnu/bin/../lib/gcc/nios2-elf/5.3.0/../../../../../H-x86_64-pc-linux-gnu/nios2-elf/lib/libc.a(lib_a-fvwrite.o)
                              /home/jaschutte/Applications/Quartus/nios2eds/bin/gnu/H-x86_64-pc-linux-gnu/bin/../lib/gcc/nios2-elf/5.3.0/../../../../../H-x86_64-pc-linux-gnu/nios2-elf/lib/libc.a(lib_a-puts.o) (__sfvwrite_r)
/home/jaschutte/Applications/Quartus/nios2eds/bin/gnu/H-x86_64-pc-linux-gnu/bin/../lib/gcc/nios2-elf/5.3.0/../../../../../H-x86_64-pc-linux-gnu/nios2-elf/lib/libc.a(lib_a-fwalk.o)
                              /home/jaschutte/Applications/Quartus/nios2eds/bin/gnu/H-x86_64-pc-linux-gnu/bin/../lib/gcc/nios2-elf/5.3.0/../../../../../H-x86_64-pc-linux-gnu/nios2-elf/lib/libc.a(lib_a-findfp.o) (_fwalk)
/home/jaschutte/Applications/Quartus/nios2eds/bin/gnu/H-x86_64-pc-linux-gnu/bin/../lib/gcc/nios2-elf/5.3.0/../../../../../H-x86_64-pc-linux-gnu/nios2-elf/lib/libc.a(lib_a-impure.o)
                              /home/jaschutte/Applications/Quartus/nios2eds/bin/gnu/H-x86_64-pc-linux-gnu/bin/../lib/gcc/nios2-elf/5.3.0/../../../../../H-x86_64-pc-linux-gnu/nios2-elf/lib/libc.a(lib_a-fflush.o) (_global_impure_ptr)
/home/jaschutte/Applications/Quartus/nios2eds/bin/gnu/H-x86_64-pc-linux-gnu/bin/../lib/gcc/nios2-elf/5.3.0/../../../../../H-x86_64-pc-linux-gnu/nios2-elf/lib/libc.a(lib_a-locale.o)
[...]
Memory Configuration

Name             Origin             Length             Attributes
new_sdram_controller_0 0x0000000000800000 0x0000000000800000
reset            0x0000000001080000 0x0000000000000020
onchip_memory2_0 0x0000000001080020 0x0000000000061a60
*default*        0x0000000000000000 0xffffffffffffffff

Linker script and memory map

LOAD ../gameconsole_bsp//obj/HAL/src/crt0.o
LOAD obj/default/hello_world.o
LOAD /home/jaschutte/Applications/Quartus/nios2eds/bin/gnu/H-x86_64-pc-linux-gnu/bin/../lib/gcc/nios2-elf/5.3.0/../../../../../H-x86_64-pc-linux-gnu/nios2-elf/lib/libstdc++.a
LOAD /home/jaschutte/Applications/Quartus/nios2eds/bin/gnu/H-x86_64-pc-linux-gnu/bin/../lib/gcc/nios2-elf/5.3.0/../../../../../H-x86_64-pc-linux-gnu/nios2-elf/lib/libm.a
LOAD /home/jaschutte/Applications/Quartus/nios2eds/bin/gnu/H-x86_64-pc-linux-gnu/bin/../lib/gcc/nios2-elf/5.3.0/libgcc.a
START GROUP
LOAD /home/jaschutte/Applications/Quartus/nios2eds/bin/gnu/H-x86_64-pc-linux-gnu/bin/../lib/gcc/nios2-elf/5.3.0/../../../../../H-x86_64-pc-linux-gnu/nios2-elf/lib/libc.a
LOAD /home/jaschutte/Applications/Quartus/nios2eds/bin/gnu/H-x86_64-pc-linux-gnu/bin/../lib/gcc/nios2-elf/5.3.0/libgcc.a
LOAD ../gameconsole_bsp//libhal_bsp.a
LOAD /home/jaschutte/Applications/Quartus/nios2eds/bin/gnu/H-x86_64-pc-linux-gnu/bin/../lib/gcc/nios2-elf/5.3.0/../../../../../H-x86_64-pc-linux-gnu/nios2-elf/lib/libm.a
END GROUP
LOAD /home/jaschutte/Applications/Quartus/nios2eds/bin/gnu/H-x86_64-pc-linux-gnu/bin/../lib/gcc/nios2-elf/5.3.0/libgcc.a
                0x0000000000800000                __alt_mem_new_sdram_controller_0 = 0x800000
                0x0000000001080000                __alt_mem_onchip_memory2_0 = 0x1080000

.entry          0x0000000001080000       0x20
 *(.entry)
 .entry         0x0000000001080000       0x20 ../gameconsole_bsp//obj/HAL/src/crt0.o
                0x0000000001080000                __reset

.exceptions     0x0000000001080020      0x228
                0x0000000001080020                PROVIDE (__ram_exceptions_start, ABSOLUTE (.))
                0x0000000001080020                . = ALIGN (0x20)
 *(.irq)
 *(.exceptions.entry.label)
 .exceptions.entry.label
                0x0000000001080020        0x0 ../gameconsole_bsp//libhal_bsp.a(alt_irq_entry.o)
                0x0000000001080020                alt_irq_entry
 .exceptions.entry.label
                0x0000000001080020        0x0 ../gameconsole_bsp//libhal_bsp.a(alt_exception_entry.o)
                0x0000000001080020                alt_exception
 *(.exceptions.entry.user)
 *(.exceptions.entry.ecc_fatal)
 *(.exceptions.entry)
 .exceptions.entry
                0x0000000001080020       0x54 ../gameconsole_bsp//libhal_bsp.a(alt_exception_entry.o)
 *(.exceptions.irqtest.user)
 *(.exceptions.irqtest)
 .exceptions.irqtest
                0x0000000001080074       0x10 ../gameconsole_bsp//libhal_bsp.a(alt_irq_entry.o)
 *(.exceptions.irqhandler.user)
 *(.exceptions.irqhandler)
 .exceptions.irqhandler
                0x0000000001080084        0x4 ../gameconsole_bsp//libhal_bsp.a(alt_irq_entry.o)
 *(.exceptions.irqreturn.user)
 *(.exceptions.irqreturn)
 .exceptions.irqreturn
                0x0000000001080088        0x4 ../gameconsole_bsp//libhal_bsp.a(alt_irq_entry.o)
 *(.exceptions.notirq.label)
 .exceptions.notirq.label
                0x000000000108008c        0x0 ../gameconsole_bsp//libhal_bsp.a(alt_irq_entry.o)
 *(.exceptions.notirq.user)
 *(.exceptions.notirq)
 .exceptions.notirq
                0x000000000108008c        0x8 ../gameconsole_bsp//libhal_bsp.a(alt_exception_entry.o)
 *(.exceptions.soft.user)
 *(.exceptions.soft)
 *(.exceptions.unknown.user)
 *(.exceptions.unknown)
 .exceptions.unknown
                0x0000000001080094       0x14 ../gameconsole_bsp//libhal_bsp.a(alt_exception_entry.o)
 *(.exceptions.exit.label)
 .exceptions.exit.label
                0x00000000010800a8        0x0 ../gameconsole_bsp//libhal_bsp.a(alt_irq_entry.o)
 .exceptions.exit.label
                0x00000000010800a8        0x0 ../gameconsole_bsp//libhal_bsp.a(alt_exception_entry.o)
 *(.exceptions.exit.user)
 *(.exceptions.exit)
 .exceptions.exit
                0x00000000010800a8       0x54 ../gameconsole_bsp//libhal_bsp.a(alt_exception_entry.o)
 *(.exceptions)
 .exceptions    0x00000000010800fc       0xd8 ../gameconsole_bsp//libhal_bsp.a(alt_irq_handler.o)
                0x00000000010800fc                alt_irq_handler
 .exceptions    0x00000000010801d4       0x74 ../gameconsole_bsp//libhal_bsp.a(alt_instruction_exception_entry.o)
                0x00000000010801d4                alt_instruction_exception_entry
                0x0000000001080248                PROVIDE (__ram_exceptions_end, ABSOLUTE (.))
                0x0000000001080020                PROVIDE (__flash_exceptions_start, LOADADDR (.exceptions))

.text           0x0000000001080248     0xf01c
                [!provide]                        PROVIDE (stext, ABSOLUTE (.))
 *(.interp)
 *(.hash)
 *(.dynsym)
 *(.dynstr)
 *(.gnu.version)
 *(.gnu.version_d)
 *(.gnu.version_r)
 *(.rel.init)
 *(.rela.init)
 *(.rel.text .rel.text.* .rel.gnu.linkonce.t.*)
 *(.rela.text .rela.text.* .rela.gnu.linkonce.t.*)
 *(.rel.fini)
 *(.rela.fini)
 *(.rel.rodata .rel.rodata.* .rel.gnu.linkonce.r.*)
 *(.rela.rodata .rela.rodata.* .rela.gnu.linkonce.r.*)
 *(.rel.data .rel.data.* .rel.gnu.linkonce.d.*)
 *(.rela.data .rela.data.* .rela.gnu.linkonce.d.*)
 *(.rel.tdata .rel.tdata.* .rel.gnu.linkonce.td.*)
 *(.rela.tdata .rela.tdata.* .rela.gnu.linkonce.td.*)
 *(.rel.tbss .rel.tbss.* .rel.gnu.linkonce.tb.*)
 *(.rela.tbss .rela.tbss.* .rela.gnu.linkonce.tb.*)
 *(.rel.ctors)
 *(.rela.ctors)
 *(.rel.dtors)
 *(.rela.dtors)
 *(.rel.got)
 *(.rela.got)
 *(.rel.sdata .rel.sdata.* .rel.gnu.linkonce.s.*)
 *(.rela.sdata .rela.sdata.* .rela.gnu.linkonce.s.*)
 *(.rel.sbss .rel.sbss.* .rel.gnu.linkonce.sb.*)
 *(.rela.sbss .rela.sbss.* .rela.gnu.linkonce.sb.*)
 *(.rel.sdata2 .rel.sdata2.* .rel.gnu.linkonce.s2.*)
 *(.rela.sdata2 .rela.sdata2.* .rela.gnu.linkonce.s2.*)
 *(.rel.sbss2 .rel.sbss2.* .rel.gnu.linkonce.sb2.*)
 *(.rela.sbss2 .rela.sbss2.* .rela.gnu.linkonce.sb2.*)
 *(.rel.bss .rel.bss.* .rel.gnu.linkonce.b.*)
 *(.rela.bss .rela.bss.* .rela.gnu.linkonce.b.*)
 *(.rel.plt)
 *(.rela.plt)
 *(.rel.dyn)
 *(.init)
 *(.plt)
 *(.text .stub .text.* .gnu.linkonce.t.*)
 .text          0x0000000001080248       0x4c ../gameconsole_bsp//obj/HAL/src/crt0.o
                0x0000000001080248                _start
 .text          0x0000000001080294      0x12c obj/default/hello_world.o
                0x0000000001080294                return_color_irq
                0x00000000010802ec                main
 .text          0x00000000010803c0        0x0 /home/jaschutte/Applications/Quartus/nios2eds/bin/gnu/H-x86_64-pc-linux-gnu/bin/../lib/gcc/nios2-elf/5.3.0/../../../../../H-x86_64-pc-linux-gnu/nios2-elf/lib/libc.a(lib_a-printf.o)
 .text._printf_r
                0x00000000010803c0       0x30 /home/jaschutte/Applications/Quartus/nios2eds/bin/gnu/H-x86_64-pc-linux-gnu/bin/../lib/gcc/nios2-elf/5.3.0/../../../../../H-x86_64-pc-linux-gnu/nios2-elf/lib/libc.a(lib_a-printf.o)
                0x00000000010803c0                _printf_r
 .text.printf   0x00000000010803f0       0x3c /home/jaschutte/Applications/Quartus/nios2eds/bin/gnu/H-x86_64-pc-linux-gnu/bin/../lib/gcc/nios2-elf/5.3.0/../../../../../H-x86_64-pc-linux-gnu/nios2-elf/lib/libc.a(lib_a-printf.o)
                0x00000000010803f0                printf
 .text          0x000000000108042c        0x0 /home/jaschutte/Applications/Quartus/nios2eds/bin/gnu/H-x86_64-pc-linux-gnu/bin/../lib/gcc/nios2-elf/5.3.0/../../../../../H-x86_64-pc-linux-gnu/nios2-elf/lib/libc.a(lib_a-puts.o)
 .text._puts_r  0x000000000108042c       0xc0 /home/jaschutte/Applications/Quartus/nios2eds/bin/gnu/H-x86_64-pc-linux-gnu/bin/../lib/gcc/nios2-elf/5.3.0/../../../../../H-x86_64-pc-linux-gnu/nios2-elf/lib/libc.a(lib_a-puts.o)
                0x000000000108042c                _puts_r
 .text.puts     0x00000000010804ec       0x14 /home/jaschutte/Applications/Quartus/nios2eds/bin/gnu/H-x86_64-pc-linux-gnu/bin/../lib/gcc/nios2-elf/5.3.0/../../../../../H-x86_64-pc-linux-gnu/nios2-elf/lib/libc.a(lib_a-puts.o)
                0x00000000010804ec                puts
 .text          0x0000000001080500        0x0 /home/jaschutte/Applications/Quartus/nios2eds/bin/gnu/H-x86_64-pc-linux-gnu/bin/../lib/gcc/nios2-elf/5.3.0/../../../../../H-x86_64-pc-linux-gnu/nios2-elf/lib/libc.a(lib_a-strlen.o)
 .text.strlen   0x0000000001080500       0x98 /home/jaschutte/Applications/Quartus/nios2eds/bin/gnu/H-x86_64-pc-linux-gnu/bin/../lib/gcc/nios2-elf/5.3.0/../../../../../H-x86_64-pc-linux-gnu/nios2-elf/lib/libc.a(lib_a-strlen.o)
                0x0000000001080500                strlen
 .text          0x0000000001080598        0x0 /home/jaschutte/Applications/Quartus/nios2eds/bin/gnu/H-x86_64-pc-linux-gnu/bin/../lib/gcc/nios2-elf/5.3.0/../../../../../H-x86_64-pc-linux-gnu/nios2-elf/lib/libc.a(lib_a-vfprintf.o)
 .text.___vfprintf_internal_r
                0x0000000001080598     0x21f8 /home/jaschutte/Applications/Quartus/nios2eds/bin/gnu/H-x86_64-pc-linux-gnu/bin/../lib/gcc/nios2-elf/5.3.0/../../../../../H-x86_64-pc-linux-gnu/nios2-elf/lib/libc.a(lib_a-vfprintf.o)
                0x0000000001080598                ___vfprintf_internal_r
 .text.__vfprintf_internal
                0x0000000001082790       0x1c /home/jaschutte/Applications/Quartus/nios2eds/bin/gnu/H-x86_64-pc-linux-gnu/bin/../lib/gcc/nios2-elf/5.3.0/../../../../../H-x86_64-pc-linux-gnu/nios2-elf/lib/libc.a(lib_a-vfprintf.o)
                0x0000000001082790                __vfprintf_internal
 .text.__sbprintf
                0x00000000010827ac       0xbc /home/jaschutte/Applications/Quartus/nios2eds/bin/gnu/H-x86_64-pc-linux-gnu/bin/../lib/gcc/nios2-elf/5.3.0/../../../../../H-x86_64-pc-linux-gnu/nios2-elf/lib/libc.a(lib_a-vfprintf.o)
 .text          0x0000000001082868        0x0 /home/jaschutte/Applications/Quartus/nios2eds/bin/gnu/H-x86_64-pc-linux-gnu/bin/../lib/gcc/nios2-elf/5.3.0/../../../../../H-x86_64-pc-linux-gnu/nios2-elf/lib/libc.a(lib_a-wsetup.o)
 .text.__swsetup_r
                0x0000000001082868      0x154 /home/jaschutte/Applications/Quartus/nios2eds/bin/gnu/H-x86_64-pc-linux-gnu/bin/../lib/gcc/nios2-elf/5.3.0/../../../../../H-x86_64-pc-linux-gnu/nios2-elf/lib/libc.a(lib_a-wsetup.o)
                0x0000000001082868                __swsetup_r
 .text          0x00000000010829bc        0x0 /home/jaschutte/Applications/Quartus/nios2eds/bin/gnu/H-x86_64-pc-linux-gnu/bin/../lib/gcc/nios2-elf/5.3.0/../../../../../H-x86_64-pc-linux-gnu/nios2-elf/lib/libc.a(lib_a-dtoa.o)
 .text.quorem   0x00000000010829bc      0x200 /home/jaschutte/Applications/Quartus/nios2eds/bin/gnu/H-x86_64-pc-linux-gnu/bin/../lib/gcc/nios2-elf/5.3.0/../../../../../H-x86_64-pc-linux-gnu/nios2-elf/lib/libc.a(lib_a-dtoa.o)
 .text._dtoa_r  0x0000000001082bbc     0x1688 /home/jaschutte/Applications/Quartus/nios2eds/bin/gnu/H-x86_64-pc-linux-gnu/bin/../lib/gcc/nios2-elf/5.3.0/../../../../../H-x86_64-pc-linux-gnu/nios2-elf/lib/libc.a(lib_a-dtoa.o)
                0x0000000001082bbc                _dtoa_r
 .text          0x0000000001084244        0x0 /home/jaschutte/Applications/Quartus/nios2eds/bin/gnu/H-x86_64-pc-linux-gnu/bin/../lib/gcc/nios2-elf/5.3.0/../../../../../H-x86_64-pc-linux-gnu/nios2-elf/lib/libc.a(lib_a-fflush.o)
 .text.__sflush_r
                0x0000000001084244      0x21c /home/jaschutte/Applications/Quartus/nios2eds/bin/gnu/H-x86_64-pc-linux-gnu/bin/../lib/gcc/nios2-elf/5.3.0/../../../../../H-x86_64-pc-linux-gnu/nios2-elf/lib/libc.a(lib_a-fflush.o)
                0x0000000001084244                __sflush_r
 .text._fflush_r
                0x0000000001084460       0x5c /home/jaschutte/Applications/Quartus/nios2eds/bin/gnu/H-x86_64-pc-linux-gnu/bin/../lib/gcc/nios2-elf/5.3.0/../../../../../H-x86_64-pc-linux-gnu/nios2-elf/lib/libc.a(lib_a-fflush.o)
                0x0000000001084460                _fflush_r
 .text.fflush   0x00000000010844bc       0x30 /home/jaschutte/Applications/Quartus/nios2eds/bin/gnu/H-x86_64-pc-linux-gnu/bin/../lib/gcc/nios2-elf/5.3.0/../../../../../H-x86_64-pc-linux-gnu/nios2-elf/lib/libc.a(lib_a-fflush.o)
                0x00000000010844bc                fflush
 .text          0x00000000010844ec        0x0 /home/jaschutte/Applications/Quartus/nios2eds/bin/gnu/H-x86_64-pc-linux-gnu/bin/../lib/gcc/nios2-elf/5.3.0/../../../../../H-x86_64-pc-linux-gnu/nios2-elf/lib/libc.a(lib_a-findfp.o)
 .text.__fp_unlock
                0x00000000010844ec        0x8 /home/jaschutte/Applications/Quartus/nios2eds/bin/gnu/H-x86_64-pc-linux-gnu/bin/../lib/gcc/nios2-elf/5.3.0/../../../../../H-x86_64-pc-linux-gnu/nios2-elf/lib/libc.a(lib_a-findfp.o)
 .text._cleanup_r
                0x00000000010844f4        0xc /home/jaschutte/Applications/Quartus/nios2eds/bin/gnu/H-x86_64-pc-linux-gnu/bin/../lib/gcc/nios2-elf/5.3.0/../../../../../H-x86_64-pc-linux-gnu/nios2-elf/lib/libc.a(lib_a-findfp.o)
                0x00000000010844f4                _cleanup_r
 .text.__sinit.part.1
                0x0000000001084500      0x19c /home/jaschutte/Applications/Quartus/nios2eds/bin/gnu/H-x86_64-pc-linux-gnu/bin/../lib/gcc/nios2-elf/5.3.0/../../../../../H-x86_64-pc-linux-gnu/nios2-elf/lib/libc.a(lib_a-findfp.o)
 .text.__fp_lock
                0x000000000108469c        0x8 /home/jaschutte/Applications/Quartus/nios2eds/bin/gnu/H-x86_64-pc-linux-gnu/bin/../lib/gcc/nios2-elf/5.3.0/../../../../../H-x86_64-pc-linux-gnu/nios2-elf/lib/libc.a(lib_a-findfp.o)
 .text.__sfmoreglue
                0x00000000010846a4       0x68 /home/jaschutte/Applications/Quartus/nios2eds/bin/gnu/H-x86_64-pc-linux-gnu/bin/../lib/gcc/nios2-elf/5.3.0/../../../../../H-x86_64-pc-linux-gnu/nios2-elf/lib/libc.a(lib_a-findfp.o)
                0x00000000010846a4                __sfmoreglue
 .text.__sfp    0x000000000108470c      0x118 /home/jaschutte/Applications/Quartus/nios2eds/bin/gnu/H-x86_64-pc-linux-gnu/bin/../lib/gcc/nios2-elf/5.3.0/../../../../../H-x86_64-pc-linux-gnu/nios2-elf/lib/libc.a(lib_a-findfp.o)
                0x000000000108470c                __sfp
 .text._cleanup
                0x0000000001084824       0x18 /home/jaschutte/Applications/Quartus/nios2eds/bin/gnu/H-x86_64-pc-linux-gnu/bin/../lib/gcc/nios2-elf/5.3.0/../../../../../H-x86_64-pc-linux-gnu/nios2-elf/lib/libc.a(lib_a-findfp.o)
                0x0000000001084824                _cleanup
 .text.__sinit  0x000000000108483c       0x10 /home/jaschutte/Applications/Quartus/nios2eds/bin/gnu/H-x86_64-pc-linux-gnu/bin/../lib/gcc/nios2-elf/5.3.0/../../../../../H-x86_64-pc-linux-gnu/nios2-elf/lib/libc.a(lib_a-findfp.o)
                0x000000000108483c                __sinit
 .text.__sfp_lock_acquire
                0x000000000108484c        0x4 /home/jaschutte/Applications/Quartus/nios2eds/bin/gnu/H-x86_64-pc-linux-gnu/bin/../lib/gcc/nios2-elf/5.3.0/../../../../../H-x86_64-pc-linux-gnu/nios2-elf/lib/libc.a(lib_a-findfp.o)
                0x000000000108484c                __sfp_lock_acquire
 .text.__sfp_lock_release
                0x0000000001084850        0x4 /home/jaschutte/Applications/Quartus/nios2eds/bin/gnu/H-x86_64-pc-linux-gnu/bin/../lib/gcc/nios2-elf/5.3.0/../../../../../H-x86_64-pc-linux-gnu/nios2-elf/lib/libc.a(lib_a-findfp.o)
                0x0000000001084850                __sfp_lock_release
 .text.__sinit_lock_acquire
                0x0000000001084854        0x4 /home/jaschutte/Applications/Quartus/nios2eds/bin/gnu/H-x86_64-pc-linux-gnu/bin/../lib/gcc/nios2-elf/5.3.0/../../../../../H-x86_64-pc-linux-gnu/nios2-elf/lib/libc.a(lib_a-findfp.o)
                0x0000000001084854                __sinit_lock_acquire
 .text.__sinit_lock_release
                0x0000000001084858        0x4 /home/jaschutte/Applications/Quartus/nios2eds/bin/gnu/H-x86_64-pc-linux-gnu/bin/../lib/gcc/nios2-elf/5.3.0/../../../../../H-x86_64-pc-linux-gnu/nios2-elf/lib/libc.a(lib_a-findfp.o)
                0x0000000001084858                __sinit_lock_release
 .text.__fp_lock_all
                0x000000000108485c       0x18 /home/jaschutte/Applications/Quartus/nios2eds/bin/gnu/H-x86_64-pc-linux-gnu/bin/../lib/gcc/nios2-elf/5.3.0/../../../../../H-x86_64-pc-linux-gnu/nios2-elf/lib/libc.a(lib_a-findfp.o)
                0x000000000108485c                __fp_lock_all
 .text.__fp_unlock_all
                0x0000000001084874       0x18 /home/jaschutte/Applications/Quartus/nios2eds/bin/gnu/H-x86_64-pc-linux-gnu/bin/../lib/gcc/nios2-elf/5.3.0/../../../../../H-x86_64-pc-linux-gnu/nios2-elf/lib/libc.a(lib_a-findfp.o)
                0x0000000001084874                __fp_unlock_all
 .text          0x000000000108488c        0x0 /home/jaschutte/Applications/Quartus/nios2eds/bin/gnu/H-x86_64-pc-linux-gnu/bin/../lib/gcc/nios2-elf/5.3.0/../../../../../H-x86_64-pc-linux-gnu/nios2-elf/lib/libc.a(lib_a-freer.o)
 .text._malloc_trim_r
                0x000000000108488c      0x124 /home/jaschutte/Applications/Quartus/nios2eds/bin/gnu/H-x86_64-pc-linux-gnu/bin/../lib/gcc/nios2-elf/5.3.0/../../../../../H-x86_64-pc-linux-gnu/nios2-elf/lib/libc.a(lib_a-freer.o)
                0x000000000108488c                _malloc_trim_r
 .text._free_r  0x00000000010849b0      0x310 /home/jaschutte/Applications/Quartus/nios2eds/bin/gnu/H-x86_64-pc-linux-gnu/bin/../lib/gcc/nios2-elf/5.3.0/../../../../../H-x86_64-pc-linux-gnu/nios2-elf/lib/libc.a(lib_a-freer.o)
                0x00000000010849b0                _free_r
 .text          0x0000000001084cc0        0x0 /home/jaschutte/Applications/Quartus/nios2eds/bin/gnu/H-x86_64-pc-linux-gnu/bin/../lib/gcc/nios2-elf/5.3.0/../../../../../H-x86_64-pc-linux-gnu/nios2-elf/lib/libc.a(lib_a-fvwrite.o)
 .text.__sfvwrite_r
                0x0000000001084cc0      0x4bc /home/jaschutte/Applications/Quartus/nios2eds/bin/gnu/H-x86_64-pc-linux-gnu/bin/../lib/gcc/nios2-elf/5.3.0/../../../../../H-x86_64-pc-linux-gnu/nios2-elf/lib/libc.a(lib_a-fvwrite.o)
                0x0000000001084cc0                __sfvwrite_r
 .text          0x000000000108517c        0x0 /home/jaschutte/Applications/Quartus/nios2eds/bin/gnu/H-x86_64-pc-linux-gnu/bin/../lib/gcc/nios2-elf/5.3.0/../../../../../H-x86_64-pc-linux-gnu/nios2-elf/lib/libc.a(lib_a-fwalk.o)
 .text._fwalk   0x000000000108517c       0xc4 /home/jaschutte/Applications/Quartus/nios2eds/bin/gnu/H-x86_64-pc-linux-gnu/bin/../lib/gcc/nios2-elf/5.3.0/../../../../../H-x86_64-pc-linux-gnu/nios2-elf/lib/libc.a(lib_a-fwalk.o)
                0x000000000108517c                _fwalk
 .text._fwalk_reent
                0x0000000001085240       0xc4 /home/jaschutte/Applications/Quartus/nios2eds/bin/gnu/H-x86_64-pc-linux-gnu/bin/../lib/gcc/nios2-elf/5.3.0/../../../../../H-x86_64-pc-linux-gnu/nios2-elf/lib/libc.a(lib_a-fwalk.o)
                0x0000000001085240                _fwalk_reent
 .text          0x0000000001085304        0x0 /home/jaschutte/Applications/Quartus/nios2eds/bin/gnu/H-x86_64-pc-linux-gnu/bin/../lib/gcc/nios2-elf/5.3.0/../../../../../H-x86_64-pc-linux-gnu/nios2-elf/lib/libc.a(lib_a-impure.o)
 .text          0x0000000001085304        0x0 /home/jaschutte/Applications/Quartus/nios2eds/bin/gnu/H-x86_64-pc-linux-gnu/bin/../lib/gcc/nios2-elf/5.3.0/../../../../../H-x86_64-pc-linux-gnu/nios2-elf/lib/libc.a(lib_a-locale.o)
 .text._setlocale_r
                0x0000000001085304       0x7c /home/jaschutte/Applications/Quartus/nios2eds/bin/gnu/H-x86_64-pc-linux-gnu/bin/../lib/gcc/nios2-elf/5.3.0/../../../../../H-x86_64-pc-linux-gnu/nios2-elf/lib/libc.a(lib_a-locale.o)
                0x0000000001085304                _setlocale_r
 .text.__locale_charset
                0x0000000001085380        0xc /home/jaschutte/Applications/Quartus/nios2eds/bin/gnu/H-x86_64-pc-linux-gnu/bin/../lib/gcc/nios2-elf/5.3.0/../../../../../H-x86_64-pc-linux-gnu/nios2-elf/lib/libc.a(lib_a-locale.o)
                0x0000000001085380                __locale_charset
 .text.__locale_mb_cur_max
                0x000000000108538c       0x10 /home/jaschutte/Applications/Quartus/nios2eds/bin/gnu/H-x86_64-pc-linux-gnu/bin/../lib/gcc/nios2-elf/5.3.0/../../../../../H-x86_64-pc-linux-gnu/nios2-elf/lib/libc.a(lib_a-locale.o)
                0x000000000108538c                __locale_mb_cur_max
 .text.__locale_msgcharset
                0x000000000108539c        0xc /home/jaschutte/Applications/Quartus/nios2eds/bin/gnu/H-x86_64-pc-linux-gnu/bin/../lib/gcc/nios2-elf/5.3.0/../../../../../H-x86_64-pc-linux-gnu/nios2-elf/lib/libc.a(lib_a-locale.o)
                0x000000000108539c                __locale_msgcharset
 .text.__locale_cjk_lang
                0x00000000010853a8        0x8 /home/jaschutte/Applications/Quartus/nios2eds/bin/gnu/H-x86_64-pc-linux-gnu/bin/../lib/gcc/nios2-elf/5.3.0/../../../../../H-x86_64-pc-linux-gnu/nios2-elf/lib/libc.a(lib_a-locale.o)
                0x00000000010853a8                __locale_cjk_lang
 .text._localeconv_r
                0x00000000010853b0        0xc /home/jaschutte/Applications/Quartus/nios2eds/bin/gnu/H-x86_64-pc-linux-gnu/bin/../lib/gcc/nios2-elf/5.3.0/../../../../../H-x86_64-pc-linux-gnu/nios2-elf/lib/libc.a(lib_a-locale.o)
                0x00000000010853b0                _localeconv_r
 .text.setlocale
                0x00000000010853bc       0x18 /home/jaschutte/Applications/Quartus/nios2eds/bin/gnu/H-x86_64-pc-linux-gnu/bin/../lib/gcc/nios2-elf/5.3.0/../../../../../H-x86_64-pc-linux-gnu/nios2-elf/lib/libc.a(lib_a-locale.o)
                0x00000000010853bc                setlocale
 .text.localeconv
                0x00000000010853d4        0xc /home/jaschutte/Applications/Quartus/nios2eds/bin/gnu/H-x86_64-pc-linux-gnu/bin/../lib/gcc/nios2-elf/5.3.0/../../../../../H-x86_64-pc-linux-gnu/nios2-elf/lib/libc.a(lib_a-locale.o)
                0x00000000010853d4                localeconv
 .text          0x00000000010853e0        0x0 /home/jaschutte/Applications/Quartus/nios2eds/bin/gnu/H-x86_64-pc-linux-gnu/bin/../lib/gcc/nios2-elf/5.3.0/../../../../../H-x86_64-pc-linux-gnu/nios2-elf/lib/libc.a(lib_a-makebuf.o)
 .text.__smakebuf_r
                0x00000000010853e0      0x1bc /home/jaschutte/Applications/Quartus/nios2eds/bin/gnu/H-x86_64-pc-linux-gnu/bin/../lib/gcc/nios2-elf/5.3.0/../../../../../H-x86_64-pc-linux-gnu/nios2-elf/lib/libc.a(lib_a-makebuf.o)
                0x00000000010853e0                __smakebuf_r
 .text          0x000000000108559c        0x0 /home/jaschutte/Applications/Quartus/nios2eds/bin/gnu/H-x86_64-pc-linux-gnu/bin/../lib/gcc/nios2-elf/5.3.0/../../../../../H-x86_64-pc-linux-gnu/nios2-elf/lib/libc.a(lib_a-mallocr.o)
 .text._malloc_r
                0x000000000108559c      0x80c /home/jaschutte/Applications/Quartus/nios2eds/bin/gnu/H-x86_64-pc-linux-gnu/bin/../lib/gcc/nios2-elf/5.3.0/../../../../../H-x86_64-pc-linux-gnu/nios2-elf/lib/libc.a(lib_a-mallocr.o)
                0x000000000108559c                _malloc_r
 .text          0x0000000001085da8        0x0 /home/jaschutte/Applications/Quartus/nios2eds/bin/gnu/H-x86_64-pc-linux-gnu/bin/../lib/gcc/nios2-elf/5.3.0/../../../../../H-x86_64-pc-linux-gnu/nios2-elf/lib/libc.a(lib_a-memchr.o)
 .text.memchr   0x0000000001085da8       0xe4 /home/jaschutte/Applications/Quartus/nios2eds/bin/gnu/H-x86_64-pc-linux-gnu/bin/../lib/gcc/nios2-elf/5.3.0/../../../../../H-x86_64-pc-linux-gnu/nios2-elf/lib/libc.a(lib_a-memchr.o)
                0x0000000001085da8                memchr
 .text          0x0000000001085e8c        0x0 /home/jaschutte/Applications/Quartus/nios2eds/bin/gnu/H-x86_64-pc-linux-gnu/bin/../lib/gcc/nios2-elf/5.3.0/../../../../../H-x86_64-pc-linux-gnu/nios2-elf/lib/libc.a(lib_a-memcpy.o)
 .text.memcpy   0x0000000001085e8c      0x148 /home/jaschutte/Applications/Quartus/nios2eds/bin/gnu/H-x86_64-pc-linux-gnu/bin/../lib/gcc/nios2-elf/5.3.0/../../../../../H-x86_64-pc-linux-gnu/nios2-elf/lib/libc.a(lib_a-memcpy.o)
                0x0000000001085e8c                memcpy
 .text          0x0000000001085fd4        0x0 /home/jaschutte/Applications/Quartus/nios2eds/bin/gnu/H-x86_64-pc-linux-gnu/bin/../lib/gcc/nios2-elf/5.3.0/../../../../../H-x86_64-pc-linux-gnu/nios2-elf/lib/libc.a(lib_a-memmove.o)
 .text.memmove  0x0000000001085fd4      0x15c /home/jaschutte/Applications/Quartus/nios2eds/bin/gnu/H-x86_64-pc-linux-gnu/bin/../lib/gcc/nios2-elf/5.3.0/../../../../../H-x86_64-pc-linux-gnu/nios2-elf/lib/libc.a(lib_a-memmove.o)
                0x0000000001085fd4                memmove
 .text          0x0000000001086130        0x0 /home/jaschutte/Applications/Quartus/nios2eds/bin/gnu/H-x86_64-pc-linux-gnu/bin/../lib/gcc/nios2-elf/5.3.0/../../../../../H-x86_64-pc-linux-gnu/nios2-elf/lib/libc.a(lib_a-memset.o)
 .text.memset   0x0000000001086130      0x128 /home/jaschutte/Applications/Quartus/nios2eds/bin/gnu/H-x86_64-pc-linux-gnu/bin/../lib/gcc/nios2-elf/5.3.0/../../../../../H-x86_64-pc-linux-gnu/nios2-elf/lib/libc.a(lib_a-memset.o)
                0x0000000001086130                memset
 .text          0x0000000001086258        0x0 /home/jaschutte/Applications/Quartus/nios2eds/bin/gnu/H-x86_64-pc-linux-gnu/bin/../lib/gcc/nios2-elf/5.3.0/../../../../../H-x86_64-pc-linux-gnu/nios2-elf/lib/libc.a(lib_a-mprec.o)
 .text._Balloc  0x0000000001086258       0xa8 /home/jaschutte/Applications/Quartus/nios2eds/bin/gnu/H-x86_64-pc-linux-gnu/bin/../lib/gcc/nios2-elf/5.3.0/../../../../../H-x86_64-pc-linux-gnu/nios2-elf/lib/libc.a(lib_a-mprec.o)
                0x0000000001086258                _Balloc
 .text._Bfree   0x0000000001086300       0x28 /home/jaschutte/Applications/Quartus/nios2eds/bin/gnu/H-x86_64-pc-linux-gnu/bin/../lib/gcc/nios2-elf/5.3.0/../../../../../H-x86_64-pc-linux-gnu/nios2-elf/lib/libc.a(lib_a-mprec.o)
                0x0000000001086300                _Bfree
 .text.__multadd
                0x0000000001086328      0x120 /home/jaschutte/Applications/Quartus/nios2eds/bin/gnu/H-x86_64-pc-linux-gnu/bin/../lib/gcc/nios2-elf/5.3.0/../../../../../H-x86_64-pc-linux-gnu/nios2-elf/lib/libc.a(lib_a-mprec.o)
                0x0000000001086328                __multadd
 .text.__s2b    0x0000000001086448      0x104 /home/jaschutte/Applications/Quartus/nios2eds/bin/gnu/H-x86_64-pc-linux-gnu/bin/../lib/gcc/nios2-elf/5.3.0/../../../../../H-x86_64-pc-linux-gnu/nios2-elf/lib/libc.a(lib_a-mprec.o)
                0x0000000001086448                __s2b
 .text.__hi0bits
                0x000000000108654c       0x68 /home/jaschutte/Applications/Quartus/nios2eds/bin/gnu/H-x86_64-pc-linux-gnu/bin/../lib/gcc/nios2-elf/5.3.0/../../../../../H-x86_64-pc-linux-gnu/nios2-elf/lib/libc.a(lib_a-mprec.o)
                0x000000000108654c                __hi0bits
 .text.__lo0bits
                0x00000000010865b4       0xb0 /home/jaschutte/Applications/Quartus/nios2eds/bin/gnu/H-x86_64-pc-linux-gnu/bin/../lib/gcc/nios2-elf/5.3.0/../../../../../H-x86_64-pc-linux-gnu/nios2-elf/lib/libc.a(lib_a-mprec.o)
                0x00000000010865b4                __lo0bits
 .text.__i2b    0x0000000001086664       0x3c /home/jaschutte/Applications/Quartus/nios2eds/bin/gnu/H-x86_64-pc-linux-gnu/bin/../lib/gcc/nios2-elf/5.3.0/../../../../../H-x86_64-pc-linux-gnu/nios2-elf/lib/libc.a(lib_a-mprec.o)
                0x0000000001086664                __i2b
 .text.__multiply
                0x00000000010866a0      0x1f8 /home/jaschutte/Applications/Quartus/nios2eds/bin/gnu/H-x86_64-pc-linux-gnu/bin/../lib/gcc/nios2-elf/5.3.0/../../../../../H-x86_64-pc-linux-gnu/nios2-elf/lib/libc.a(lib_a-mprec.o)
                0x00000000010866a0                __multiply
 .text.__pow5mult
                0x0000000001086898      0x140 /home/jaschutte/Applications/Quartus/nios2eds/bin/gnu/H-x86_64-pc-linux-gnu/bin/../lib/gcc/nios2-elf/5.3.0/../../../../../H-x86_64-pc-linux-gnu/nios2-elf/lib/libc.a(lib_a-mprec.o)
                0x0000000001086898                __pow5mult
 .text.__lshift
                0x00000000010869d8      0x148 /home/jaschutte/Applications/Quartus/nios2eds/bin/gnu/H-x86_64-pc-linux-gnu/bin/../lib/gcc/nios2-elf/5.3.0/../../../../../H-x86_64-pc-linux-gnu/nios2-elf/lib/libc.a(lib_a-mprec.o)
                0x00000000010869d8                __lshift
 .text.__mcmp   0x0000000001086b20       0x60 /home/jaschutte/Applications/Quartus/nios2eds/bin/gnu/H-x86_64-pc-linux-gnu/bin/../lib/gcc/nios2-elf/5.3.0/../../../../../H-x86_64-pc-linux-gnu/nios2-elf/lib/libc.a(lib_a-mprec.o)
                0x0000000001086b20                __mcmp
 .text.__mdiff  0x0000000001086b80      0x1fc /home/jaschutte/Applications/Quartus/nios2eds/bin/gnu/H-x86_64-pc-linux-gnu/bin/../lib/gcc/nios2-elf/5.3.0/../../../../../H-x86_64-pc-linux-gnu/nios2-elf/lib/libc.a(lib_a-mprec.o)
                0x0000000001086b80                __mdiff
 .text.__ulp    0x0000000001086d7c       0x64 /home/jaschutte/Applications/Quartus/nios2eds/bin/gnu/H-x86_64-pc-linux-gnu/bin/../lib/gcc/nios2-elf/5.3.0/../../../../../H-x86_64-pc-linux-gnu/nios2-elf/lib/libc.a(lib_a-mprec.o)
                0x0000000001086d7c                __ulp
 .text.__b2d    0x0000000001086de0      0x10c /home/jaschutte/Applications/Quartus/nios2eds/bin/gnu/H-x86_64-pc-linux-gnu/bin/../lib/gcc/nios2-elf/5.3.0/../../../../../H-x86_64-pc-linux-gnu/nios2-elf/lib/libc.a(lib_a-mprec.o)
                0x0000000001086de0                __b2d
 .text.__d2b    0x0000000001086eec      0x14c /home/jaschutte/Applications/Quartus/nios2eds/bin/gnu/H-x86_64-pc-linux-gnu/bin/../lib/gcc/nios2-elf/5.3.0/../../../../../H-x86_64-pc-linux-gnu/nios2-elf/lib/libc.a(lib_a-mprec.o)
                0x0000000001086eec                __d2b
 .text.__ratio  0x0000000001087038       0xa4 /home/jaschutte/Applications/Quartus/nios2eds/bin/gnu/H-x86_64-pc-linux-gnu/bin/../lib/gcc/nios2-elf/5.3.0/../../../../../H-x86_64-pc-linux-gnu/nios2-elf/lib/libc.a(lib_a-mprec.o)
                0x0000000001087038                __ratio
 .text._mprec_log10
                0x00000000010870dc       0x74 /home/jaschutte/Applications/Quartus/nios2eds/bin/gnu/H-x86_64-pc-linux-gnu/bin/../lib/gcc/nios2-elf/5.3.0/../../../../../H-x86_64-pc-linux-gnu/nios2-elf/lib/libc.a(lib_a-mprec.o)
                0x00000000010870dc                _mprec_log10
 .text.__copybits
                0x0000000001087150       0x78 /home/jaschutte/Applications/Quartus/nios2eds/bin/gnu/H-x86_64-pc-linux-gnu/bin/../lib/gcc/nios2-elf/5.3.0/../../../../../H-x86_64-pc-linux-gnu/nios2-elf/lib/libc.a(lib_a-mprec.o)
                0x0000000001087150                __copybits
 .text.__any_on
                0x00000000010871c8       0x8c /home/jaschutte/Applications/Quartus/nios2eds/bin/gnu/H-x86_64-pc-linux-gnu/bin/../lib/gcc/nios2-elf/5.3.0/../../../../../H-x86_64-pc-linux-gnu/nios2-elf/lib/libc.a(lib_a-mprec.o)
                0x00000000010871c8                __any_on
 .text          0x0000000001087254        0x0 /home/jaschutte/Applications/Quartus/nios2eds/bin/gnu/H-x86_64-pc-linux-gnu/bin/../lib/gcc/nios2-elf/5.3.0/../../../../../H-x86_64-pc-linux-gnu/nios2-elf/lib/libc.a(lib_a-reallocr.o)
 .text._realloc_r
                0x0000000001087254      0x564 /home/jaschutte/Applications/Quartus/nios2eds/bin/gnu/H-x86_64-pc-linux-gnu/bin/../lib/gcc/nios2-elf/5.3.0/../../../../../H-x86_64-pc-linux-gnu/nios2-elf/lib/libc.a(lib_a-reallocr.o)
                0x0000000001087254                _realloc_r
 .text          0x00000000010877b8        0x0 /home/jaschutte/Applications/Quartus/nios2eds/bin/gnu/H-x86_64-pc-linux-gnu/bin/../lib/gcc/nios2-elf/5.3.0/../../../../../H-x86_64-pc-linux-gnu/nios2-elf/lib/libc.a(lib_a-s_fpclassify.o)
 .text.__fpclassifyd
                0x00000000010877b8       0x74 /home/jaschutte/Applications/Quartus/nios2eds/bin/gnu/H-x86_64-pc-linux-gnu/bin/../lib/gcc/nios2-elf/5.3.0/../../../../../H-x86_64-pc-linux-gnu/nios2-elf/lib/libc.a(lib_a-s_fpclassify.o)
                0x00000000010877b8                __fpclassifyd
 .text          0x000000000108782c        0x0 /home/jaschutte/Applications/Quartus/nios2eds/bin/gnu/H-x86_64-pc-linux-gnu/bin/../lib/gcc/nios2-elf/5.3.0/../../../../../H-x86_64-pc-linux-gnu/nios2-elf/lib/libc.a(lib_a-sbrkr.o)
 .text._sbrk_r  0x000000000108782c       0x54 /home/jaschutte/Applications/Quartus/nios2eds/bin/gnu/H-x86_64-pc-linux-gnu/bin/../lib/gcc/nios2-elf/5.3.0/../../../../../H-x86_64-pc-linux-gnu/nios2-elf/lib/libc.a(lib_a-sbrkr.o)
                0x000000000108782c                _sbrk_r
 .text          0x0000000001087880        0x0 /home/jaschutte/Applications/Quartus/nios2eds/bin/gnu/H-x86_64-pc-linux-gnu/bin/../lib/gcc/nios2-elf/5.3.0/../../../../../H-x86_64-pc-linux-gnu/nios2-elf/lib/libc.a(lib_a-stdio.o)
 .text.__sread  0x0000000001087880       0x54 /home/jaschutte/Applications/Quartus/nios2eds/bin/gnu/H-x86_64-pc-linux-gnu/bin/../lib/gcc/nios2-elf/5.3.0/../../../../../H-x86_64-pc-linux-gnu/nios2-elf/lib/libc.a(lib_a-stdio.o)
                0x0000000001087880                __sread
 .text.__seofread
                0x00000000010878d4        0x8 /home/jaschutte/Applications/Quartus/nios2eds/bin/gnu/H-x86_64-pc-linux-gnu/bin/../lib/gcc/nios2-elf/5.3.0/../../../../../H-x86_64-pc-linux-gnu/nios2-elf/lib/libc.a(lib_a-stdio.o)
                0x00000000010878d4                __seofread
 .text.__swrite
                0x00000000010878dc       0x7c /home/jaschutte/Applications/Quartus/nios2eds/bin/gnu/H-x86_64-pc-linux-gnu/bin/../lib/gcc/nios2-elf/5.3.0/../../../../../H-x86_64-pc-linux-gnu/nios2-elf/lib/libc.a(lib_a-stdio.o)
                0x00000000010878dc                __swrite
 .text.__sseek  0x0000000001087958       0x5c /home/jaschutte/Applications/Quartus/nios2eds/bin/gnu/H-x86_64-pc-linux-gnu/bin/../lib/gcc/nios2-elf/5.3.0/../../../../../H-x86_64-pc-linux-gnu/nios2-elf/lib/libc.a(lib_a-stdio.o)
                0x0000000001087958                __sseek
 .text.__sclose
                0x00000000010879b4        0x8 /home/jaschutte/Applications/Quartus/nios2eds/bin/gnu/H-x86_64-pc-linux-gnu/bin/../lib/gcc/nios2-elf/5.3.0/../../../../../H-x86_64-pc-linux-gnu/nios2-elf/lib/libc.a(lib_a-stdio.o)
                0x00000000010879b4                __sclose
 .text          0x00000000010879bc        0x0 /home/jaschutte/Applications/Quartus/nios2eds/bin/gnu/H-x86_64-pc-linux-gnu/bin/../lib/gcc/nios2-elf/5.3.0/../../../../../H-x86_64-pc-linux-gnu/nios2-elf/lib/libc.a(lib_a-strcmp.o)
 .text.strcmp   0x00000000010879bc       0xdc /home/jaschutte/Applications/Quartus/nios2eds/bin/gnu/H-x86_64-pc-linux-gnu/bin/../lib/gcc/nios2-elf/5.3.0/../../../../../H-x86_64-pc-linux-gnu/nios2-elf/lib/libc.a(lib_a-strcmp.o)
                0x00000000010879bc                strcmp
 .text          0x0000000001087a98        0x0 /home/jaschutte/Applications/Quartus/nios2eds/bin/gnu/H-x86_64-pc-linux-gnu/bin/../lib/gcc/nios2-elf/5.3.0/../../../../../H-x86_64-pc-linux-gnu/nios2-elf/lib/libc.a(lib_a-vfiprintf.o)
 .text.__sprint_r.part.0
                0x0000000001087a98       0xfc /home/jaschutte/Applications/Quartus/nios2eds/bin/gnu/H-x86_64-pc-linux-gnu/bin/../lib/gcc/nios2-elf/5.3.0/../../../../../H-x86_64-pc-linux-gnu/nios2-elf/lib/libc.a(lib_a-vfiprintf.o)
 .text.__sprint_r
                0x0000000001087b94       0x18 /home/jaschutte/Applications/Quartus/nios2eds/bin/gnu/H-x86_64-pc-linux-gnu/bin/../lib/gcc/nios2-elf/5.3.0/../../../../../H-x86_64-pc-linux-gnu/nios2-elf/lib/libc.a(lib_a-vfiprintf.o)
                0x0000000001087b94                __sprint_r
 .text.___vfiprintf_internal_r
                0x0000000001087bac     0x145c /home/jaschutte/Applications/Quartus/nios2eds/bin/gnu/H-x86_64-pc-linux-gnu/bin/../lib/gcc/nios2-elf/5.3.0/../../../../../H-x86_64-pc-linux-gnu/nios2-elf/lib/libc.a(lib_a-vfiprintf.o)
                0x0000000001087bac                ___vfiprintf_internal_r
 .text.__vfiprintf_internal
                0x0000000001089008       0x1c /home/jaschutte/Applications/Quartus/nios2eds/bin/gnu/H-x86_64-pc-linux-gnu/bin/../lib/gcc/nios2-elf/5.3.0/../../../../../H-x86_64-pc-linux-gnu/nios2-elf/lib/libc.a(lib_a-vfiprintf.o)
                0x0000000001089008                __vfiprintf_internal
 .text.__sbprintf
                0x0000000001089024       0xbc /home/jaschutte/Applications/Quartus/nios2eds/bin/gnu/H-x86_64-pc-linux-gnu/bin/../lib/gcc/nios2-elf/5.3.0/../../../../../H-x86_64-pc-linux-gnu/nios2-elf/lib/libc.a(lib_a-vfiprintf.o)
 .text          0x00000000010890e0        0x0 /home/jaschutte/Applications/Quartus/nios2eds/bin/gnu/H-x86_64-pc-linux-gnu/bin/../lib/gcc/nios2-elf/5.3.0/../../../../../H-x86_64-pc-linux-gnu/nios2-elf/lib/libc.a(lib_a-writer.o)
 .text._write_r
                0x00000000010890e0       0x60 /home/jaschutte/Applications/Quartus/nios2eds/bin/gnu/H-x86_64-pc-linux-gnu/bin/../lib/gcc/nios2-elf/5.3.0/../../../../../H-x86_64-pc-linux-gnu/nios2-elf/lib/libc.a(lib_a-writer.o)
                0x00000000010890e0                _write_r
 .text          0x0000000001089140        0x0 /home/jaschutte/Applications/Quartus/nios2eds/bin/gnu/H-x86_64-pc-linux-gnu/bin/../lib/gcc/nios2-elf/5.3.0/../../../../../H-x86_64-pc-linux-gnu/nios2-elf/lib/libc.a(closer.o)
 .text._close_r
                0x0000000001089140       0x54 /home/jaschutte/Applications/Quartus/nios2eds/bin/gnu/H-x86_64-pc-linux-gnu/bin/../lib/gcc/nios2-elf/5.3.0/../../../../../H-x86_64-pc-linux-gnu/nios2-elf/lib/libc.a(closer.o)
                0x0000000001089140                _close_r
 .text          0x0000000001089194        0x0 /home/jaschutte/Applications/Quartus/nios2eds/bin/gnu/H-x86_64-pc-linux-gnu/bin/../lib/gcc/nios2-elf/5.3.0/../../../../../H-x86_64-pc-linux-gnu/nios2-elf/lib/libc.a(lib_a-callocr.o)
 .text._calloc_r
                0x0000000001089194       0xc4 /home/jaschutte/Applications/Quartus/nios2eds/bin/gnu/H-x86_64-pc-linux-gnu/bin/../lib/gcc/nios2-elf/5.3.0/../../../../../H-x86_64-pc-linux-gnu/nios2-elf/lib/libc.a(lib_a-callocr.o)
                0x0000000001089194                _calloc_r
 .text          0x0000000001089258        0x0 /home/jaschutte/Applications/Quartus/nios2eds/bin/gnu/H-x86_64-pc-linux-gnu/bin/../lib/gcc/nios2-elf/5.3.0/../../../../../H-x86_64-pc-linux-gnu/nios2-elf/lib/libc.a(lib_a-fclose.o)
 .text._fclose_r
                0x0000000001089258       0xf0 /home/jaschutte/Applications/Quartus/nios2eds/bin/gnu/H-x86_64-pc-linux-gnu/bin/../lib/gcc/nios2-elf/5.3.0/../../../../../H-x86_64-pc-linux-gnu/nios2-elf/lib/libc.a(lib_a-fclose.o)
                0x0000000001089258                _fclose_r
 .text.fclose   0x0000000001089348       0x14 /home/jaschutte/Applications/Quartus/nios2eds/bin/gnu/H-x86_64-pc-linux-gnu/bin/../lib/gcc/nios2-elf/5.3.0/../../../../../H-x86_64-pc-linux-gnu/nios2-elf/lib/libc.a(lib_a-fclose.o)
                0x0000000001089348                fclose
 .text          0x000000000108935c        0x0 /home/jaschutte/Applications/Quartus/nios2eds/bin/gnu/H-x86_64-pc-linux-gnu/bin/../lib/gcc/nios2-elf/5.3.0/../../../../../H-x86_64-pc-linux-gnu/nios2-elf/lib/libc.a(lib_a-fputwc.o)
 .text.__fputwc
                0x000000000108935c      0x164 /home/jaschutte/Applications/Quartus/nios2eds/bin/gnu/H-x86_64-pc-linux-gnu/bin/../lib/gcc/nios2-elf/5.3.0/../../../../../H-x86_64-pc-linux-gnu/nios2-elf/lib/libc.a(lib_a-fputwc.o)
                0x000000000108935c                __fputwc
 .text._fputwc_r
                0x00000000010894c0       0x24 /home/jaschutte/Applications/Quartus/nios2eds/bin/gnu/H-x86_64-pc-linux-gnu/bin/../lib/gcc/nios2-elf/5.3.0/../../../../../H-x86_64-pc-linux-gnu/nios2-elf/lib/libc.a(lib_a-fputwc.o)
                0x00000000010894c0                _fputwc_r
 .text.fputwc   0x00000000010894e4       0x80 /home/jaschutte/Applications/Quartus/nios2eds/bin/gnu/H-x86_64-pc-linux-gnu/bin/../lib/gcc/nios2-elf/5.3.0/../../../../../H-x86_64-pc-linux-gnu/nios2-elf/lib/libc.a(lib_a-fputwc.o)
                0x00000000010894e4                fputwc
 .text          0x0000000001089564        0x0 /home/jaschutte/Applications/Quartus/nios2eds/bin/gnu/H-x86_64-pc-linux-gnu/bin/../lib/gcc/nios2-elf/5.3.0/../../../../../H-x86_64-pc-linux-gnu/nios2-elf/lib/libc.a(lib_a-fstatr.o)
 .text._fstat_r
                0x0000000001089564       0x5c /home/jaschutte/Applications/Quartus/nios2eds/bin/gnu/H-x86_64-pc-linux-gnu/bin/../lib/gcc/nios2-elf/5.3.0/../../../../../H-x86_64-pc-linux-gnu/nios2-elf/lib/libc.a(lib_a-fstatr.o)
                0x0000000001089564                _fstat_r
 .text          0x00000000010895c0        0x0 /home/jaschutte/Applications/Quartus/nios2eds/bin/gnu/H-x86_64-pc-linux-gnu/bin/../lib/gcc/nios2-elf/5.3.0/../../../../../H-x86_64-pc-linux-gnu/nios2-elf/lib/libc.a(lib_a-int_errno.o)
 .text          0x00000000010895c0        0x0 /home/jaschutte/Applications/Quartus/nios2eds/bin/gnu/H-x86_64-pc-linux-gnu/bin/../lib/gcc/nios2-elf/5.3.0/../../../../../H-x86_64-pc-linux-gnu/nios2-elf/lib/libc.a(lib_a-isattyr.o)
 .text._isatty_r
                0x00000000010895c0       0x54 /home/jaschutte/Applications/Quartus/nios2eds/bin/gnu/H-x86_64-pc-linux-gnu/bin/../lib/gcc/nios2-elf/5.3.0/../../../../../H-x86_64-pc-linux-gnu/nios2-elf/lib/libc.a(lib_a-isattyr.o)
                0x00000000010895c0                _isatty_r
 .text          0x0000000001089614        0x0 /home/jaschutte/Applications/Quartus/nios2eds/bin/gnu/H-x86_64-pc-linux-gnu/bin/../lib/gcc/nios2-elf/5.3.0/../../../../../H-x86_64-pc-linux-gnu/nios2-elf/lib/libc.a(lib_a-lseekr.o)
 .text._lseek_r
                0x0000000001089614       0x60 /home/jaschutte/Applications/Quartus/nios2eds/bin/gnu/H-x86_64-pc-linux-gnu/bin/../lib/gcc/nios2-elf/5.3.0/../../../../../H-x86_64-pc-linux-gnu/nios2-elf/lib/libc.a(lib_a-lseekr.o)
                0x0000000001089614                _lseek_r
 .text          0x0000000001089674        0x0 /home/jaschutte/Applications/Quartus/nios2eds/bin/gnu/H-x86_64-pc-linux-gnu/bin/../lib/gcc/nios2-elf/5.3.0/../../../../../H-x86_64-pc-linux-gnu/nios2-elf/lib/libc.a(lib_a-readr.o)
 .text._read_r  0x0000000001089674       0x60 /home/jaschutte/Applications/Quartus/nios2eds/bin/gnu/H-x86_64-pc-linux-gnu/bin/../lib/gcc/nios2-elf/5.3.0/../../../../../H-x86_64-pc-linux-gnu/nios2-elf/lib/libc.a(lib_a-readr.o)
                0x0000000001089674                _read_r
 .text          0x00000000010896d4        0x0 /home/jaschutte/Applications/Quartus/nios2eds/bin/gnu/H-x86_64-pc-linux-gnu/bin/../lib/gcc/nios2-elf/5.3.0/../../../../../H-x86_64-pc-linux-gnu/nios2-elf/lib/libc.a(lib_a-wbuf.o)
 .text.__swbuf_r
                0x00000000010896d4      0x140 /home/jaschutte/Applications/Quartus/nios2eds/bin/gnu/H-x86_64-pc-linux-gnu/bin/../lib/gcc/nios2-elf/5.3.0/../../../../../H-x86_64-pc-linux-gnu/nios2-elf/lib/libc.a(lib_a-wbuf.o)
                0x00000000010896d4                __swbuf_r
 .text.__swbuf  0x0000000001089814       0x18 /home/jaschutte/Applications/Quartus/nios2eds/bin/gnu/H-x86_64-pc-linux-gnu/bin/../lib/gcc/nios2-elf/5.3.0/../../../../../H-x86_64-pc-linux-gnu/nios2-elf/lib/libc.a(lib_a-wbuf.o)
                0x0000000001089814                __swbuf
 .text          0x000000000108982c        0x0 /home/jaschutte/Applications/Quartus/nios2eds/bin/gnu/H-x86_64-pc-linux-gnu/bin/../lib/gcc/nios2-elf/5.3.0/../../../../../H-x86_64-pc-linux-gnu/nios2-elf/lib/libc.a(lib_a-wcrtomb.o)
 .text._wcrtomb_r
                0x000000000108982c       0x9c /home/jaschutte/Applications/Quartus/nios2eds/bin/gnu/H-x86_64-pc-linux-gnu/bin/../lib/gcc/nios2-elf/5.3.0/../../../../../H-x86_64-pc-linux-gnu/nios2-elf/lib/libc.a(lib_a-wcrtomb.o)
                0x000000000108982c                _wcrtomb_r
 .text.wcrtomb  0x00000000010898c8       0xc0 /home/jaschutte/Applications/Quartus/nios2eds/bin/gnu/H-x86_64-pc-linux-gnu/bin/../lib/gcc/nios2-elf/5.3.0/../../../../../H-x86_64-pc-linux-gnu/nios2-elf/lib/libc.a(lib_a-wcrtomb.o)
                0x00000000010898c8                wcrtomb
 .text          0x0000000001089988        0x0 /home/jaschutte/Applications/Quartus/nios2eds/bin/gnu/H-x86_64-pc-linux-gnu/bin/../lib/gcc/nios2-elf/5.3.0/../../../../../H-x86_64-pc-linux-gnu/nios2-elf/lib/libc.a(lib_a-wctomb_r.o)
 .text.__ascii_wctomb
                0x0000000001089988       0x30 /home/jaschutte/Applications/Quartus/nios2eds/bin/gnu/H-x86_64-pc-linux-gnu/bin/../lib/gcc/nios2-elf/5.3.0/../../../../../H-x86_64-pc-linux-gnu/nios2-elf/lib/libc.a(lib_a-wctomb_r.o)
                0x0000000001089988                __ascii_wctomb
 .text._wctomb_r
                0x00000000010899b8       0x5c /home/jaschutte/Applications/Quartus/nios2eds/bin/gnu/H-x86_64-pc-linux-gnu/bin/../lib/gcc/nios2-elf/5.3.0/../../../../../H-x86_64-pc-linux-gnu/nios2-elf/lib/libc.a(lib_a-wctomb_r.o)
                0x00000000010899b8                _wctomb_r
 .text          0x0000000001089a14      0x578 /home/jaschutte/Applications/Quartus/nios2eds/bin/gnu/H-x86_64-pc-linux-gnu/bin/../lib/gcc/nios2-elf/5.3.0/libgcc.a(_udivdi3.o)
                0x0000000001089a14                __udivdi3
 .text          0x0000000001089f8c      0x538 /home/jaschutte/Applications/Quartus/nios2eds/bin/gnu/H-x86_64-pc-linux-gnu/bin/../lib/gcc/nios2-elf/5.3.0/libgcc.a(_umoddi3.o)
                0x0000000001089f8c                __umoddi3
 .text          0x000000000108a4c4      0x1b4 /home/jaschutte/Applications/Quartus/nios2eds/bin/gnu/H-x86_64-pc-linux-gnu/bin/../lib/gcc/nios2-elf/5.3.0/libgcc.a(lib2-divmod.o)
                0x000000000108a4c4                __divsi3
                0x000000000108a548                __modsi3
                0x000000000108a5bc                __udivsi3
                0x000000000108a620                __umodsi3
 .text          0x000000000108a678      0x8ac /home/jaschutte/Applications/Quartus/nios2eds/bin/gnu/H-x86_64-pc-linux-gnu/bin/../lib/gcc/nios2-elf/5.3.0/libgcc.a(adddf3.o)
                0x000000000108a678                __adddf3
 .text          0x000000000108af24      0x8e8 /home/jaschutte/Applications/Quartus/nios2eds/bin/gnu/H-x86_64-pc-linux-gnu/bin/../lib/gcc/nios2-elf/5.3.0/libgcc.a(divdf3.o)
                0x000000000108af24                __divdf3
 .text          0x000000000108b80c       0x88 /home/jaschutte/Applications/Quartus/nios2eds/bin/gnu/H-x86_64-pc-linux-gnu/bin/../lib/gcc/nios2-elf/5.3.0/libgcc.a(eqdf2.o)
                0x000000000108b80c                __eqdf2
                0x000000000108b80c                __nedf2
 .text          0x000000000108b894       0xdc /home/jaschutte/Applications/Quartus/nios2eds/bin/gnu/H-x86_64-pc-linux-gnu/bin/../lib/gcc/nios2-elf/5.3.0/libgcc.a(gedf2.o)
                0x000000000108b894                __gtdf2
                0x000000000108b894                __gedf2
 .text          0x000000000108b970       0xf4 /home/jaschutte/Applications/Quartus/nios2eds/bin/gnu/H-x86_64-pc-linux-gnu/bin/../lib/gcc/nios2-elf/5.3.0/libgcc.a(ledf2.o)
                0x000000000108b970                __ltdf2
                0x000000000108b970                __ledf2
 .text          0x000000000108ba64      0x718 /home/jaschutte/Applications/Quartus/nios2eds/bin/gnu/H-x86_64-pc-linux-gnu/bin/../lib/gcc/nios2-elf/5.3.0/libgcc.a(muldf3.o)
                0x000000000108ba64                __muldf3
 .text          0x000000000108c17c      0x8fc /home/jaschutte/Applications/Quartus/nios2eds/bin/gnu/H-x86_64-pc-linux-gnu/bin/../lib/gcc/nios2-elf/5.3.0/libgcc.a(subdf3.o)
                0x000000000108c17c                __subdf3
 .text          0x000000000108ca78       0x80 /home/jaschutte/Applications/Quartus/nios2eds/bin/gnu/H-x86_64-pc-linux-gnu/bin/../lib/gcc/nios2-elf/5.3.0/libgcc.a(fixdfsi.o)
                0x000000000108ca78                __fixdfsi
 .text          0x000000000108caf8       0xdc /home/jaschutte/Applications/Quartus/nios2eds/bin/gnu/H-x86_64-pc-linux-gnu/bin/../lib/gcc/nios2-elf/5.3.0/libgcc.a(floatsidf.o)
                0x000000000108caf8                __floatsidf
 .text          0x000000000108cbd4       0xa8 /home/jaschutte/Applications/Quartus/nios2eds/bin/gnu/H-x86_64-pc-linux-gnu/bin/../lib/gcc/nios2-elf/5.3.0/libgcc.a(floatunsidf.o)
                0x000000000108cbd4                __floatunsidf
 .text          0x000000000108cc7c        0x0 /home/jaschutte/Applications/Quartus/nios2eds/bin/gnu/H-x86_64-pc-linux-gnu/bin/../lib/gcc/nios2-elf/5.3.0/libgcc.a(_clz.o)
 .text          0x000000000108cc7c       0x64 /home/jaschutte/Applications/Quartus/nios2eds/bin/gnu/H-x86_64-pc-linux-gnu/bin/../lib/gcc/nios2-elf/5.3.0/libgcc.a(_clzsi2.o)
                0x000000000108cc7c                __clzsi2
 .text          0x000000000108cce0      0x10c ../gameconsole_bsp//libhal_bsp.a(alt_close.o)
                0x000000000108cd1c                close
 .text          0x000000000108cdec       0x2c ../gameconsole_bsp//libhal_bsp.a(alt_dev.o)
 .text          0x000000000108ce18        0x0 ../gameconsole_bsp//libhal_bsp.a(alt_errno.o)
 .text          0x000000000108ce18       0xec ../gameconsole_bsp//libhal_bsp.a(alt_fstat.o)
                0x000000000108ce54                fstat
 .text          0x000000000108cf04      0x180 ../gameconsole_bsp//libhal_bsp.a(alt_irq_register.o)
                0x000000000108cf04                alt_irq_register
 .text          0x000000000108d084        0x0 ../gameconsole_bsp//libhal_bsp.a(alt_irq_vars.o)
 .text          0x000000000108d084       0xe0 ../gameconsole_bsp//libhal_bsp.a(alt_isatty.o)
                0x000000000108d0c0                isatty
 .text          0x000000000108d164       0xec ../gameconsole_bsp//libhal_bsp.a(alt_load.o)
                0x000000000108d1cc                alt_load
 .text          0x000000000108d250      0x110 ../gameconsole_bsp//libhal_bsp.a(alt_lseek.o)
                0x000000000108d28c                lseek
 .text          0x000000000108d360       0x7c ../gameconsole_bsp//libhal_bsp.a(alt_main.o)
                0x000000000108d360                alt_main
 .text          0x000000000108d3dc       0x48 ../gameconsole_bsp//libhal_bsp.a(alt_malloc_lock.o)
                0x000000000108d3dc                __malloc_lock
                0x000000000108d400                __malloc_unlock
 .text          0x000000000108d424      0x138 ../gameconsole_bsp//libhal_bsp.a(alt_read.o)
                0x000000000108d460                read
 .text          0x000000000108d55c       0x64 ../gameconsole_bsp//libhal_bsp.a(alt_release_fd.o)
                0x000000000108d55c                alt_release_fd
 .text          0x000000000108d5c0       0xb0 ../gameconsole_bsp//libhal_bsp.a(alt_sbrk.o)
                0x000000000108d5c0                sbrk
 .text          0x000000000108d670      0x134 ../gameconsole_bsp//libhal_bsp.a(alt_write.o)
                0x000000000108d6ac                write
 .text          0x000000000108d7a4       0xc0 ../gameconsole_bsp//libhal_bsp.a(alt_sys_init.o)
                0x000000000108d7d8                alt_irq_init
                0x000000000108d810                alt_sys_init
 .text          0x000000000108d864      0x164 ../gameconsole_bsp//libhal_bsp.a(altera_avalon_jtag_uart_fd.o)
                0x000000000108d864                altera_avalon_jtag_uart_read_fd
                0x000000000108d8c4                altera_avalon_jtag_uart_write_fd
                0x000000000108d924                altera_avalon_jtag_uart_close_fd
                0x000000000108d974                altera_avalon_jtag_uart_ioctl_fd
 .text          0x000000000108d9c8      0x3cc ../gameconsole_bsp//libhal_bsp.a(altera_avalon_jtag_uart_init.o)
                0x000000000108d9c8                altera_avalon_jtag_uart_init
                0x000000000108dd2c                altera_avalon_jtag_uart_close
 .text          0x000000000108dd94       0xf0 ../gameconsole_bsp//libhal_bsp.a(altera_avalon_jtag_uart_ioctl.o)
                0x000000000108dd94                altera_avalon_jtag_uart_ioctl
 .text          0x000000000108de84      0x21c ../gameconsole_bsp//libhal_bsp.a(altera_avalon_jtag_uart_read.o)
                0x000000000108de84                altera_avalon_jtag_uart_read
 .text          0x000000000108e0a0      0x224 ../gameconsole_bsp//libhal_bsp.a(altera_avalon_jtag_uart_write.o)
                0x000000000108e0a0                altera_avalon_jtag_uart_write
 .text          0x000000000108e2c4      0x12c ../gameconsole_bsp//libhal_bsp.a(alt_alarm_start.o)
                0x000000000108e2c4                alt_alarm_start
 .text          0x000000000108e3f0       0x48 ../gameconsole_bsp//libhal_bsp.a(alt_dcache_flush_all.o)
                0x000000000108e3f0                alt_dcache_flush_all
 .text          0x000000000108e438       0xe0 ../gameconsole_bsp//libhal_bsp.a(alt_dev_llist_insert.o)
                0x000000000108e474                alt_dev_llist_insert
 .text          0x000000000108e518       0x60 ../gameconsole_bsp//libhal_bsp.a(alt_do_ctors.o)
                0x000000000108e518                _do_ctors
 .text          0x000000000108e578       0x60 ../gameconsole_bsp//libhal_bsp.a(alt_do_dtors.o)
                0x000000000108e578                _do_dtors
 .text          0x000000000108e5d8       0x34 ../gameconsole_bsp//libhal_bsp.a(alt_icache_flush_all.o)
                0x000000000108e5d8                alt_icache_flush_all
 .text          0x000000000108e60c      0x140 ../gameconsole_bsp//libhal_bsp.a(alt_io_redirect.o)
                0x000000000108e6d0                alt_io_redirect
 .text          0x000000000108e74c        0x0 ../gameconsole_bsp//libhal_bsp.a(alt_irq_entry.o)
 .text          0x000000000108e74c        0x0 ../gameconsole_bsp//libhal_bsp.a(alt_irq_handler.o)
 .text          0x000000000108e74c      0x254 ../gameconsole_bsp//libhal_bsp.a(alt_open.o)
                0x000000000108e84c                open
 .text          0x000000000108e9a0      0x1a4 ../gameconsole_bsp//libhal_bsp.a(alt_tick.o)
                0x000000000108e9a0                alt_alarm_stop
                0x000000000108ea3c                alt_tick
 .text          0x000000000108eb44       0x24 ../gameconsole_bsp//libhal_bsp.a(altera_nios2_gen2_irq.o)
                0x000000000108eb44                altera_nios2_gen2_irq_init
 .text          0x000000000108eb68        0x0 ../gameconsole_bsp//libhal_bsp.a(alt_exception_entry.o)
 .text          0x000000000108eb68       0x90 ../gameconsole_bsp//libhal_bsp.a(alt_find_dev.o)
                0x000000000108eb68                alt_find_dev
 .text          0x000000000108ebf8      0x108 ../gameconsole_bsp//libhal_bsp.a(alt_find_file.o)
                0x000000000108ebf8                alt_find_file
 .text          0x000000000108ed00       0xa4 ../gameconsole_bsp//libhal_bsp.a(alt_get_fd.o)
                0x000000000108ed00                alt_get_fd
 .text          0x000000000108eda4       0x90 ../gameconsole_bsp//libhal_bsp.a(alt_icache_flush.o)
                0x000000000108eda4                alt_icache_flush
 .text          0x000000000108ee34       0x9c ../gameconsole_bsp//libhal_bsp.a(alt_instruction_exception_entry.o)
                0x000000000108ee34                alt_exception_cause_generated_bad_addr
 .text          0x000000000108eed0        0x0 /home/jaschutte/Applications/Quartus/nios2eds/bin/gnu/H-x86_64-pc-linux-gnu/bin/../lib/gcc/nios2-elf/5.3.0/../../../../../H-x86_64-pc-linux-gnu/nios2-elf/lib/libc.a(lib_a-atexit.o)
 .text.atexit   0x000000000108eed0       0x14 /home/jaschutte/Applications/Quartus/nios2eds/bin/gnu/H-x86_64-pc-linux-gnu/bin/../lib/gcc/nios2-elf/5.3.0/../../../../../H-x86_64-pc-linux-gnu/nios2-elf/lib/libc.a(lib_a-atexit.o)
                0x000000000108eed0                atexit
 .text          0x000000000108eee4        0x0 /home/jaschutte/Applications/Quartus/nios2eds/bin/gnu/H-x86_64-pc-linux-gnu/bin/../lib/gcc/nios2-elf/5.3.0/../../../../../H-x86_64-pc-linux-gnu/nios2-elf/lib/libc.a(lib_a-exit.o)
 .text.exit     0x000000000108eee4       0x38 /home/jaschutte/Applications/Quartus/nios2eds/bin/gnu/H-x86_64-pc-linux-gnu/bin/../lib/gcc/nios2-elf/5.3.0/../../../../../H-x86_64-pc-linux-gnu/nios2-elf/lib/libc.a(lib_a-exit.o)
                0x000000000108eee4                exit
 .text          0x000000000108ef1c        0x0 /home/jaschutte/Applications/Quartus/nios2eds/bin/gnu/H-x86_64-pc-linux-gnu/bin/../lib/gcc/nios2-elf/5.3.0/../../../../../H-x86_64-pc-linux-gnu/nios2-elf/lib/libc.a(lib_a-memcmp.o)
 .text.memcmp   0x000000000108ef1c       0x7c /home/jaschutte/Applications/Quartus/nios2eds/bin/gnu/H-x86_64-pc-linux-gnu/bin/../lib/gcc/nios2-elf/5.3.0/../../../../../H-x86_64-pc-linux-gnu/nios2-elf/lib/libc.a(lib_a-memcmp.o)
                0x000000000108ef1c                memcmp
 .text          0x000000000108ef98        0x0 /home/jaschutte/Applications/Quartus/nios2eds/bin/gnu/H-x86_64-pc-linux-gnu/bin/../lib/gcc/nios2-elf/5.3.0/../../../../../H-x86_64-pc-linux-gnu/nios2-elf/lib/libc.a(lib_a-__atexit.o)
 .text.__register_exitproc
                0x000000000108ef98      0x118 /home/jaschutte/Applications/Quartus/nios2eds/bin/gnu/H-x86_64-pc-linux-gnu/bin/../lib/gcc/nios2-elf/5.3.0/../../../../../H-x86_64-pc-linux-gnu/nios2-elf/lib/libc.a(lib_a-__atexit.o)
                0x000000000108ef98                __register_exitproc
 .text          0x000000000108f0b0        0x0 /home/jaschutte/Applications/Quartus/nios2eds/bin/gnu/H-x86_64-pc-linux-gnu/bin/../lib/gcc/nios2-elf/5.3.0/../../../../../H-x86_64-pc-linux-gnu/nios2-elf/lib/libc.a(lib_a-__call_atexit.o)
 .text.__call_exitprocs
                0x000000000108f0b0      0x180 /home/jaschutte/Applications/Quartus/nios2eds/bin/gnu/H-x86_64-pc-linux-gnu/bin/../lib/gcc/nios2-elf/5.3.0/../../../../../H-x86_64-pc-linux-gnu/nios2-elf/lib/libc.a(lib_a-__call_atexit.o)
                0x000000000108f0b0                __call_exitprocs
 .text          0x000000000108f230       0x34 ../gameconsole_bsp//libhal_bsp.a(alt_exit.o)
                0x000000000108f230                _exit
 *(.gnu.warning.*)
 *(.fini)
                [!provide]                        PROVIDE (__etext, ABSOLUTE (.))
                [!provide]                        PROVIDE (_etext, ABSOLUTE (.))
                [!provide]                        PROVIDE (etext, ABSOLUTE (.))
 *(.eh_frame_hdr)
                0x000000000108f264                . = ALIGN (0x4)
                [!provide]                        PROVIDE (__preinit_array_start, ABSOLUTE (.))
 *(.preinit_array)
                [!provide]                        PROVIDE (__preinit_array_end, ABSOLUTE (.))
                [!provide]                        PROVIDE (__init_array_start, ABSOLUTE (.))
 *(.init_array)
                [!provide]                        PROVIDE (__init_array_end, ABSOLUTE (.))
                [!provide]                        PROVIDE (__fini_array_start, ABSOLUTE (.))
 *(.fini_array)
                [!provide]                        PROVIDE (__fini_array_end, ABSOLUTE (.))
 *(.eh_frame)
 *(.gcc_except_table .gcc_except_table.*)
 *(.dynamic)
                0x000000000108f264                PROVIDE (__CTOR_LIST__, ABSOLUTE (.))
 *(.ctors)
 *(SORT(.ctors.*))
                0x000000000108f264                PROVIDE (__CTOR_END__, ABSOLUTE (.))
                0x000000000108f264                PROVIDE (__DTOR_LIST__, ABSOLUTE (.))
 *(.dtors)
 *(SORT(.dtors.*))
                0x000000000108f264                PROVIDE (__DTOR_END__, ABSOLUTE (.))
 *(.jcr)
                0x000000000108f264                . = ALIGN (0x4)

.rodata         0x000000000108f264      0x348
                0x000000000108f264                PROVIDE (__ram_rodata_start, ABSOLUTE (.))
                0x000000000108f264                . = ALIGN (0x4)
 *(.rodata .rodata.* .gnu.linkonce.r.*)
 .rodata        0x000000000108f264       0x35 obj/default/hello_world.o
 *fill*         0x000000000108f299        0x3 
 .rodata.str1.4
                0x000000000108f29c        0x2 /home/jaschutte/Applications/Quartus/nios2eds/bin/gnu/H-x86_64-pc-linux-gnu/bin/../lib/gcc/nios2-elf/5.3.0/../../../../../H-x86_64-pc-linux-gnu/nios2-elf/lib/libc.a(lib_a-puts.o)
 *fill*         0x000000000108f29e        0x2 
 .rodata.str1.4
                0x000000000108f2a0       0x42 /home/jaschutte/Applications/Quartus/nios2eds/bin/gnu/H-x86_64-pc-linux-gnu/bin/../lib/gcc/nios2-elf/5.3.0/../../../../../H-x86_64-pc-linux-gnu/nios2-elf/lib/libc.a(lib_a-vfprintf.o)
 .rodata.zeroes.4404
                0x000000000108f2e2       0x10 /home/jaschutte/Applications/Quartus/nios2eds/bin/gnu/H-x86_64-pc-linux-gnu/bin/../lib/gcc/nios2-elf/5.3.0/../../../../../H-x86_64-pc-linux-gnu/nios2-elf/lib/libc.a(lib_a-vfprintf.o)
 .rodata.blanks.4403
                0x000000000108f2f2       0x10 /home/jaschutte/Applications/Quartus/nios2eds/bin/gnu/H-x86_64-pc-linux-gnu/bin/../lib/gcc/nios2-elf/5.3.0/../../../../../H-x86_64-pc-linux-gnu/nios2-elf/lib/libc.a(lib_a-vfprintf.o)
 *fill*         0x000000000108f302        0x2 
 .rodata.str1.4
                0x000000000108f304       0x10 /home/jaschutte/Applications/Quartus/nios2eds/bin/gnu/H-x86_64-pc-linux-gnu/bin/../lib/gcc/nios2-elf/5.3.0/../../../../../H-x86_64-pc-linux-gnu/nios2-elf/lib/libc.a(lib_a-dtoa.o)
                                         0x12 (size before relaxing)
 .rodata.str1.4
                0x000000000108f314        0x2 /home/jaschutte/Applications/Quartus/nios2eds/bin/gnu/H-x86_64-pc-linux-gnu/bin/../lib/gcc/nios2-elf/5.3.0/../../../../../H-x86_64-pc-linux-gnu/nios2-elf/lib/libc.a(lib_a-impure.o)
 *fill*         0x000000000108f316        0x2 
 .rodata.str1.4
                0x000000000108f318        0xc /home/jaschutte/Applications/Quartus/nios2eds/bin/gnu/H-x86_64-pc-linux-gnu/bin/../lib/gcc/nios2-elf/5.3.0/../../../../../H-x86_64-pc-linux-gnu/nios2-elf/lib/libc.a(lib_a-locale.o)
                                         0x12 (size before relaxing)
 .rodata.p05.2768
                0x000000000108f324        0xc /home/jaschutte/Applications/Quartus/nios2eds/bin/gnu/H-x86_64-pc-linux-gnu/bin/../lib/gcc/nios2-elf/5.3.0/../../../../../H-x86_64-pc-linux-gnu/nios2-elf/lib/libc.a(lib_a-mprec.o)
 .rodata.__mprec_tinytens
                0x000000000108f330       0x28 /home/jaschutte/Applications/Quartus/nios2eds/bin/gnu/H-x86_64-pc-linux-gnu/bin/../lib/gcc/nios2-elf/5.3.0/../../../../../H-x86_64-pc-linux-gnu/nios2-elf/lib/libc.a(lib_a-mprec.o)
                0x000000000108f330                __mprec_tinytens
 .rodata.__mprec_bigtens
                0x000000000108f358       0x28 /home/jaschutte/Applications/Quartus/nios2eds/bin/gnu/H-x86_64-pc-linux-gnu/bin/../lib/gcc/nios2-elf/5.3.0/../../../../../H-x86_64-pc-linux-gnu/nios2-elf/lib/libc.a(lib_a-mprec.o)
                0x000000000108f358                __mprec_bigtens
 .rodata.__mprec_tens
                0x000000000108f380       0xc8 /home/jaschutte/Applications/Quartus/nios2eds/bin/gnu/H-x86_64-pc-linux-gnu/bin/../lib/gcc/nios2-elf/5.3.0/../../../../../H-x86_64-pc-linux-gnu/nios2-elf/lib/libc.a(lib_a-mprec.o)
                0x000000000108f380                __mprec_tens
 .rodata.str1.4
                0x000000000108f448       0x2f /home/jaschutte/Applications/Quartus/nios2eds/bin/gnu/H-x86_64-pc-linux-gnu/bin/../lib/gcc/nios2-elf/5.3.0/../../../../../H-x86_64-pc-linux-gnu/nios2-elf/lib/libc.a(lib_a-vfiprintf.o)
 .rodata.zeroes.4349
                0x000000000108f448       0x10 /home/jaschutte/Applications/Quartus/nios2eds/bin/gnu/H-x86_64-pc-linux-gnu/bin/../lib/gcc/nios2-elf/5.3.0/../../../../../H-x86_64-pc-linux-gnu/nios2-elf/lib/libc.a(lib_a-vfiprintf.o)
 .rodata.blanks.4348
                0x000000000108f458       0x10 /home/jaschutte/Applications/Quartus/nios2eds/bin/gnu/H-x86_64-pc-linux-gnu/bin/../lib/gcc/nios2-elf/5.3.0/../../../../../H-x86_64-pc-linux-gnu/nios2-elf/lib/libc.a(lib_a-vfiprintf.o)
 .rodata        0x000000000108f468      0x100 /home/jaschutte/Applications/Quartus/nios2eds/bin/gnu/H-x86_64-pc-linux-gnu/bin/../lib/gcc/nios2-elf/5.3.0/libgcc.a(_clz.o)
                0x000000000108f468                __clz_tab
 .rodata        0x000000000108f568        0xa ../gameconsole_bsp//libhal_bsp.a(alt_dev.o)
 *fill*         0x000000000108f572        0x2 
 .rodata        0x000000000108f574       0x11 ../gameconsole_bsp//libhal_bsp.a(alt_main.o)
 *fill*         0x000000000108f585        0x3 
 .rodata        0x000000000108f588       0x21 ../gameconsole_bsp//libhal_bsp.a(alt_sys_init.o)
 *(.rodata1)
                0x000000000108f5ac                . = ALIGN (0x4)
 *fill*         0x000000000108f5a9        0x3 
                0x000000000108f5ac                PROVIDE (__ram_rodata_end, ABSOLUTE (.))
                0x000000000108f264                PROVIDE (__flash_rodata_start, LOADADDR (.rodata))

.rwdata         0x000000000108f5ac     0x1b1c load address 0x00000000010910c8
                0x000000000108f5ac                PROVIDE (__ram_rwdata_start, ABSOLUTE (.))
                0x000000000108f5ac                . = ALIGN (0x4)
 *(.got.plt)
 *(.got)
 *(.data1)
 *(.data .data.* .gnu.linkonce.d.*)
 .data          0x000000000108f5ac        0x0 ../gameconsole_bsp//obj/HAL/src/crt0.o
 .data          0x000000000108f5ac        0x0 obj/default/hello_world.o
 .data          0x000000000108f5ac        0x0 /home/jaschutte/Applications/Quartus/nios2eds/bin/gnu/H-x86_64-pc-linux-gnu/bin/../lib/gcc/nios2-elf/5.3.0/../../../../../H-x86_64-pc-linux-gnu/nios2-elf/lib/libc.a(lib_a-printf.o)
 .data          0x000000000108f5ac        0x0 /home/jaschutte/Applications/Quartus/nios2eds/bin/gnu/H-x86_64-pc-linux-gnu/bin/../lib/gcc/nios2-elf/5.3.0/../../../../../H-x86_64-pc-linux-gnu/nios2-elf/lib/libc.a(lib_a-puts.o)
 .data          0x000000000108f5ac        0x0 /home/jaschutte/Applications/Quartus/nios2eds/bin/gnu/H-x86_64-pc-linux-gnu/bin/../lib/gcc/nios2-elf/5.3.0/../../../../../H-x86_64-pc-linux-gnu/nios2-elf/lib/libc.a(lib_a-strlen.o)
 .data          0x000000000108f5ac        0x0 /home/jaschutte/Applications/Quartus/nios2eds/bin/gnu/H-x86_64-pc-linux-gnu/bin/../lib/gcc/nios2-elf/5.3.0/../../../../../H-x86_64-pc-linux-gnu/nios2-elf/lib/libc.a(lib_a-vfprintf.o)
 .data          0x000000000108f5ac        0x0 /home/jaschutte/Applications/Quartus/nios2eds/bin/gnu/H-x86_64-pc-linux-gnu/bin/../lib/gcc/nios2-elf/5.3.0/../../../../../H-x86_64-pc-linux-gnu/nios2-elf/lib/libc.a(lib_a-wsetup.o)
 .data          0x000000000108f5ac        0x0 /home/jaschutte/Applications/Quartus/nios2eds/bin/gnu/H-x86_64-pc-linux-gnu/bin/../lib/gcc/nios2-elf/5.3.0/../../../../../H-x86_64-pc-linux-gnu/nios2-elf/lib/libc.a(lib_a-dtoa.o)
 .data          0x000000000108f5ac        0x0 /home/jaschutte/Applications/Quartus/nios2eds/bin/gnu/H-x86_64-pc-linux-gnu/bin/../lib/gcc/nios2-elf/5.3.0/../../../../../H-x86_64-pc-linux-gnu/nios2-elf/lib/libc.a(lib_a-fflush.o)
 .data          0x000000000108f5ac        0x0 /home/jaschutte/Applications/Quartus/nios2eds/bin/gnu/H-x86_64-pc-linux-gnu/bin/../lib/gcc/nios2-elf/5.3.0/../../../../../H-x86_64-pc-linux-gnu/nios2-elf/lib/libc.a(lib_a-findfp.o)
 .data          0x000000000108f5ac        0x0 /home/jaschutte/Applications/Quartus/nios2eds/bin/gnu/H-x86_64-pc-linux-gnu/bin/../lib/gcc/nios2-elf/5.3.0/../../../../../H-x86_64-pc-linux-gnu/nios2-elf/lib/libc.a(lib_a-freer.o)
 .data          0x000000000108f5ac        0x0 /home/jaschutte/Applications/Quartus/nios2eds/bin/gnu/H-x86_64-pc-linux-gnu/bin/../lib/gcc/nios2-elf/5.3.0/../../../../../H-x86_64-pc-linux-gnu/nios2-elf/lib/libc.a(lib_a-fvwrite.o)
 .data          0x000000000108f5ac        0x0 /home/jaschutte/Applications/Quartus/nios2eds/bin/gnu/H-x86_64-pc-linux-gnu/bin/../lib/gcc/nios2-elf/5.3.0/../../../../../H-x86_64-pc-linux-gnu/nios2-elf/lib/libc.a(lib_a-fwalk.o)
 .data          0x000000000108f5ac        0x0 /home/jaschutte/Applications/Quartus/nios2eds/bin/gnu/H-x86_64-pc-linux-gnu/bin/../lib/gcc/nios2-elf/5.3.0/../../../../../H-x86_64-pc-linux-gnu/nios2-elf/lib/libc.a(lib_a-impure.o)
 .data.impure_data
                0x000000000108f5ac      0x424 /home/jaschutte/Applications/Quartus/nios2eds/bin/gnu/H-x86_64-pc-linux-gnu/bin/../lib/gcc/nios2-elf/5.3.0/../../../../../H-x86_64-pc-linux-gnu/nios2-elf/lib/libc.a(lib_a-impure.o)
 .data          0x000000000108f9d0        0x0 /home/jaschutte/Applications/Quartus/nios2eds/bin/gnu/H-x86_64-pc-linux-gnu/bin/../lib/gcc/nios2-elf/5.3.0/../../../../../H-x86_64-pc-linux-gnu/nios2-elf/lib/libc.a(lib_a-locale.o)
 .data.lc_message_charset
                0x000000000108f9d0       0x20 /home/jaschutte/Applications/Quartus/nios2eds/bin/gnu/H-x86_64-pc-linux-gnu/bin/../lib/gcc/nios2-elf/5.3.0/../../../../../H-x86_64-pc-linux-gnu/nios2-elf/lib/libc.a(lib_a-locale.o)
 .data.lc_ctype_charset
                0x000000000108f9f0       0x20 /home/jaschutte/Applications/Quartus/nios2eds/bin/gnu/H-x86_64-pc-linux-gnu/bin/../lib/gcc/nios2-elf/5.3.0/../../../../../H-x86_64-pc-linux-gnu/nios2-elf/lib/libc.a(lib_a-locale.o)
 .data.lconv    0x000000000108fa10       0x38 /home/jaschutte/Applications/Quartus/nios2eds/bin/gnu/H-x86_64-pc-linux-gnu/bin/../lib/gcc/nios2-elf/5.3.0/../../../../../H-x86_64-pc-linux-gnu/nios2-elf/lib/libc.a(lib_a-locale.o)
 .data          0x000000000108fa48        0x0 /home/jaschutte/Applications/Quartus/nios2eds/bin/gnu/H-x86_64-pc-linux-gnu/bin/../lib/gcc/nios2-elf/5.3.0/../../../../../H-x86_64-pc-linux-gnu/nios2-elf/lib/libc.a(lib_a-makebuf.o)
 .data          0x000000000108fa48        0x0 /home/jaschutte/Applications/Quartus/nios2eds/bin/gnu/H-x86_64-pc-linux-gnu/bin/../lib/gcc/nios2-elf/5.3.0/../../../../../H-x86_64-pc-linux-gnu/nios2-elf/lib/libc.a(lib_a-mallocr.o)
 .data.__malloc_av_
                0x000000000108fa48      0x408 /home/jaschutte/Applications/Quartus/nios2eds/bin/gnu/H-x86_64-pc-linux-gnu/bin/../lib/gcc/nios2-elf/5.3.0/../../../../../H-x86_64-pc-linux-gnu/nios2-elf/lib/libc.a(lib_a-mallocr.o)
                0x000000000108fa48                __malloc_av_
 .data          0x000000000108fe50        0x0 /home/jaschutte/Applications/Quartus/nios2eds/bin/gnu/H-x86_64-pc-linux-gnu/bin/../lib/gcc/nios2-elf/5.3.0/../../../../../H-x86_64-pc-linux-gnu/nios2-elf/lib/libc.a(lib_a-memchr.o)
 .data          0x000000000108fe50        0x0 /home/jaschutte/Applications/Quartus/nios2eds/bin/gnu/H-x86_64-pc-linux-gnu/bin/../lib/gcc/nios2-elf/5.3.0/../../../../../H-x86_64-pc-linux-gnu/nios2-elf/lib/libc.a(lib_a-memcpy.o)
 .data          0x000000000108fe50        0x0 /home/jaschutte/Applications/Quartus/nios2eds/bin/gnu/H-x86_64-pc-linux-gnu/bin/../lib/gcc/nios2-elf/5.3.0/../../../../../H-x86_64-pc-linux-gnu/nios2-elf/lib/libc.a(lib_a-memmove.o)
 .data          0x000000000108fe50        0x0 /home/jaschutte/Applications/Quartus/nios2eds/bin/gnu/H-x86_64-pc-linux-gnu/bin/../lib/gcc/nios2-elf/5.3.0/../../../../../H-x86_64-pc-linux-gnu/nios2-elf/lib/libc.a(lib_a-memset.o)
 .data          0x000000000108fe50        0x0 /home/jaschutte/Applications/Quartus/nios2eds/bin/gnu/H-x86_64-pc-linux-gnu/bin/../lib/gcc/nios2-elf/5.3.0/../../../../../H-x86_64-pc-linux-gnu/nios2-elf/lib/libc.a(lib_a-mprec.o)
 .data          0x000000000108fe50        0x0 /home/jaschutte/Applications/Quartus/nios2eds/bin/gnu/H-x86_64-pc-linux-gnu/bin/../lib/gcc/nios2-elf/5.3.0/../../../../../H-x86_64-pc-linux-gnu/nios2-elf/lib/libc.a(lib_a-reallocr.o)
 .data          0x000000000108fe50        0x0 /home/jaschutte/Applications/Quartus/nios2eds/bin/gnu/H-x86_64-pc-linux-gnu/bin/../lib/gcc/nios2-elf/5.3.0/../../../../../H-x86_64-pc-linux-gnu/nios2-elf/lib/libc.a(lib_a-s_fpclassify.o)
 .data          0x000000000108fe50        0x0 /home/jaschutte/Applications/Quartus/nios2eds/bin/gnu/H-x86_64-pc-linux-gnu/bin/../lib/gcc/nios2-elf/5.3.0/../../../../../H-x86_64-pc-linux-gnu/nios2-elf/lib/libc.a(lib_a-sbrkr.o)
 .data          0x000000000108fe50        0x0 /home/jaschutte/Applications/Quartus/nios2eds/bin/gnu/H-x86_64-pc-linux-gnu/bin/../lib/gcc/nios2-elf/5.3.0/../../../../../H-x86_64-pc-linux-gnu/nios2-elf/lib/libc.a(lib_a-stdio.o)
 .data          0x000000000108fe50        0x0 /home/jaschutte/Applications/Quartus/nios2eds/bin/gnu/H-x86_64-pc-linux-gnu/bin/../lib/gcc/nios2-elf/5.3.0/../../../../../H-x86_64-pc-linux-gnu/nios2-elf/lib/libc.a(lib_a-strcmp.o)
 .data          0x000000000108fe50        0x0 /home/jaschutte/Applications/Quartus/nios2eds/bin/gnu/H-x86_64-pc-linux-gnu/bin/../lib/gcc/nios2-elf/5.3.0/../../../../../H-x86_64-pc-linux-gnu/nios2-elf/lib/libc.a(lib_a-vfiprintf.o)
 .data          0x000000000108fe50        0x0 /home/jaschutte/Applications/Quartus/nios2eds/bin/gnu/H-x86_64-pc-linux-gnu/bin/../lib/gcc/nios2-elf/5.3.0/../../../../../H-x86_64-pc-linux-gnu/nios2-elf/lib/libc.a(lib_a-writer.o)
 .data          0x000000000108fe50        0x0 /home/jaschutte/Applications/Quartus/nios2eds/bin/gnu/H-x86_64-pc-linux-gnu/bin/../lib/gcc/nios2-elf/5.3.0/../../../../../H-x86_64-pc-linux-gnu/nios2-elf/lib/libc.a(closer.o)
 .data          0x000000000108fe50        0x0 /home/jaschutte/Applications/Quartus/nios2eds/bin/gnu/H-x86_64-pc-linux-gnu/bin/../lib/gcc/nios2-elf/5.3.0/../../../../../H-x86_64-pc-linux-gnu/nios2-elf/lib/libc.a(lib_a-callocr.o)
 .data          0x000000000108fe50        0x0 /home/jaschutte/Applications/Quartus/nios2eds/bin/gnu/H-x86_64-pc-linux-gnu/bin/../lib/gcc/nios2-elf/5.3.0/../../../../../H-x86_64-pc-linux-gnu/nios2-elf/lib/libc.a(lib_a-fclose.o)
 .data          0x000000000108fe50        0x0 /home/jaschutte/Applications/Quartus/nios2eds/bin/gnu/H-x86_64-pc-linux-gnu/bin/../lib/gcc/nios2-elf/5.3.0/../../../../../H-x86_64-pc-linux-gnu/nios2-elf/lib/libc.a(lib_a-fputwc.o)
 .data          0x000000000108fe50        0x0 /home/jaschutte/Applications/Quartus/nios2eds/bin/gnu/H-x86_64-pc-linux-gnu/bin/../lib/gcc/nios2-elf/5.3.0/../../../../../H-x86_64-pc-linux-gnu/nios2-elf/lib/libc.a(lib_a-fstatr.o)
 .data          0x000000000108fe50        0x0 /home/jaschutte/Applications/Quartus/nios2eds/bin/gnu/H-x86_64-pc-linux-gnu/bin/../lib/gcc/nios2-elf/5.3.0/../../../../../H-x86_64-pc-linux-gnu/nios2-elf/lib/libc.a(lib_a-int_errno.o)
 .data          0x000000000108fe50        0x0 /home/jaschutte/Applications/Quartus/nios2eds/bin/gnu/H-x86_64-pc-linux-gnu/bin/../lib/gcc/nios2-elf/5.3.0/../../../../../H-x86_64-pc-linux-gnu/nios2-elf/lib/libc.a(lib_a-isattyr.o)
 .data          0x000000000108fe50        0x0 /home/jaschutte/Applications/Quartus/nios2eds/bin/gnu/H-x86_64-pc-linux-gnu/bin/../lib/gcc/nios2-elf/5.3.0/../../../../../H-x86_64-pc-linux-gnu/nios2-elf/lib/libc.a(lib_a-lseekr.o)
 .data          0x000000000108fe50        0x0 /home/jaschutte/Applications/Quartus/nios2eds/bin/gnu/H-x86_64-pc-linux-gnu/bin/../lib/gcc/nios2-elf/5.3.0/../../../../../H-x86_64-pc-linux-gnu/nios2-elf/lib/libc.a(lib_a-readr.o)
 .data          0x000000000108fe50        0x0 /home/jaschutte/Applications/Quartus/nios2eds/bin/gnu/H-x86_64-pc-linux-gnu/bin/../lib/gcc/nios2-elf/5.3.0/../../../../../H-x86_64-pc-linux-gnu/nios2-elf/lib/libc.a(lib_a-wbuf.o)
 .data          0x000000000108fe50        0x0 /home/jaschutte/Applications/Quartus/nios2eds/bin/gnu/H-x86_64-pc-linux-gnu/bin/../lib/gcc/nios2-elf/5.3.0/../../../../../H-x86_64-pc-linux-gnu/nios2-elf/lib/libc.a(lib_a-wcrtomb.o)
 .data          0x000000000108fe50        0x0 /home/jaschutte/Applications/Quartus/nios2eds/bin/gnu/H-x86_64-pc-linux-gnu/bin/../lib/gcc/nios2-elf/5.3.0/../../../../../H-x86_64-pc-linux-gnu/nios2-elf/lib/libc.a(lib_a-wctomb_r.o)
 .data          0x000000000108fe50        0x0 /home/jaschutte/Applications/Quartus/nios2eds/bin/gnu/H-x86_64-pc-linux-gnu/bin/../lib/gcc/nios2-elf/5.3.0/libgcc.a(_udivdi3.o)
 .data          0x000000000108fe50        0x0 /home/jaschutte/Applications/Quartus/nios2eds/bin/gnu/H-x86_64-pc-linux-gnu/bin/../lib/gcc/nios2-elf/5.3.0/libgcc.a(_umoddi3.o)
 .data          0x000000000108fe50        0x0 /home/jaschutte/Applications/Quartus/nios2eds/bin/gnu/H-x86_64-pc-linux-gnu/bin/../lib/gcc/nios2-elf/5.3.0/libgcc.a(lib2-divmod.o)
 .data          0x000000000108fe50        0x0 /home/jaschutte/Applications/Quartus/nios2eds/bin/gnu/H-x86_64-pc-linux-gnu/bin/../lib/gcc/nios2-elf/5.3.0/libgcc.a(adddf3.o)
 .data          0x000000000108fe50        0x0 /home/jaschutte/Applications/Quartus/nios2eds/bin/gnu/H-x86_64-pc-linux-gnu/bin/../lib/gcc/nios2-elf/5.3.0/libgcc.a(divdf3.o)
 .data          0x000000000108fe50        0x0 /home/jaschutte/Applications/Quartus/nios2eds/bin/gnu/H-x86_64-pc-linux-gnu/bin/../lib/gcc/nios2-elf/5.3.0/libgcc.a(eqdf2.o)
 .data          0x000000000108fe50        0x0 /home/jaschutte/Applications/Quartus/nios2eds/bin/gnu/H-x86_64-pc-linux-gnu/bin/../lib/gcc/nios2-elf/5.3.0/libgcc.a(gedf2.o)
 .data          0x000000000108fe50        0x0 /home/jaschutte/Applications/Quartus/nios2eds/bin/gnu/H-x86_64-pc-linux-gnu/bin/../lib/gcc/nios2-elf/5.3.0/libgcc.a(ledf2.o)
 .data          0x000000000108fe50        0x0 /home/jaschutte/Applications/Quartus/nios2eds/bin/gnu/H-x86_64-pc-linux-gnu/bin/../lib/gcc/nios2-elf/5.3.0/libgcc.a(muldf3.o)
 .data          0x000000000108fe50        0x0 /home/jaschutte/Applications/Quartus/nios2eds/bin/gnu/H-x86_64-pc-linux-gnu/bin/../lib/gcc/nios2-elf/5.3.0/libgcc.a(subdf3.o)
 .data          0x000000000108fe50        0x0 /home/jaschutte/Applications/Quartus/nios2eds/bin/gnu/H-x86_64-pc-linux-gnu/bin/../lib/gcc/nios2-elf/5.3.0/libgcc.a(fixdfsi.o)
 .data          0x000000000108fe50        0x0 /home/jaschutte/Applications/Quartus/nios2eds/bin/gnu/H-x86_64-pc-linux-gnu/bin/../lib/gcc/nios2-elf/5.3.0/libgcc.a(floatsidf.o)
 .data          0x000000000108fe50        0x0 /home/jaschutte/Applications/Quartus/nios2eds/bin/gnu/H-x86_64-pc-linux-gnu/bin/../lib/gcc/nios2-elf/5.3.0/libgcc.a(floatunsidf.o)
 .data          0x000000000108fe50        0x0 /home/jaschutte/Applications/Quartus/nios2eds/bin/gnu/H-x86_64-pc-linux-gnu/bin/../lib/gcc/nios2-elf/5.3.0/libgcc.a(_clz.o)
 .data          0x000000000108fe50        0x0 /home/jaschutte/Applications/Quartus/nios2eds/bin/gnu/H-x86_64-pc-linux-gnu/bin/../lib/gcc/nios2-elf/5.3.0/libgcc.a(_clzsi2.o)
 .data          0x000000000108fe50        0x0 ../gameconsole_bsp//libhal_bsp.a(alt_close.o)
 .data          0x000000000108fe50      0x1a8 ../gameconsole_bsp//libhal_bsp.a(alt_dev.o)
                0x000000000108fe50                alt_dev_null
                0x000000000108fe78                alt_fd_list
 .data          0x000000000108fff8        0x0 ../gameconsole_bsp//libhal_bsp.a(alt_errno.o)
 .data          0x000000000108fff8        0x0 ../gameconsole_bsp//libhal_bsp.a(alt_fstat.o)
 .data          0x000000000108fff8        0x0 ../gameconsole_bsp//libhal_bsp.a(alt_irq_register.o)
 .data          0x000000000108fff8        0x0 ../gameconsole_bsp//libhal_bsp.a(alt_irq_vars.o)
 .data          0x000000000108fff8        0x0 ../gameconsole_bsp//libhal_bsp.a(alt_isatty.o)
 .data          0x000000000108fff8        0x0 ../gameconsole_bsp//libhal_bsp.a(alt_load.o)
 .data          0x000000000108fff8        0x0 ../gameconsole_bsp//libhal_bsp.a(alt_lseek.o)
 .data          0x000000000108fff8        0x0 ../gameconsole_bsp//libhal_bsp.a(alt_main.o)
 .data          0x000000000108fff8        0x0 ../gameconsole_bsp//libhal_bsp.a(alt_malloc_lock.o)
 .data          0x000000000108fff8        0x0 ../gameconsole_bsp//libhal_bsp.a(alt_read.o)
 .data          0x000000000108fff8        0x0 ../gameconsole_bsp//libhal_bsp.a(alt_release_fd.o)
 .data          0x000000000108fff8        0x0 ../gameconsole_bsp//libhal_bsp.a(alt_sbrk.o)
 .data          0x000000000108fff8        0x0 ../gameconsole_bsp//libhal_bsp.a(alt_write.o)
 .data          0x000000000108fff8     0x1090 ../gameconsole_bsp//libhal_bsp.a(alt_sys_init.o)
 .data          0x0000000001091088        0x0 ../gameconsole_bsp//libhal_bsp.a(altera_avalon_jtag_uart_fd.o)
 .data          0x0000000001091088        0x0 ../gameconsole_bsp//libhal_bsp.a(altera_avalon_jtag_uart_init.o)
 .data          0x0000000001091088        0x0 ../gameconsole_bsp//libhal_bsp.a(altera_avalon_jtag_uart_ioctl.o)
 .data          0x0000000001091088        0x0 ../gameconsole_bsp//libhal_bsp.a(altera_avalon_jtag_uart_read.o)
 .data          0x0000000001091088        0x0 ../gameconsole_bsp//libhal_bsp.a(altera_avalon_jtag_uart_write.o)
 .data          0x0000000001091088        0x0 ../gameconsole_bsp//libhal_bsp.a(alt_alarm_start.o)
 .data          0x0000000001091088        0x0 ../gameconsole_bsp//libhal_bsp.a(alt_dcache_flush_all.o)
 .data          0x0000000001091088        0x0 ../gameconsole_bsp//libhal_bsp.a(alt_dev_llist_insert.o)
 .data          0x0000000001091088        0x0 ../gameconsole_bsp//libhal_bsp.a(alt_do_ctors.o)
 .data          0x0000000001091088        0x0 ../gameconsole_bsp//libhal_bsp.a(alt_do_dtors.o)
 .data          0x0000000001091088        0x0 ../gameconsole_bsp//libhal_bsp.a(alt_icache_flush_all.o)
 .data          0x0000000001091088        0x0 ../gameconsole_bsp//libhal_bsp.a(alt_io_redirect.o)
 .data          0x0000000001091088        0x0 ../gameconsole_bsp//libhal_bsp.a(alt_irq_entry.o)
 .data          0x0000000001091088        0x0 ../gameconsole_bsp//libhal_bsp.a(alt_irq_handler.o)
 .data          0x0000000001091088        0x0 ../gameconsole_bsp//libhal_bsp.a(alt_open.o)
 .data          0x0000000001091088        0x0 ../gameconsole_bsp//libhal_bsp.a(alt_tick.o)
 .data          0x0000000001091088        0x0 ../gameconsole_bsp//libhal_bsp.a(altera_nios2_gen2_irq.o)
 .data          0x0000000001091088        0x0 ../gameconsole_bsp//libhal_bsp.a(alt_exception_entry.o)
 .data          0x0000000001091088        0x0 ../gameconsole_bsp//libhal_bsp.a(alt_find_dev.o)
 .data          0x0000000001091088        0x0 ../gameconsole_bsp//libhal_bsp.a(alt_find_file.o)
 .data          0x0000000001091088        0x0 ../gameconsole_bsp//libhal_bsp.a(alt_get_fd.o)
 .data          0x0000000001091088        0x0 ../gameconsole_bsp//libhal_bsp.a(alt_icache_flush.o)
 .data          0x0000000001091088        0x0 ../gameconsole_bsp//libhal_bsp.a(alt_instruction_exception_entry.o)
 .data          0x0000000001091088        0x0 /home/jaschutte/Applications/Quartus/nios2eds/bin/gnu/H-x86_64-pc-linux-gnu/bin/../lib/gcc/nios2-elf/5.3.0/../../../../../H-x86_64-pc-linux-gnu/nios2-elf/lib/libc.a(lib_a-atexit.o)
 .data          0x0000000001091088        0x0 /home/jaschutte/Applications/Quartus/nios2eds/bin/gnu/H-x86_64-pc-linux-gnu/bin/../lib/gcc/nios2-elf/5.3.0/../../../../../H-x86_64-pc-linux-gnu/nios2-elf/lib/libc.a(lib_a-exit.o)
 .data          0x0000000001091088        0x0 /home/jaschutte/Applications/Quartus/nios2eds/bin/gnu/H-x86_64-pc-linux-gnu/bin/../lib/gcc/nios2-elf/5.3.0/../../../../../H-x86_64-pc-linux-gnu/nios2-elf/lib/libc.a(lib_a-memcmp.o)
 .data          0x0000000001091088        0x0 /home/jaschutte/Applications/Quartus/nios2eds/bin/gnu/H-x86_64-pc-linux-gnu/bin/../lib/gcc/nios2-elf/5.3.0/../../../../../H-x86_64-pc-linux-gnu/nios2-elf/lib/libc.a(lib_a-__atexit.o)
 .data          0x0000000001091088        0x0 /home/jaschutte/Applications/Quartus/nios2eds/bin/gnu/H-x86_64-pc-linux-gnu/bin/../lib/gcc/nios2-elf/5.3.0/../../../../../H-x86_64-pc-linux-gnu/nios2-elf/lib/libc.a(lib_a-__call_atexit.o)
 .data          0x0000000001091088        0x0 ../gameconsole_bsp//libhal_bsp.a(alt_exit.o)
                0x0000000001099088                _gp = ABSOLUTE ((. + 0x8000))
                [!provide]                        PROVIDE (gp, _gp)
 *(.rwdata .rwdata.*)
 *(.sdata .sdata.* .gnu.linkonce.s.*)
 .sdata._global_impure_ptr
                0x0000000001091088        0x4 /home/jaschutte/Applications/Quartus/nios2eds/bin/gnu/H-x86_64-pc-linux-gnu/bin/../lib/gcc/nios2-elf/5.3.0/../../../../../H-x86_64-pc-linux-gnu/nios2-elf/lib/libc.a(lib_a-impure.o)
                0x0000000001091088                _global_impure_ptr
 .sdata._impure_ptr
                0x000000000109108c        0x4 /home/jaschutte/Applications/Quartus/nios2eds/bin/gnu/H-x86_64-pc-linux-gnu/bin/../lib/gcc/nios2-elf/5.3.0/../../../../../H-x86_64-pc-linux-gnu/nios2-elf/lib/libc.a(lib_a-impure.o)
                0x000000000109108c                _impure_ptr
 .sdata.__mb_cur_max
                0x0000000001091090        0x4 /home/jaschutte/Applications/Quartus/nios2eds/bin/gnu/H-x86_64-pc-linux-gnu/bin/../lib/gcc/nios2-elf/5.3.0/../../../../../H-x86_64-pc-linux-gnu/nios2-elf/lib/libc.a(lib_a-locale.o)
                0x0000000001091090                __mb_cur_max
 .sdata.__malloc_sbrk_base
                0x0000000001091094        0x4 /home/jaschutte/Applications/Quartus/nios2eds/bin/gnu/H-x86_64-pc-linux-gnu/bin/../lib/gcc/nios2-elf/5.3.0/../../../../../H-x86_64-pc-linux-gnu/nios2-elf/lib/libc.a(lib_a-mallocr.o)
                0x0000000001091094                __malloc_sbrk_base
 .sdata.__malloc_trim_threshold
                0x0000000001091098        0x4 /home/jaschutte/Applications/Quartus/nios2eds/bin/gnu/H-x86_64-pc-linux-gnu/bin/../lib/gcc/nios2-elf/5.3.0/../../../../../H-x86_64-pc-linux-gnu/nios2-elf/lib/libc.a(lib_a-mallocr.o)
                0x0000000001091098                __malloc_trim_threshold
 .sdata.__wctomb
                0x000000000109109c        0x4 /home/jaschutte/Applications/Quartus/nios2eds/bin/gnu/H-x86_64-pc-linux-gnu/bin/../lib/gcc/nios2-elf/5.3.0/../../../../../H-x86_64-pc-linux-gnu/nios2-elf/lib/libc.a(lib_a-wctomb_r.o)
                0x000000000109109c                __wctomb
 .sdata         0x00000000010910a0       0x14 ../gameconsole_bsp//libhal_bsp.a(alt_dev.o)
                0x00000000010910a0                alt_fs_list
                0x00000000010910a8                alt_dev_list
                0x00000000010910b0                alt_max_fd
 .sdata         0x00000000010910b4        0x4 ../gameconsole_bsp//libhal_bsp.a(alt_errno.o)
                0x00000000010910b4                alt_errno
 .sdata         0x00000000010910b8        0x4 ../gameconsole_bsp//libhal_bsp.a(alt_irq_vars.o)
                0x00000000010910b8                alt_priority_mask
 .sdata         0x00000000010910bc        0x4 ../gameconsole_bsp//libhal_bsp.a(alt_sbrk.o)
 .sdata         0x00000000010910c0        0x8 ../gameconsole_bsp//libhal_bsp.a(alt_tick.o)
                0x00000000010910c0                alt_alarm_list
 *(.sdata2 .sdata2.* .gnu.linkonce.s2.*)
                0x00000000010910c8                . = ALIGN (0x4)
                0x00000000010910c8                _edata = ABSOLUTE (.)
                [!provide]                        PROVIDE (edata, ABSOLUTE (.))
                0x00000000010910c8                PROVIDE (__ram_rwdata_end, ABSOLUTE (.))
                0x00000000010910c8                PROVIDE (__flash_rwdata_start, LOADADDR (.rwdata))

.bss            0x0000000001092be4      0x160
                0x0000000001092be4                __bss_start = ABSOLUTE (.)
                [!provide]                        PROVIDE (__sbss_start, ABSOLUTE (.))
                [!provide]                        PROVIDE (___sbss_start, ABSOLUTE (.))
 *(.dynsbss)
 *(.sbss .sbss.* .gnu.linkonce.sb.*)
 .sbss._PathLocale
                0x0000000001092be4        0x4 /home/jaschutte/Applications/Quartus/nios2eds/bin/gnu/H-x86_64-pc-linux-gnu/bin/../lib/gcc/nios2-elf/5.3.0/../../../../../H-x86_64-pc-linux-gnu/nios2-elf/lib/libc.a(lib_a-locale.o)
                0x0000000001092be4                _PathLocale
 .sbss.__mlocale_changed
                0x0000000001092be8        0x4 /home/jaschutte/Applications/Quartus/nios2eds/bin/gnu/H-x86_64-pc-linux-gnu/bin/../lib/gcc/nios2-elf/5.3.0/../../../../../H-x86_64-pc-linux-gnu/nios2-elf/lib/libc.a(lib_a-locale.o)
                0x0000000001092be8                __mlocale_changed
 .sbss.__nlocale_changed
                0x0000000001092bec        0x4 /home/jaschutte/Applications/Quartus/nios2eds/bin/gnu/H-x86_64-pc-linux-gnu/bin/../lib/gcc/nios2-elf/5.3.0/../../../../../H-x86_64-pc-linux-gnu/nios2-elf/lib/libc.a(lib_a-locale.o)
                0x0000000001092bec                __nlocale_changed
 .sbss.__malloc_max_total_mem
                0x0000000001092bf0        0x4 /home/jaschutte/Applications/Quartus/nios2eds/bin/gnu/H-x86_64-pc-linux-gnu/bin/../lib/gcc/nios2-elf/5.3.0/../../../../../H-x86_64-pc-linux-gnu/nios2-elf/lib/libc.a(lib_a-mallocr.o)
                0x0000000001092bf0                __malloc_max_total_mem
 .sbss.__malloc_max_sbrked_mem
                0x0000000001092bf4        0x4 /home/jaschutte/Applications/Quartus/nios2eds/bin/gnu/H-x86_64-pc-linux-gnu/bin/../lib/gcc/nios2-elf/5.3.0/../../../../../H-x86_64-pc-linux-gnu/nios2-elf/lib/libc.a(lib_a-mallocr.o)
                0x0000000001092bf4                __malloc_max_sbrked_mem
 .sbss.__malloc_top_pad
                0x0000000001092bf8        0x4 /home/jaschutte/Applications/Quartus/nios2eds/bin/gnu/H-x86_64-pc-linux-gnu/bin/../lib/gcc/nios2-elf/5.3.0/../../../../../H-x86_64-pc-linux-gnu/nios2-elf/lib/libc.a(lib_a-mallocr.o)
                0x0000000001092bf8                __malloc_top_pad
 .sbss          0x0000000001092bfc        0x4 /home/jaschutte/Applications/Quartus/nios2eds/bin/gnu/H-x86_64-pc-linux-gnu/bin/../lib/gcc/nios2-elf/5.3.0/../../../../../H-x86_64-pc-linux-gnu/nios2-elf/lib/libc.a(lib_a-int_errno.o)
                0x0000000001092bfc                errno
 .sbss          0x0000000001092c00        0x4 ../gameconsole_bsp//libhal_bsp.a(alt_irq_vars.o)
                0x0000000001092c00                alt_irq_active
 .sbss          0x0000000001092c04        0xc ../gameconsole_bsp//libhal_bsp.a(alt_main.o)
                0x0000000001092c04                alt_argc
                0x0000000001092c08                alt_argv
                0x0000000001092c0c                alt_envp
 .sbss          0x0000000001092c10        0x8 ../gameconsole_bsp//libhal_bsp.a(alt_tick.o)
                0x0000000001092c10                _alt_tick_rate
                0x0000000001092c14                _alt_nticks
 .sbss          0x0000000001092c18        0x4 ../gameconsole_bsp//libhal_bsp.a(alt_instruction_exception_entry.o)
                0x0000000001092c18                alt_instruction_exception_handler
 *(.sbss2 .sbss2.* .gnu.linkonce.sb2.*)
 *(.scommon)
                [!provide]                        PROVIDE (__sbss_end, ABSOLUTE (.))
                [!provide]                        PROVIDE (___sbss_end, ABSOLUTE (.))
 *(.dynbss)
 *(.bss .bss.* .gnu.linkonce.b.*)
 .bss           0x0000000001092c1c        0x0 ../gameconsole_bsp//obj/HAL/src/crt0.o
 .bss           0x0000000001092c1c        0x0 obj/default/hello_world.o
 .bss           0x0000000001092c1c        0x0 /home/jaschutte/Applications/Quartus/nios2eds/bin/gnu/H-x86_64-pc-linux-gnu/bin/../lib/gcc/nios2-elf/5.3.0/../../../../../H-x86_64-pc-linux-gnu/nios2-elf/lib/libc.a(lib_a-printf.o)
 .bss           0x0000000001092c1c        0x0 /home/jaschutte/Applications/Quartus/nios2eds/bin/gnu/H-x86_64-pc-linux-gnu/bin/../lib/gcc/nios2-elf/5.3.0/../../../../../H-x86_64-pc-linux-gnu/nios2-elf/lib/libc.a(lib_a-puts.o)
 .bss           0x0000000001092c1c        0x0 /home/jaschutte/Applications/Quartus/nios2eds/bin/gnu/H-x86_64-pc-linux-gnu/bin/../lib/gcc/nios2-elf/5.3.0/../../../../../H-x86_64-pc-linux-gnu/nios2-elf/lib/libc.a(lib_a-strlen.o)
 .bss           0x0000000001092c1c        0x0 /home/jaschutte/Applications/Quartus/nios2eds/bin/gnu/H-x86_64-pc-linux-gnu/bin/../lib/gcc/nios2-elf/5.3.0/../../../../../H-x86_64-pc-linux-gnu/nios2-elf/lib/libc.a(lib_a-vfprintf.o)
 .bss           0x0000000001092c1c        0x0 /home/jaschutte/Applications/Quartus/nios2eds/bin/gnu/H-x86_64-pc-linux-gnu/bin/../lib/gcc/nios2-elf/5.3.0/../../../../../H-x86_64-pc-linux-gnu/nios2-elf/lib/libc.a(lib_a-wsetup.o)
 .bss           0x0000000001092c1c        0x0 /home/jaschutte/Applications/Quartus/nios2eds/bin/gnu/H-x86_64-pc-linux-gnu/bin/../lib/gcc/nios2-elf/5.3.0/../../../../../H-x86_64-pc-linux-gnu/nios2-elf/lib/libc.a(lib_a-dtoa.o)
 .bss           0x0000000001092c1c        0x0 /home/jaschutte/Applications/Quartus/nios2eds/bin/gnu/H-x86_64-pc-linux-gnu/bin/../lib/gcc/nios2-elf/5.3.0/../../../../../H-x86_64-pc-linux-gnu/nios2-elf/lib/libc.a(lib_a-fflush.o)
 .bss           0x0000000001092c1c        0x0 /home/jaschutte/Applications/Quartus/nios2eds/bin/gnu/H-x86_64-pc-linux-gnu/bin/../lib/gcc/nios2-elf/5.3.0/../../../../../H-x86_64-pc-linux-gnu/nios2-elf/lib/libc.a(lib_a-findfp.o)
 .bss           0x0000000001092c1c        0x0 /home/jaschutte/Applications/Quartus/nios2eds/bin/gnu/H-x86_64-pc-linux-gnu/bin/../lib/gcc/nios2-elf/5.3.0/../../../../../H-x86_64-pc-linux-gnu/nios2-elf/lib/libc.a(lib_a-freer.o)
 .bss           0x0000000001092c1c        0x0 /home/jaschutte/Applications/Quartus/nios2eds/bin/gnu/H-x86_64-pc-linux-gnu/bin/../lib/gcc/nios2-elf/5.3.0/../../../../../H-x86_64-pc-linux-gnu/nios2-elf/lib/libc.a(lib_a-fvwrite.o)
 .bss           0x0000000001092c1c        0x0 /home/jaschutte/Applications/Quartus/nios2eds/bin/gnu/H-x86_64-pc-linux-gnu/bin/../lib/gcc/nios2-elf/5.3.0/../../../../../H-x86_64-pc-linux-gnu/nios2-elf/lib/libc.a(lib_a-fwalk.o)
 .bss           0x0000000001092c1c        0x0 /home/jaschutte/Applications/Quartus/nios2eds/bin/gnu/H-x86_64-pc-linux-gnu/bin/../lib/gcc/nios2-elf/5.3.0/../../../../../H-x86_64-pc-linux-gnu/nios2-elf/lib/libc.a(lib_a-impure.o)
 .bss           0x0000000001092c1c        0x0 /home/jaschutte/Applications/Quartus/nios2eds/bin/gnu/H-x86_64-pc-linux-gnu/bin/../lib/gcc/nios2-elf/5.3.0/../../../../../H-x86_64-pc-linux-gnu/nios2-elf/lib/libc.a(lib_a-locale.o)
 .bss           0x0000000001092c1c        0x0 /home/jaschutte/Applications/Quartus/nios2eds/bin/gnu/H-x86_64-pc-linux-gnu/bin/../lib/gcc/nios2-elf/5.3.0/../../../../../H-x86_64-pc-linux-gnu/nios2-elf/lib/libc.a(lib_a-makebuf.o)
 .bss           0x0000000001092c1c        0x0 /home/jaschutte/Applications/Quartus/nios2eds/bin/gnu/H-x86_64-pc-linux-gnu/bin/../lib/gcc/nios2-elf/5.3.0/../../../../../H-x86_64-pc-linux-gnu/nios2-elf/lib/libc.a(lib_a-mallocr.o)
 .bss.__malloc_current_mallinfo
                0x0000000001092c1c       0x28 /home/jaschutte/Applications/Quartus/nios2eds/bin/gnu/H-x86_64-pc-linux-gnu/bin/../lib/gcc/nios2-elf/5.3.0/../../../../../H-x86_64-pc-linux-gnu/nios2-elf/lib/libc.a(lib_a-mallocr.o)
                0x0000000001092c1c                __malloc_current_mallinfo
 .bss           0x0000000001092c44        0x0 /home/jaschutte/Applications/Quartus/nios2eds/bin/gnu/H-x86_64-pc-linux-gnu/bin/../lib/gcc/nios2-elf/5.3.0/../../../../../H-x86_64-pc-linux-gnu/nios2-elf/lib/libc.a(lib_a-memchr.o)
 .bss           0x0000000001092c44        0x0 /home/jaschutte/Applications/Quartus/nios2eds/bin/gnu/H-x86_64-pc-linux-gnu/bin/../lib/gcc/nios2-elf/5.3.0/../../../../../H-x86_64-pc-linux-gnu/nios2-elf/lib/libc.a(lib_a-memcpy.o)
 .bss           0x0000000001092c44        0x0 /home/jaschutte/Applications/Quartus/nios2eds/bin/gnu/H-x86_64-pc-linux-gnu/bin/../lib/gcc/nios2-elf/5.3.0/../../../../../H-x86_64-pc-linux-gnu/nios2-elf/lib/libc.a(lib_a-memmove.o)
 .bss           0x0000000001092c44        0x0 /home/jaschutte/Applications/Quartus/nios2eds/bin/gnu/H-x86_64-pc-linux-gnu/bin/../lib/gcc/nios2-elf/5.3.0/../../../../../H-x86_64-pc-linux-gnu/nios2-elf/lib/libc.a(lib_a-memset.o)
 .bss           0x0000000001092c44        0x0 /home/jaschutte/Applications/Quartus/nios2eds/bin/gnu/H-x86_64-pc-linux-gnu/bin/../lib/gcc/nios2-elf/5.3.0/../../../../../H-x86_64-pc-linux-gnu/nios2-elf/lib/libc.a(lib_a-mprec.o)