Archive member included to satisfy reference by file (symbol)

/home/jaschutte/Applications/Quartus/nios2eds/bin/gnu/H-x86_64-pc-linux-gnu/bin/../lib/gcc/nios2-elf/5.3.0/../../../../../H-x86_64-pc-linux-gnu/nios2-elf/lib/libc.a(lib_a-puts.o)
                              obj/default/hello_world.o (puts)
/home/jaschutte/Applications/Quartus/nios2eds/bin/gnu/H-x86_64-pc-linux-gnu/bin/../lib/gcc/nios2-elf/5.3.0/../../../../../H-x86_64-pc-linux-gnu/nios2-elf/lib/libc.a(lib_a-strlen.o)
                              /home/jaschutte/Applications/Quartus/nios2eds/bin/gnu/H-x86_64-pc-linux-gnu/bin/../lib/gcc/nios2-elf/5.3.0/../../../../../H-x86_64-pc-linux-gnu/nios2-elf/lib/libc.a(lib_a-puts.o) (strlen)
/home/jaschutte/Applications/Quartus/nios2eds/bin/gnu/H-x86_64-pc-linux-gnu/bin/../lib/gcc/nios2-elf/5.3.0/../../../../../H-x86_64-pc-linux-gnu/nios2-elf/lib/libc.a(lib_a-findfp.o)
                              /home/jaschutte/Applications/Quartus/nios2eds/bin/gnu/H-x86_64-pc-linux-gnu/bin/../lib/gcc/nios2-elf/5.3.0/../../../../../H-x86_64-pc-linux-gnu/nios2-elf/lib/libc.a(lib_a-puts.o) (__sinit)
/home/jaschutte/Applications/Quartus/nios2eds/bin/gnu/H-x86_64-pc-linux-gnu/bin/../lib/gcc/nios2-elf/5.3.0/../../../../../H-x86_64-pc-linux-gnu/nios2-elf/lib/libc.a(lib_a-fvwrite.o)
                              /home/jaschutte/Applications/Quartus/nios2eds/bin/gnu/H-x86_64-pc-linux-gnu/bin/../lib/gcc/nios2-elf/5.3.0/../../../../../H-x86_64-pc-linux-gnu/nios2-elf/lib/libc.a(lib_a-puts.o) (__sfvwrite_r)
/home/jaschutte/Applications/Quartus/nios2eds/bin/gnu/H-x86_64-pc-linux-gnu/bin/../lib/gcc/nios2-elf/5.3.0/../../../../../H-x86_64-pc-linux-gnu/nios2-elf/lib/libc.a(lib_a-fwalk.o)
                              /home/jaschutte/Applications/Quartus/nios2eds/bin/gnu/H-x86_64-pc-linux-gnu/bin/../lib/gcc/nios2-elf/5.3.0/../../../../../H-x86_64-pc-linux-gnu/nios2-elf/lib/libc.a(lib_a-findfp.o) (_fwalk)
/home/jaschutte/Applications/Quartus/nios2eds/bin/gnu/H-x86_64-pc-linux-gnu/bin/../lib/gcc/nios2-elf/5.3.0/../../../../../H-x86_64-pc-linux-gnu/nios2-elf/lib/libc.a(lib_a-impure.o)
                              /home/jaschutte/Applications/Quartus/nios2eds/bin/gnu/H-x86_64-pc-linux-gnu/bin/../lib/gcc/nios2-elf/5.3.0/../../../../../H-x86_64-pc-linux-gnu/nios2-elf/lib/libc.a(lib_a-findfp.o) (_global_impure_ptr)
/home/jaschutte/Applications/Quartus/nios2eds/bin/gnu/H-x86_64-pc-linux-gnu/bin/../lib/gcc/nios2-elf/5.3.0/../../../../../H-x86_64-pc-linux-gnu/nios2-elf/lib/libc.a(lib_a-mallocr.o)
                              /home/jaschutte/Applications/Quartus/nios2eds/bin/gnu/H-x86_64-pc-linux-gnu/bin/../lib/gcc/nios2-elf/5.3.0/../../../../../H-x86_64-pc-linux-gnu/nios2-elf/lib/libc.a(lib_a-findfp.o) (_malloc_r)
/home/jaschutte/Applications/Quartus/nios2eds/bin/gnu/H-x86_64-pc-linux-gnu/bin/../lib/gcc/nios2-elf/5.3.0/../../../../../H-x86_64-pc-linux-gnu/nios2-elf/lib/libc.a(lib_a-memchr.o)
                              /home/jaschutte/Applications/Quartus/nios2eds/bin/gnu/H-x86_64-pc-linux-gnu/bin/../lib/gcc/nios2-elf/5.3.0/../../../../../H-x86_64-pc-linux-gnu/nios2-elf/lib/libc.a(lib_a-fvwrite.o) (memchr)
/home/jaschutte/Applications/Quartus/nios2eds/bin/gnu/H-x86_64-pc-linux-gnu/bin/../lib/gcc/nios2-elf/5.3.0/../../../../../H-x86_64-pc-linux-gnu/nios2-elf/lib/libc.a(lib_a-memcpy.o)
                              /home/jaschutte/Applications/Quartus/nios2eds/bin/gnu/H-x86_64-pc-linux-gnu/bin/../lib/gcc/nios2-elf/5.3.0/../../../../../H-x86_64-pc-linux-gnu/nios2-elf/lib/libc.a(lib_a-fvwrite.o) (memcpy)
/home/jaschutte/Applications/Quartus/nios2eds/bin/gnu/H-x86_64-pc-linux-gnu/bin/../lib/gcc/nios2-elf/5.3.0/../../../../../H-x86_64-pc-linux-gnu/nios2-elf/lib/libc.a(lib_a-memmove.o)
                              /home/jaschutte/Applications/Quartus/nios2eds/bin/gnu/H-x86_64-pc-linux-gnu/bin/../lib/gcc/nios2-elf/5.3.0/../../../../../H-x86_64-pc-linux-gnu/nios2-elf/lib/libc.a(lib_a-fvwrite.o) (memmove)
/home/jaschutte/Applications/Quartus/nios2eds/bin/gnu/H-x86_64-pc-linux-gnu/bin/../lib/gcc/nios2-elf/5.3.0/../../../../../H-x86_64-pc-linux-gnu/nios2-elf/lib/libc.a(lib_a-memset.o)
                              /home/jaschutte/Applications/Quartus/nios2eds/bin/gnu/H-x86_64-pc-linux-gnu/bin/../lib/gcc/nios2-elf/5.3.0/../../../../../H-x86_64-pc-linux-gnu/nios2-elf/lib/libc.a(lib_a-findfp.o) (memset)
/home/jaschutte/Applications/Quartus/nios2eds/bin/gnu/H-x86_64-pc-linux-gnu/bin/../lib/gcc/nios2-elf/5.3.0/../../../../../H-x86_64-pc-linux-gnu/nios2-elf/lib/libc.a(lib_a-reallocr.o)
                              /home/jaschutte/Applications/Quartus/nios2eds/bin/gnu/H-x86_64-pc-linux-gnu/bin/../lib/gcc/nios2-elf/5.3.0/../../../../../H-x86_64-pc-linux-gnu/nios2-elf/lib/libc.a(lib_a-fvwrite.o) (_realloc_r)
/home/jaschutte/Applications/Quartus/nios2eds/bin/gnu/H-x86_64-pc-linux-gnu/bin/../lib/gcc/nios2-elf/5.3.0/../../../../../H-x86_64-pc-linux-gnu/nios2-elf/lib/libc.a(lib_a-sbrkr.o)
[...]
Memory Configuration

Name             Origin             Length             Attributes
new_sdram_controller_0 0x0000000000800000 0x0000000000800000
reset            0x0000000001080000 0x0000000000000020
onchip_memory2_0 0x0000000001080020 0x0000000000061a60
*default*        0x0000000000000000 0xffffffffffffffff

Linker script and memory map

LOAD ../gameconsole_bsp//obj/HAL/src/crt0.o
LOAD obj/default/hello_world.o
LOAD /home/jaschutte/Applications/Quartus/nios2eds/bin/gnu/H-x86_64-pc-linux-gnu/bin/../lib/gcc/nios2-elf/5.3.0/../../../../../H-x86_64-pc-linux-gnu/nios2-elf/lib/libstdc++.a
LOAD /home/jaschutte/Applications/Quartus/nios2eds/bin/gnu/H-x86_64-pc-linux-gnu/bin/../lib/gcc/nios2-elf/5.3.0/../../../../../H-x86_64-pc-linux-gnu/nios2-elf/lib/libm.a
LOAD /home/jaschutte/Applications/Quartus/nios2eds/bin/gnu/H-x86_64-pc-linux-gnu/bin/../lib/gcc/nios2-elf/5.3.0/libgcc.a
START GROUP
LOAD /home/jaschutte/Applications/Quartus/nios2eds/bin/gnu/H-x86_64-pc-linux-gnu/bin/../lib/gcc/nios2-elf/5.3.0/../../../../../H-x86_64-pc-linux-gnu/nios2-elf/lib/libc.a
LOAD /home/jaschutte/Applications/Quartus/nios2eds/bin/gnu/H-x86_64-pc-linux-gnu/bin/../lib/gcc/nios2-elf/5.3.0/libgcc.a
LOAD ../gameconsole_bsp//libhal_bsp.a
LOAD /home/jaschutte/Applications/Quartus/nios2eds/bin/gnu/H-x86_64-pc-linux-gnu/bin/../lib/gcc/nios2-elf/5.3.0/../../../../../H-x86_64-pc-linux-gnu/nios2-elf/lib/libm.a
END GROUP
LOAD /home/jaschutte/Applications/Quartus/nios2eds/bin/gnu/H-x86_64-pc-linux-gnu/bin/../lib/gcc/nios2-elf/5.3.0/libgcc.a
                0x0000000000800000                __alt_mem_new_sdram_controller_0 = 0x800000
                0x0000000001080000                __alt_mem_onchip_memory2_0 = 0x1080000

.entry          0x0000000001080000       0x20
 *(.entry)
 .entry         0x0000000001080000       0x20 ../gameconsole_bsp//obj/HAL/src/crt0.o
                0x0000000001080000                __reset

.exceptions     0x0000000001080020      0x228
                0x0000000001080020                PROVIDE (__ram_exceptions_start, ABSOLUTE (.))
                0x0000000001080020                . = ALIGN (0x20)
 *(.irq)
 *(.exceptions.entry.label)
 .exceptions.entry.label
                0x0000000001080020        0x0 ../gameconsole_bsp//libhal_bsp.a(alt_irq_entry.o)
                0x0000000001080020                alt_irq_entry
 .exceptions.entry.label
                0x0000000001080020        0x0 ../gameconsole_bsp//libhal_bsp.a(alt_exception_entry.o)
                0x0000000001080020                alt_exception
 *(.exceptions.entry.user)
 *(.exceptions.entry.ecc_fatal)
 *(.exceptions.entry)
 .exceptions.entry
                0x0000000001080020       0x54 ../gameconsole_bsp//libhal_bsp.a(alt_exception_entry.o)
 *(.exceptions.irqtest.user)
 *(.exceptions.irqtest)
 .exceptions.irqtest
                0x0000000001080074       0x10 ../gameconsole_bsp//libhal_bsp.a(alt_irq_entry.o)
 *(.exceptions.irqhandler.user)
 *(.exceptions.irqhandler)
 .exceptions.irqhandler
                0x0000000001080084        0x4 ../gameconsole_bsp//libhal_bsp.a(alt_irq_entry.o)
 *(.exceptions.irqreturn.user)
 *(.exceptions.irqreturn)
 .exceptions.irqreturn
                0x0000000001080088        0x4 ../gameconsole_bsp//libhal_bsp.a(alt_irq_entry.o)
 *(.exceptions.notirq.label)
 .exceptions.notirq.label
                0x000000000108008c        0x0 ../gameconsole_bsp//libhal_bsp.a(alt_irq_entry.o)
 *(.exceptions.notirq.user)
 *(.exceptions.notirq)
 .exceptions.notirq
                0x000000000108008c        0x8 ../gameconsole_bsp//libhal_bsp.a(alt_exception_entry.o)
 *(.exceptions.soft.user)
 *(.exceptions.soft)
 *(.exceptions.unknown.user)
 *(.exceptions.unknown)
 .exceptions.unknown
                0x0000000001080094       0x14 ../gameconsole_bsp//libhal_bsp.a(alt_exception_entry.o)
 *(.exceptions.exit.label)
 .exceptions.exit.label
                0x00000000010800a8        0x0 ../gameconsole_bsp//libhal_bsp.a(alt_irq_entry.o)
 .exceptions.exit.label
                0x00000000010800a8        0x0 ../gameconsole_bsp//libhal_bsp.a(alt_exception_entry.o)
 *(.exceptions.exit.user)
 *(.exceptions.exit)
 .exceptions.exit
                0x00000000010800a8       0x54 ../gameconsole_bsp//libhal_bsp.a(alt_exception_entry.o)
 *(.exceptions)
 .exceptions    0x00000000010800fc       0xd8 ../gameconsole_bsp//libhal_bsp.a(alt_irq_handler.o)
                0x00000000010800fc                alt_irq_handler
 .exceptions    0x00000000010801d4       0x74 ../gameconsole_bsp//libhal_bsp.a(alt_instruction_exception_entry.o)
                0x00000000010801d4                alt_instruction_exception_entry
                0x0000000001080248                PROVIDE (__ram_exceptions_end, ABSOLUTE (.))
                0x0000000001080020                PROVIDE (__flash_exceptions_start, LOADADDR (.exceptions))

.text           0x0000000001080248     0x655c
                [!provide]                        PROVIDE (stext, ABSOLUTE (.))
 *(.interp)
 *(.hash)
 *(.dynsym)
 *(.dynstr)
 *(.gnu.version)
 *(.gnu.version_d)
 *(.gnu.version_r)
 *(.rel.init)
 *(.rela.init)
 *(.rel.text .rel.text.* .rel.gnu.linkonce.t.*)
 *(.rela.text .rela.text.* .rela.gnu.linkonce.t.*)
 *(.rel.fini)
 *(.rela.fini)
 *(.rel.rodata .rel.rodata.* .rel.gnu.linkonce.r.*)
 *(.rela.rodata .rela.rodata.* .rela.gnu.linkonce.r.*)
 *(.rel.data .rel.data.* .rel.gnu.linkonce.d.*)
 *(.rela.data .rela.data.* .rela.gnu.linkonce.d.*)
 *(.rel.tdata .rel.tdata.* .rel.gnu.linkonce.td.*)
 *(.rela.tdata .rela.tdata.* .rela.gnu.linkonce.td.*)
 *(.rel.tbss .rel.tbss.* .rel.gnu.linkonce.tb.*)
 *(.rela.tbss .rela.tbss.* .rela.gnu.linkonce.tb.*)
 *(.rel.ctors)
 *(.rela.ctors)
 *(.rel.dtors)
 *(.rela.dtors)
 *(.rel.got)
 *(.rela.got)
 *(.rel.sdata .rel.sdata.* .rel.gnu.linkonce.s.*)
 *(.rela.sdata .rela.sdata.* .rela.gnu.linkonce.s.*)
 *(.rel.sbss .rel.sbss.* .rel.gnu.linkonce.sb.*)
 *(.rela.sbss .rela.sbss.* .rela.gnu.linkonce.sb.*)
 *(.rel.sdata2 .rel.sdata2.* .rel.gnu.linkonce.s2.*)
 *(.rela.sdata2 .rela.sdata2.* .rela.gnu.linkonce.s2.*)
 *(.rel.sbss2 .rel.sbss2.* .rel.gnu.linkonce.sb2.*)
 *(.rela.sbss2 .rela.sbss2.* .rela.gnu.linkonce.sb2.*)
 *(.rel.bss .rel.bss.* .rel.gnu.linkonce.b.*)
 *(.rela.bss .rela.bss.* .rela.gnu.linkonce.b.*)
 *(.rel.plt)
 *(.rela.plt)
 *(.rel.dyn)
 *(.init)
 *(.plt)
 *(.text .stub .text.* .gnu.linkonce.t.*)
 .text          0x0000000001080248       0x4c ../gameconsole_bsp//obj/HAL/src/crt0.o
                0x0000000001080248                _start
 .text          0x0000000001080294      0x134 obj/default/hello_world.o
                0x0000000001080294                set_pixel_color
                0x00000000010802e4                update_screen
                0x0000000001080324                main
 .text          0x00000000010803c8        0x0 /home/jaschutte/Applications/Quartus/nios2eds/bin/gnu/H-x86_64-pc-linux-gnu/bin/../lib/gcc/nios2-elf/5.3.0/../../../../../H-x86_64-pc-linux-gnu/nios2-elf/lib/libc.a(lib_a-puts.o)
 .text._puts_r  0x00000000010803c8       0xc0 /home/jaschutte/Applications/Quartus/nios2eds/bin/gnu/H-x86_64-pc-linux-gnu/bin/../lib/gcc/nios2-elf/5.3.0/../../../../../H-x86_64-pc-linux-gnu/nios2-elf/lib/libc.a(lib_a-puts.o)
                0x00000000010803c8                _puts_r
 .text.puts     0x0000000001080488       0x14 /home/jaschutte/Applications/Quartus/nios2eds/bin/gnu/H-x86_64-pc-linux-gnu/bin/../lib/gcc/nios2-elf/5.3.0/../../../../../H-x86_64-pc-linux-gnu/nios2-elf/lib/libc.a(lib_a-puts.o)
                0x0000000001080488                puts
 .text          0x000000000108049c        0x0 /home/jaschutte/Applications/Quartus/nios2eds/bin/gnu/H-x86_64-pc-linux-gnu/bin/../lib/gcc/nios2-elf/5.3.0/../../../../../H-x86_64-pc-linux-gnu/nios2-elf/lib/libc.a(lib_a-strlen.o)
 .text.strlen   0x000000000108049c       0x98 /home/jaschutte/Applications/Quartus/nios2eds/bin/gnu/H-x86_64-pc-linux-gnu/bin/../lib/gcc/nios2-elf/5.3.0/../../../../../H-x86_64-pc-linux-gnu/nios2-elf/lib/libc.a(lib_a-strlen.o)
                0x000000000108049c                strlen
 .text          0x0000000001080534        0x0 /home/jaschutte/Applications/Quartus/nios2eds/bin/gnu/H-x86_64-pc-linux-gnu/bin/../lib/gcc/nios2-elf/5.3.0/../../../../../H-x86_64-pc-linux-gnu/nios2-elf/lib/libc.a(lib_a-findfp.o)
 .text.__fp_unlock
                0x0000000001080534        0x8 /home/jaschutte/Applications/Quartus/nios2eds/bin/gnu/H-x86_64-pc-linux-gnu/bin/../lib/gcc/nios2-elf/5.3.0/../../../../../H-x86_64-pc-linux-gnu/nios2-elf/lib/libc.a(lib_a-findfp.o)
 .text._cleanup_r
                0x000000000108053c        0xc /home/jaschutte/Applications/Quartus/nios2eds/bin/gnu/H-x86_64-pc-linux-gnu/bin/../lib/gcc/nios2-elf/5.3.0/../../../../../H-x86_64-pc-linux-gnu/nios2-elf/lib/libc.a(lib_a-findfp.o)
                0x000000000108053c                _cleanup_r
 .text.__sinit.part.1
                0x0000000001080548      0x19c /home/jaschutte/Applications/Quartus/nios2eds/bin/gnu/H-x86_64-pc-linux-gnu/bin/../lib/gcc/nios2-elf/5.3.0/../../../../../H-x86_64-pc-linux-gnu/nios2-elf/lib/libc.a(lib_a-findfp.o)
 .text.__fp_lock
                0x00000000010806e4        0x8 /home/jaschutte/Applications/Quartus/nios2eds/bin/gnu/H-x86_64-pc-linux-gnu/bin/../lib/gcc/nios2-elf/5.3.0/../../../../../H-x86_64-pc-linux-gnu/nios2-elf/lib/libc.a(lib_a-findfp.o)
 .text.__sfmoreglue
                0x00000000010806ec       0x68 /home/jaschutte/Applications/Quartus/nios2eds/bin/gnu/H-x86_64-pc-linux-gnu/bin/../lib/gcc/nios2-elf/5.3.0/../../../../../H-x86_64-pc-linux-gnu/nios2-elf/lib/libc.a(lib_a-findfp.o)
                0x00000000010806ec                __sfmoreglue
 .text.__sfp    0x0000000001080754      0x118 /home/jaschutte/Applications/Quartus/nios2eds/bin/gnu/H-x86_64-pc-linux-gnu/bin/../lib/gcc/nios2-elf/5.3.0/../../../../../H-x86_64-pc-linux-gnu/nios2-elf/lib/libc.a(lib_a-findfp.o)
                0x0000000001080754                __sfp
 .text._cleanup
                0x000000000108086c       0x18 /home/jaschutte/Applications/Quartus/nios2eds/bin/gnu/H-x86_64-pc-linux-gnu/bin/../lib/gcc/nios2-elf/5.3.0/../../../../../H-x86_64-pc-linux-gnu/nios2-elf/lib/libc.a(lib_a-findfp.o)
                0x000000000108086c                _cleanup
 .text.__sinit  0x0000000001080884       0x10 /home/jaschutte/Applications/Quartus/nios2eds/bin/gnu/H-x86_64-pc-linux-gnu/bin/../lib/gcc/nios2-elf/5.3.0/../../../../../H-x86_64-pc-linux-gnu/nios2-elf/lib/libc.a(lib_a-findfp.o)
                0x0000000001080884                __sinit
 .text.__sfp_lock_acquire
                0x0000000001080894        0x4 /home/jaschutte/Applications/Quartus/nios2eds/bin/gnu/H-x86_64-pc-linux-gnu/bin/../lib/gcc/nios2-elf/5.3.0/../../../../../H-x86_64-pc-linux-gnu/nios2-elf/lib/libc.a(lib_a-findfp.o)
                0x0000000001080894                __sfp_lock_acquire
 .text.__sfp_lock_release
                0x0000000001080898        0x4 /home/jaschutte/Applications/Quartus/nios2eds/bin/gnu/H-x86_64-pc-linux-gnu/bin/../lib/gcc/nios2-elf/5.3.0/../../../../../H-x86_64-pc-linux-gnu/nios2-elf/lib/libc.a(lib_a-findfp.o)
                0x0000000001080898                __sfp_lock_release
 .text.__sinit_lock_acquire
                0x000000000108089c        0x4 /home/jaschutte/Applications/Quartus/nios2eds/bin/gnu/H-x86_64-pc-linux-gnu/bin/../lib/gcc/nios2-elf/5.3.0/../../../../../H-x86_64-pc-linux-gnu/nios2-elf/lib/libc.a(lib_a-findfp.o)
                0x000000000108089c                __sinit_lock_acquire
 .text.__sinit_lock_release
                0x00000000010808a0        0x4 /home/jaschutte/Applications/Quartus/nios2eds/bin/gnu/H-x86_64-pc-linux-gnu/bin/../lib/gcc/nios2-elf/5.3.0/../../../../../H-x86_64-pc-linux-gnu/nios2-elf/lib/libc.a(lib_a-findfp.o)
                0x00000000010808a0                __sinit_lock_release
 .text.__fp_lock_all
                0x00000000010808a4       0x18 /home/jaschutte/Applications/Quartus/nios2eds/bin/gnu/H-x86_64-pc-linux-gnu/bin/../lib/gcc/nios2-elf/5.3.0/../../../../../H-x86_64-pc-linux-gnu/nios2-elf/lib/libc.a(lib_a-findfp.o)
                0x00000000010808a4                __fp_lock_all
 .text.__fp_unlock_all
                0x00000000010808bc       0x18 /home/jaschutte/Applications/Quartus/nios2eds/bin/gnu/H-x86_64-pc-linux-gnu/bin/../lib/gcc/nios2-elf/5.3.0/../../../../../H-x86_64-pc-linux-gnu/nios2-elf/lib/libc.a(lib_a-findfp.o)
                0x00000000010808bc                __fp_unlock_all
 .text          0x00000000010808d4        0x0 /home/jaschutte/Applications/Quartus/nios2eds/bin/gnu/H-x86_64-pc-linux-gnu/bin/../lib/gcc/nios2-elf/5.3.0/../../../../../H-x86_64-pc-linux-gnu/nios2-elf/lib/libc.a(lib_a-fvwrite.o)
 .text.__sfvwrite_r
                0x00000000010808d4      0x4bc /home/jaschutte/Applications/Quartus/nios2eds/bin/gnu/H-x86_64-pc-linux-gnu/bin/../lib/gcc/nios2-elf/5.3.0/../../../../../H-x86_64-pc-linux-gnu/nios2-elf/lib/libc.a(lib_a-fvwrite.o)
                0x00000000010808d4                __sfvwrite_r
 .text          0x0000000001080d90        0x0 /home/jaschutte/Applications/Quartus/nios2eds/bin/gnu/H-x86_64-pc-linux-gnu/bin/../lib/gcc/nios2-elf/5.3.0/../../../../../H-x86_64-pc-linux-gnu/nios2-elf/lib/libc.a(lib_a-fwalk.o)
 .text._fwalk   0x0000000001080d90       0xc4 /home/jaschutte/Applications/Quartus/nios2eds/bin/gnu/H-x86_64-pc-linux-gnu/bin/../lib/gcc/nios2-elf/5.3.0/../../../../../H-x86_64-pc-linux-gnu/nios2-elf/lib/libc.a(lib_a-fwalk.o)
                0x0000000001080d90                _fwalk
 .text._fwalk_reent
                0x0000000001080e54       0xc4 /home/jaschutte/Applications/Quartus/nios2eds/bin/gnu/H-x86_64-pc-linux-gnu/bin/../lib/gcc/nios2-elf/5.3.0/../../../../../H-x86_64-pc-linux-gnu/nios2-elf/lib/libc.a(lib_a-fwalk.o)
                0x0000000001080e54                _fwalk_reent
 .text          0x0000000001080f18        0x0 /home/jaschutte/Applications/Quartus/nios2eds/bin/gnu/H-x86_64-pc-linux-gnu/bin/../lib/gcc/nios2-elf/5.3.0/../../../../../H-x86_64-pc-linux-gnu/nios2-elf/lib/libc.a(lib_a-impure.o)
 .text          0x0000000001080f18        0x0 /home/jaschutte/Applications/Quartus/nios2eds/bin/gnu/H-x86_64-pc-linux-gnu/bin/../lib/gcc/nios2-elf/5.3.0/../../../../../H-x86_64-pc-linux-gnu/nios2-elf/lib/libc.a(lib_a-mallocr.o)
 .text._malloc_r
                0x0000000001080f18      0x80c /home/jaschutte/Applications/Quartus/nios2eds/bin/gnu/H-x86_64-pc-linux-gnu/bin/../lib/gcc/nios2-elf/5.3.0/../../../../../H-x86_64-pc-linux-gnu/nios2-elf/lib/libc.a(lib_a-mallocr.o)
                0x0000000001080f18                _malloc_r
 .text          0x0000000001081724        0x0 /home/jaschutte/Applications/Quartus/nios2eds/bin/gnu/H-x86_64-pc-linux-gnu/bin/../lib/gcc/nios2-elf/5.3.0/../../../../../H-x86_64-pc-linux-gnu/nios2-elf/lib/libc.a(lib_a-memchr.o)
 .text.memchr   0x0000000001081724       0xe4 /home/jaschutte/Applications/Quartus/nios2eds/bin/gnu/H-x86_64-pc-linux-gnu/bin/../lib/gcc/nios2-elf/5.3.0/../../../../../H-x86_64-pc-linux-gnu/nios2-elf/lib/libc.a(lib_a-memchr.o)
                0x0000000001081724                memchr
 .text          0x0000000001081808        0x0 /home/jaschutte/Applications/Quartus/nios2eds/bin/gnu/H-x86_64-pc-linux-gnu/bin/../lib/gcc/nios2-elf/5.3.0/../../../../../H-x86_64-pc-linux-gnu/nios2-elf/lib/libc.a(lib_a-memcpy.o)
 .text.memcpy   0x0000000001081808      0x148 /home/jaschutte/Applications/Quartus/nios2eds/bin/gnu/H-x86_64-pc-linux-gnu/bin/../lib/gcc/nios2-elf/5.3.0/../../../../../H-x86_64-pc-linux-gnu/nios2-elf/lib/libc.a(lib_a-memcpy.o)
                0x0000000001081808                memcpy
 .text          0x0000000001081950        0x0 /home/jaschutte/Applications/Quartus/nios2eds/bin/gnu/H-x86_64-pc-linux-gnu/bin/../lib/gcc/nios2-elf/5.3.0/../../../../../H-x86_64-pc-linux-gnu/nios2-elf/lib/libc.a(lib_a-memmove.o)
 .text.memmove  0x0000000001081950      0x15c /home/jaschutte/Applications/Quartus/nios2eds/bin/gnu/H-x86_64-pc-linux-gnu/bin/../lib/gcc/nios2-elf/5.3.0/../../../../../H-x86_64-pc-linux-gnu/nios2-elf/lib/libc.a(lib_a-memmove.o)
                0x0000000001081950                memmove
 .text          0x0000000001081aac        0x0 /home/jaschutte/Applications/Quartus/nios2eds/bin/gnu/H-x86_64-pc-linux-gnu/bin/../lib/gcc/nios2-elf/5.3.0/../../../../../H-x86_64-pc-linux-gnu/nios2-elf/lib/libc.a(lib_a-memset.o)
 .text.memset   0x0000000001081aac      0x128 /home/jaschutte/Applications/Quartus/nios2eds/bin/gnu/H-x86_64-pc-linux-gnu/bin/../lib/gcc/nios2-elf/5.3.0/../../../../../H-x86_64-pc-linux-gnu/nios2-elf/lib/libc.a(lib_a-memset.o)
                0x0000000001081aac                memset
 .text          0x0000000001081bd4        0x0 /home/jaschutte/Applications/Quartus/nios2eds/bin/gnu/H-x86_64-pc-linux-gnu/bin/../lib/gcc/nios2-elf/5.3.0/../../../../../H-x86_64-pc-linux-gnu/nios2-elf/lib/libc.a(lib_a-reallocr.o)
 .text._realloc_r
                0x0000000001081bd4      0x564 /home/jaschutte/Applications/Quartus/nios2eds/bin/gnu/H-x86_64-pc-linux-gnu/bin/../lib/gcc/nios2-elf/5.3.0/../../../../../H-x86_64-pc-linux-gnu/nios2-elf/lib/libc.a(lib_a-reallocr.o)
                0x0000000001081bd4                _realloc_r
 .text          0x0000000001082138        0x0 /home/jaschutte/Applications/Quartus/nios2eds/bin/gnu/H-x86_64-pc-linux-gnu/bin/../lib/gcc/nios2-elf/5.3.0/../../../../../H-x86_64-pc-linux-gnu/nios2-elf/lib/libc.a(lib_a-sbrkr.o)
 .text._sbrk_r  0x0000000001082138       0x54 /home/jaschutte/Applications/Quartus/nios2eds/bin/gnu/H-x86_64-pc-linux-gnu/bin/../lib/gcc/nios2-elf/5.3.0/../../../../../H-x86_64-pc-linux-gnu/nios2-elf/lib/libc.a(lib_a-sbrkr.o)
                0x0000000001082138                _sbrk_r
 .text          0x000000000108218c        0x0 /home/jaschutte/Applications/Quartus/nios2eds/bin/gnu/H-x86_64-pc-linux-gnu/bin/../lib/gcc/nios2-elf/5.3.0/../../../../../H-x86_64-pc-linux-gnu/nios2-elf/lib/libc.a(lib_a-stdio.o)
 .text.__sread  0x000000000108218c       0x54 /home/jaschutte/Applications/Quartus/nios2eds/bin/gnu/H-x86_64-pc-linux-gnu/bin/../lib/gcc/nios2-elf/5.3.0/../../../../../H-x86_64-pc-linux-gnu/nios2-elf/lib/libc.a(lib_a-stdio.o)
                0x000000000108218c                __sread
 .text.__seofread
                0x00000000010821e0        0x8 /home/jaschutte/Applications/Quartus/nios2eds/bin/gnu/H-x86_64-pc-linux-gnu/bin/../lib/gcc/nios2-elf/5.3.0/../../../../../H-x86_64-pc-linux-gnu/nios2-elf/lib/libc.a(lib_a-stdio.o)
                0x00000000010821e0                __seofread
 .text.__swrite
                0x00000000010821e8       0x7c /home/jaschutte/Applications/Quartus/nios2eds/bin/gnu/H-x86_64-pc-linux-gnu/bin/../lib/gcc/nios2-elf/5.3.0/../../../../../H-x86_64-pc-linux-gnu/nios2-elf/lib/libc.a(lib_a-stdio.o)
                0x00000000010821e8                __swrite
 .text.__sseek  0x0000000001082264       0x5c /home/jaschutte/Applications/Quartus/nios2eds/bin/gnu/H-x86_64-pc-linux-gnu/bin/../lib/gcc/nios2-elf/5.3.0/../../../../../H-x86_64-pc-linux-gnu/nios2-elf/lib/libc.a(lib_a-stdio.o)
                0x0000000001082264                __sseek
 .text.__sclose
                0x00000000010822c0        0x8 /home/jaschutte/Applications/Quartus/nios2eds/bin/gnu/H-x86_64-pc-linux-gnu/bin/../lib/gcc/nios2-elf/5.3.0/../../../../../H-x86_64-pc-linux-gnu/nios2-elf/lib/libc.a(lib_a-stdio.o)
                0x00000000010822c0                __sclose
 .text          0x00000000010822c8        0x0 /home/jaschutte/Applications/Quartus/nios2eds/bin/gnu/H-x86_64-pc-linux-gnu/bin/../lib/gcc/nios2-elf/5.3.0/../../../../../H-x86_64-pc-linux-gnu/nios2-elf/lib/libc.a(lib_a-writer.o)
 .text._write_r
                0x00000000010822c8       0x60 /home/jaschutte/Applications/Quartus/nios2eds/bin/gnu/H-x86_64-pc-linux-gnu/bin/../lib/gcc/nios2-elf/5.3.0/../../../../../H-x86_64-pc-linux-gnu/nios2-elf/lib/libc.a(lib_a-writer.o)
                0x00000000010822c8                _write_r
 .text          0x0000000001082328        0x0 /home/jaschutte/Applications/Quartus/nios2eds/bin/gnu/H-x86_64-pc-linux-gnu/bin/../lib/gcc/nios2-elf/5.3.0/../../../../../H-x86_64-pc-linux-gnu/nios2-elf/lib/libc.a(lib_a-wsetup.o)
 .text.__swsetup_r
                0x0000000001082328      0x154 /home/jaschutte/Applications/Quartus/nios2eds/bin/gnu/H-x86_64-pc-linux-gnu/bin/../lib/gcc/nios2-elf/5.3.0/../../../../../H-x86_64-pc-linux-gnu/nios2-elf/lib/libc.a(lib_a-wsetup.o)
                0x0000000001082328                __swsetup_r
 .text          0x000000000108247c        0x0 /home/jaschutte/Applications/Quartus/nios2eds/bin/gnu/H-x86_64-pc-linux-gnu/bin/../lib/gcc/nios2-elf/5.3.0/../../../../../H-x86_64-pc-linux-gnu/nios2-elf/lib/libc.a(closer.o)
 .text._close_r
                0x000000000108247c       0x54 /home/jaschutte/Applications/Quartus/nios2eds/bin/gnu/H-x86_64-pc-linux-gnu/bin/../lib/gcc/nios2-elf/5.3.0/../../../../../H-x86_64-pc-linux-gnu/nios2-elf/lib/libc.a(closer.o)
                0x000000000108247c                _close_r
 .text          0x00000000010824d0        0x0 /home/jaschutte/Applications/Quartus/nios2eds/bin/gnu/H-x86_64-pc-linux-gnu/bin/../lib/gcc/nios2-elf/5.3.0/../../../../../H-x86_64-pc-linux-gnu/nios2-elf/lib/libc.a(lib_a-fclose.o)
 .text._fclose_r
                0x00000000010824d0       0xf0 /home/jaschutte/Applications/Quartus/nios2eds/bin/gnu/H-x86_64-pc-linux-gnu/bin/../lib/gcc/nios2-elf/5.3.0/../../../../../H-x86_64-pc-linux-gnu/nios2-elf/lib/libc.a(lib_a-fclose.o)
                0x00000000010824d0                _fclose_r
 .text.fclose   0x00000000010825c0       0x14 /home/jaschutte/Applications/Quartus/nios2eds/bin/gnu/H-x86_64-pc-linux-gnu/bin/../lib/gcc/nios2-elf/5.3.0/../../../../../H-x86_64-pc-linux-gnu/nios2-elf/lib/libc.a(lib_a-fclose.o)
                0x00000000010825c0                fclose
 .text          0x00000000010825d4        0x0 /home/jaschutte/Applications/Quartus/nios2eds/bin/gnu/H-x86_64-pc-linux-gnu/bin/../lib/gcc/nios2-elf/5.3.0/../../../../../H-x86_64-pc-linux-gnu/nios2-elf/lib/libc.a(lib_a-fflush.o)
 .text.__sflush_r
                0x00000000010825d4      0x21c /home/jaschutte/Applications/Quartus/nios2eds/bin/gnu/H-x86_64-pc-linux-gnu/bin/../lib/gcc/nios2-elf/5.3.0/../../../../../H-x86_64-pc-linux-gnu/nios2-elf/lib/libc.a(lib_a-fflush.o)
                0x00000000010825d4                __sflush_r
 .text._fflush_r
                0x00000000010827f0       0x5c /home/jaschutte/Applications/Quartus/nios2eds/bin/gnu/H-x86_64-pc-linux-gnu/bin/../lib/gcc/nios2-elf/5.3.0/../../../../../H-x86_64-pc-linux-gnu/nios2-elf/lib/libc.a(lib_a-fflush.o)
                0x00000000010827f0                _fflush_r
 .text.fflush   0x000000000108284c       0x30 /home/jaschutte/Applications/Quartus/nios2eds/bin/gnu/H-x86_64-pc-linux-gnu/bin/../lib/gcc/nios2-elf/5.3.0/../../../../../H-x86_64-pc-linux-gnu/nios2-elf/lib/libc.a(lib_a-fflush.o)
                0x000000000108284c                fflush
 .text          0x000000000108287c        0x0 /home/jaschutte/Applications/Quartus/nios2eds/bin/gnu/H-x86_64-pc-linux-gnu/bin/../lib/gcc/nios2-elf/5.3.0/../../../../../H-x86_64-pc-linux-gnu/nios2-elf/lib/libc.a(lib_a-freer.o)
 .text._malloc_trim_r
                0x000000000108287c      0x124 /home/jaschutte/Applications/Quartus/nios2eds/bin/gnu/H-x86_64-pc-linux-gnu/bin/../lib/gcc/nios2-elf/5.3.0/../../../../../H-x86_64-pc-linux-gnu/nios2-elf/lib/libc.a(lib_a-freer.o)
                0x000000000108287c                _malloc_trim_r
 .text._free_r  0x00000000010829a0      0x310 /home/jaschutte/Applications/Quartus/nios2eds/bin/gnu/H-x86_64-pc-linux-gnu/bin/../lib/gcc/nios2-elf/5.3.0/../../../../../H-x86_64-pc-linux-gnu/nios2-elf/lib/libc.a(lib_a-freer.o)
                0x00000000010829a0                _free_r
 .text          0x0000000001082cb0        0x0 /home/jaschutte/Applications/Quartus/nios2eds/bin/gnu/H-x86_64-pc-linux-gnu/bin/../lib/gcc/nios2-elf/5.3.0/../../../../../H-x86_64-pc-linux-gnu/nios2-elf/lib/libc.a(lib_a-int_errno.o)
 .text          0x0000000001082cb0        0x0 /home/jaschutte/Applications/Quartus/nios2eds/bin/gnu/H-x86_64-pc-linux-gnu/bin/../lib/gcc/nios2-elf/5.3.0/../../../../../H-x86_64-pc-linux-gnu/nios2-elf/lib/libc.a(lib_a-lseekr.o)
 .text._lseek_r
                0x0000000001082cb0       0x60 /home/jaschutte/Applications/Quartus/nios2eds/bin/gnu/H-x86_64-pc-linux-gnu/bin/../lib/gcc/nios2-elf/5.3.0/../../../../../H-x86_64-pc-linux-gnu/nios2-elf/lib/libc.a(lib_a-lseekr.o)
                0x0000000001082cb0                _lseek_r
 .text          0x0000000001082d10        0x0 /home/jaschutte/Applications/Quartus/nios2eds/bin/gnu/H-x86_64-pc-linux-gnu/bin/../lib/gcc/nios2-elf/5.3.0/../../../../../H-x86_64-pc-linux-gnu/nios2-elf/lib/libc.a(lib_a-makebuf.o)
 .text.__smakebuf_r
                0x0000000001082d10      0x1bc /home/jaschutte/Applications/Quartus/nios2eds/bin/gnu/H-x86_64-pc-linux-gnu/bin/../lib/gcc/nios2-elf/5.3.0/../../../../../H-x86_64-pc-linux-gnu/nios2-elf/lib/libc.a(lib_a-makebuf.o)
                0x0000000001082d10                __smakebuf_r
 .text          0x0000000001082ecc        0x0 /home/jaschutte/Applications/Quartus/nios2eds/bin/gnu/H-x86_64-pc-linux-gnu/bin/../lib/gcc/nios2-elf/5.3.0/../../../../../H-x86_64-pc-linux-gnu/nios2-elf/lib/libc.a(lib_a-readr.o)
 .text._read_r  0x0000000001082ecc       0x60 /home/jaschutte/Applications/Quartus/nios2eds/bin/gnu/H-x86_64-pc-linux-gnu/bin/../lib/gcc/nios2-elf/5.3.0/../../../../../H-x86_64-pc-linux-gnu/nios2-elf/lib/libc.a(lib_a-readr.o)
                0x0000000001082ecc                _read_r
 .text          0x0000000001082f2c        0x0 /home/jaschutte/Applications/Quartus/nios2eds/bin/gnu/H-x86_64-pc-linux-gnu/bin/../lib/gcc/nios2-elf/5.3.0/../../../../../H-x86_64-pc-linux-gnu/nios2-elf/lib/libc.a(lib_a-fstatr.o)
 .text._fstat_r
                0x0000000001082f2c       0x5c /home/jaschutte/Applications/Quartus/nios2eds/bin/gnu/H-x86_64-pc-linux-gnu/bin/../lib/gcc/nios2-elf/5.3.0/../../../../../H-x86_64-pc-linux-gnu/nios2-elf/lib/libc.a(lib_a-fstatr.o)
                0x0000000001082f2c                _fstat_r
 .text          0x0000000001082f88        0x0 /home/jaschutte/Applications/Quartus/nios2eds/bin/gnu/H-x86_64-pc-linux-gnu/bin/../lib/gcc/nios2-elf/5.3.0/../../../../../H-x86_64-pc-linux-gnu/nios2-elf/lib/libc.a(lib_a-isattyr.o)
 .text._isatty_r
                0x0000000001082f88       0x54 /home/jaschutte/Applications/Quartus/nios2eds/bin/gnu/H-x86_64-pc-linux-gnu/bin/../lib/gcc/nios2-elf/5.3.0/../../../../../H-x86_64-pc-linux-gnu/nios2-elf/lib/libc.a(lib_a-isattyr.o)
                0x0000000001082f88                _isatty_r
 .text          0x0000000001082fdc      0x1b4 /home/jaschutte/Applications/Quartus/nios2eds/bin/gnu/H-x86_64-pc-linux-gnu/bin/../lib/gcc/nios2-elf/5.3.0/libgcc.a(lib2-divmod.o)
                0x0000000001082fdc                __divsi3
                0x0000000001083060                __modsi3
                0x00000000010830d4                __udivsi3
                0x0000000001083138                __umodsi3
 .text          0x0000000001083190      0x10c ../gameconsole_bsp//libhal_bsp.a(alt_close.o)
                0x00000000010831cc                close
 .text          0x000000000108329c       0x2c ../gameconsole_bsp//libhal_bsp.a(alt_dev.o)
 .text          0x00000000010832c8        0x0 ../gameconsole_bsp//libhal_bsp.a(alt_errno.o)
 .text          0x00000000010832c8       0xec ../gameconsole_bsp//libhal_bsp.a(alt_fstat.o)
                0x0000000001083304                fstat
 .text          0x00000000010833b4       0xe0 ../gameconsole_bsp//libhal_bsp.a(alt_isatty.o)
                0x00000000010833f0                isatty
 .text          0x0000000001083494       0xec ../gameconsole_bsp//libhal_bsp.a(alt_load.o)
                0x00000000010834fc                alt_load
 .text          0x0000000001083580      0x110 ../gameconsole_bsp//libhal_bsp.a(alt_lseek.o)
                0x00000000010835bc                lseek
 .text          0x0000000001083690       0x7c ../gameconsole_bsp//libhal_bsp.a(alt_main.o)
                0x0000000001083690                alt_main
 .text          0x000000000108370c       0x48 ../gameconsole_bsp//libhal_bsp.a(alt_malloc_lock.o)
                0x000000000108370c                __malloc_lock
                0x0000000001083730                __malloc_unlock
 .text          0x0000000001083754      0x138 ../gameconsole_bsp//libhal_bsp.a(alt_read.o)
                0x0000000001083790                read
 .text          0x000000000108388c       0x64 ../gameconsole_bsp//libhal_bsp.a(alt_release_fd.o)
                0x000000000108388c                alt_release_fd
 .text          0x00000000010838f0       0xb0 ../gameconsole_bsp//libhal_bsp.a(alt_sbrk.o)
                0x00000000010838f0                sbrk
 .text          0x00000000010839a0      0x134 ../gameconsole_bsp//libhal_bsp.a(alt_write.o)
                0x00000000010839dc                write
 .text          0x0000000001083ad4      0x29c ../gameconsole_bsp//libhal_bsp.a(alt_sys_init.o)
                0x0000000001083b08                alt_irq_init
                0x0000000001083b40                alt_sys_init
 .text          0x0000000001083d70      0x164 ../gameconsole_bsp//libhal_bsp.a(altera_avalon_jtag_uart_fd.o)
                0x0000000001083d70                altera_avalon_jtag_uart_read_fd
                0x0000000001083dd0                altera_avalon_jtag_uart_write_fd
                0x0000000001083e30                altera_avalon_jtag_uart_close_fd
                0x0000000001083e80                altera_avalon_jtag_uart_ioctl_fd
 .text          0x0000000001083ed4      0x3cc ../gameconsole_bsp//libhal_bsp.a(altera_avalon_jtag_uart_init.o)
                0x0000000001083ed4                altera_avalon_jtag_uart_init
                0x0000000001084238                altera_avalon_jtag_uart_close
 .text          0x00000000010842a0       0xf0 ../gameconsole_bsp//libhal_bsp.a(altera_avalon_jtag_uart_ioctl.o)
                0x00000000010842a0                altera_avalon_jtag_uart_ioctl
 .text          0x0000000001084390      0x21c ../gameconsole_bsp//libhal_bsp.a(altera_avalon_jtag_uart_read.o)
                0x0000000001084390                altera_avalon_jtag_uart_read
 .text          0x00000000010845ac      0x224 ../gameconsole_bsp//libhal_bsp.a(altera_avalon_jtag_uart_write.o)
                0x00000000010845ac                altera_avalon_jtag_uart_write
 .text          0x00000000010847d0      0xeb4 ../gameconsole_bsp//libhal_bsp.a(altera_up_avalon_video_pixel_buffer_dma.o)
                0x00000000010847d0                alt_up_pixel_buffer_dma_open_dev
                0x000000000108480c                alt_up_pixel_buffer_dma_draw
                0x00000000010849a0                alt_up_pixel_buffer_dma_change_back_buffer_address
                0x00000000010849fc                alt_up_pixel_buffer_dma_swap_buffers
                0x0000000001084a5c                alt_up_pixel_buffer_dma_check_swap_buffers_status
                0x0000000001084a90                alt_up_pixel_buffer_dma_clear_screen
                0x0000000001084bb8                alt_up_pixel_buffer_dma_draw_box
                0x0000000001084e94                alt_up_pixel_buffer_dma_draw_hline
                0x00000000010850a4                alt_up_pixel_buffer_dma_draw_vline
                0x00000000010852f0                alt_up_pixel_buffer_dma_draw_rectangle
                0x00000000010853b8                helper_plot_pixel
                0x000000000108543c                alt_up_pixel_buffer_dma_draw_line
 .text          0x0000000001085684      0x12c ../gameconsole_bsp//libhal_bsp.a(alt_alarm_start.o)
                0x0000000001085684                alt_alarm_start
 .text          0x00000000010857b0       0x48 ../gameconsole_bsp//libhal_bsp.a(alt_dcache_flush_all.o)
                0x00000000010857b0                alt_dcache_flush_all
 .text          0x00000000010857f8       0xe0 ../gameconsole_bsp//libhal_bsp.a(alt_dev_llist_insert.o)
                0x0000000001085834                alt_dev_llist_insert
 .text          0x00000000010858d8       0x60 ../gameconsole_bsp//libhal_bsp.a(alt_do_ctors.o)
                0x00000000010858d8                _do_ctors
 .text          0x0000000001085938       0x60 ../gameconsole_bsp//libhal_bsp.a(alt_do_dtors.o)
                0x0000000001085938                _do_dtors
 .text          0x0000000001085998       0x90 ../gameconsole_bsp//libhal_bsp.a(alt_find_dev.o)
                0x0000000001085998                alt_find_dev
 .text          0x0000000001085a28       0x34 ../gameconsole_bsp//libhal_bsp.a(alt_icache_flush_all.o)
                0x0000000001085a28                alt_icache_flush_all
 .text          0x0000000001085a5c      0x140 ../gameconsole_bsp//libhal_bsp.a(alt_io_redirect.o)
                0x0000000001085b20                alt_io_redirect
 .text          0x0000000001085b9c      0x180 ../gameconsole_bsp//libhal_bsp.a(alt_irq_register.o)
                0x0000000001085b9c                alt_irq_register
 .text          0x0000000001085d1c        0x0 ../gameconsole_bsp//libhal_bsp.a(alt_irq_vars.o)
 .text          0x0000000001085d1c      0x254 ../gameconsole_bsp//libhal_bsp.a(alt_open.o)
                0x0000000001085e1c                open
 .text          0x0000000001085f70      0x1a4 ../gameconsole_bsp//libhal_bsp.a(alt_tick.o)
                0x0000000001085f70                alt_alarm_stop
                0x000000000108600c                alt_tick
 .text          0x0000000001086114       0x24 ../gameconsole_bsp//libhal_bsp.a(altera_nios2_gen2_irq.o)
                0x0000000001086114                altera_nios2_gen2_irq_init
 .text          0x0000000001086138      0x108 ../gameconsole_bsp//libhal_bsp.a(alt_find_file.o)
                0x0000000001086138                alt_find_file
 .text          0x0000000001086240       0xa4 ../gameconsole_bsp//libhal_bsp.a(alt_get_fd.o)
                0x0000000001086240                alt_get_fd
 .text          0x00000000010862e4       0x90 ../gameconsole_bsp//libhal_bsp.a(alt_icache_flush.o)
                0x00000000010862e4                alt_icache_flush
 .text          0x0000000001086374        0x0 ../gameconsole_bsp//libhal_bsp.a(alt_irq_entry.o)
 .text          0x0000000001086374        0x0 ../gameconsole_bsp//libhal_bsp.a(alt_irq_handler.o)
 .text          0x0000000001086374        0x0 ../gameconsole_bsp//libhal_bsp.a(alt_exception_entry.o)
 .text          0x0000000001086374       0x9c ../gameconsole_bsp//libhal_bsp.a(alt_instruction_exception_entry.o)
                0x0000000001086374                alt_exception_cause_generated_bad_addr
 .text          0x0000000001086410        0x0 /home/jaschutte/Applications/Quartus/nios2eds/bin/gnu/H-x86_64-pc-linux-gnu/bin/../lib/gcc/nios2-elf/5.3.0/../../../../../H-x86_64-pc-linux-gnu/nios2-elf/lib/libc.a(lib_a-atexit.o)
 .text.atexit   0x0000000001086410       0x14 /home/jaschutte/Applications/Quartus/nios2eds/bin/gnu/H-x86_64-pc-linux-gnu/bin/../lib/gcc/nios2-elf/5.3.0/../../../../../H-x86_64-pc-linux-gnu/nios2-elf/lib/libc.a(lib_a-atexit.o)
                0x0000000001086410                atexit
 .text          0x0000000001086424        0x0 /home/jaschutte/Applications/Quartus/nios2eds/bin/gnu/H-x86_64-pc-linux-gnu/bin/../lib/gcc/nios2-elf/5.3.0/../../../../../H-x86_64-pc-linux-gnu/nios2-elf/lib/libc.a(lib_a-exit.o)
 .text.exit     0x0000000001086424       0x38 /home/jaschutte/Applications/Quartus/nios2eds/bin/gnu/H-x86_64-pc-linux-gnu/bin/../lib/gcc/nios2-elf/5.3.0/../../../../../H-x86_64-pc-linux-gnu/nios2-elf/lib/libc.a(lib_a-exit.o)
                0x0000000001086424                exit
 .text          0x000000000108645c        0x0 /home/jaschutte/Applications/Quartus/nios2eds/bin/gnu/H-x86_64-pc-linux-gnu/bin/../lib/gcc/nios2-elf/5.3.0/../../../../../H-x86_64-pc-linux-gnu/nios2-elf/lib/libc.a(lib_a-memcmp.o)
 .text.memcmp   0x000000000108645c       0x7c /home/jaschutte/Applications/Quartus/nios2eds/bin/gnu/H-x86_64-pc-linux-gnu/bin/../lib/gcc/nios2-elf/5.3.0/../../../../../H-x86_64-pc-linux-gnu/nios2-elf/lib/libc.a(lib_a-memcmp.o)
                0x000000000108645c                memcmp
 .text          0x00000000010864d8        0x0 /home/jaschutte/Applications/Quartus/nios2eds/bin/gnu/H-x86_64-pc-linux-gnu/bin/../lib/gcc/nios2-elf/5.3.0/../../../../../H-x86_64-pc-linux-gnu/nios2-elf/lib/libc.a(lib_a-__atexit.o)
 .text.__register_exitproc
                0x00000000010864d8      0x118 /home/jaschutte/Applications/Quartus/nios2eds/bin/gnu/H-x86_64-pc-linux-gnu/bin/../lib/gcc/nios2-elf/5.3.0/../../../../../H-x86_64-pc-linux-gnu/nios2-elf/lib/libc.a(lib_a-__atexit.o)
                0x00000000010864d8                __register_exitproc
 .text          0x00000000010865f0        0x0 /home/jaschutte/Applications/Quartus/nios2eds/bin/gnu/H-x86_64-pc-linux-gnu/bin/../lib/gcc/nios2-elf/5.3.0/../../../../../H-x86_64-pc-linux-gnu/nios2-elf/lib/libc.a(lib_a-__call_atexit.o)
 .text.__call_exitprocs
                0x00000000010865f0      0x180 /home/jaschutte/Applications/Quartus/nios2eds/bin/gnu/H-x86_64-pc-linux-gnu/bin/../lib/gcc/nios2-elf/5.3.0/../../../../../H-x86_64-pc-linux-gnu/nios2-elf/lib/libc.a(lib_a-__call_atexit.o)
                0x00000000010865f0                __call_exitprocs
 .text          0x0000000001086770       0x34 ../gameconsole_bsp//libhal_bsp.a(alt_exit.o)
                0x0000000001086770                _exit
 *(.gnu.warning.*)
 *(.fini)
                [!provide]                        PROVIDE (__etext, ABSOLUTE (.))
                [!provide]                        PROVIDE (_etext, ABSOLUTE (.))
                [!provide]                        PROVIDE (etext, ABSOLUTE (.))
 *(.eh_frame_hdr)
                0x00000000010867a4                . = ALIGN (0x4)
                [!provide]                        PROVIDE (__preinit_array_start, ABSOLUTE (.))
 *(.preinit_array)
                [!provide]                        PROVIDE (__preinit_array_end, ABSOLUTE (.))
                [!provide]                        PROVIDE (__init_array_start, ABSOLUTE (.))
 *(.init_array)
                [!provide]                        PROVIDE (__init_array_end, ABSOLUTE (.))
                [!provide]                        PROVIDE (__fini_array_start, ABSOLUTE (.))
 *(.fini_array)
                [!provide]                        PROVIDE (__fini_array_end, ABSOLUTE (.))
 *(.eh_frame)
 *(.gcc_except_table .gcc_except_table.*)
 *(.dynamic)
                0x00000000010867a4                PROVIDE (__CTOR_LIST__, ABSOLUTE (.))
 *(.ctors)
 *(SORT(.ctors.*))
                0x00000000010867a4                PROVIDE (__CTOR_END__, ABSOLUTE (.))
                0x00000000010867a4                PROVIDE (__DTOR_LIST__, ABSOLUTE (.))
 *(.dtors)
 *(SORT(.dtors.*))
                0x00000000010867a4                PROVIDE (__DTOR_END__, ABSOLUTE (.))
 *(.jcr)
                0x00000000010867a4                . = ALIGN (0x4)

.rodata         0x00000000010867a4       0xbc
                0x00000000010867a4                PROVIDE (__ram_rodata_start, ABSOLUTE (.))
                0x00000000010867a4                . = ALIGN (0x4)
 *(.rodata .rodata.* .gnu.linkonce.r.*)
 .rodata        0x00000000010867a4       0x4f obj/default/hello_world.o
 *fill*         0x00000000010867f3        0x1 
 .rodata.str1.4
                0x00000000010867f4        0x2 /home/jaschutte/Applications/Quartus/nios2eds/bin/gnu/H-x86_64-pc-linux-gnu/bin/../lib/gcc/nios2-elf/5.3.0/../../../../../H-x86_64-pc-linux-gnu/nios2-elf/lib/libc.a(lib_a-puts.o)
 *fill*         0x00000000010867f6        0x2 
 .rodata.str1.4
                0x00000000010867f8        0x4 /home/jaschutte/Applications/Quartus/nios2eds/bin/gnu/H-x86_64-pc-linux-gnu/bin/../lib/gcc/nios2-elf/5.3.0/../../../../../H-x86_64-pc-linux-gnu/nios2-elf/lib/libc.a(lib_a-impure.o)
                                          0x2 (size before relaxing)
 .rodata        0x00000000010867fc        0xa ../gameconsole_bsp//libhal_bsp.a(alt_dev.o)
 *fill*         0x0000000001086806        0x2 
 .rodata        0x0000000001086808       0x11 ../gameconsole_bsp//libhal_bsp.a(alt_main.o)
 *fill*         0x0000000001086819        0x3 
 .rodata        0x000000000108681c       0x42 ../gameconsole_bsp//libhal_bsp.a(alt_sys_init.o)
 *(.rodata1)
                0x0000000001086860                . = ALIGN (0x4)
 *fill*         0x000000000108685e        0x2 
                0x0000000001086860                PROVIDE (__ram_rodata_end, ABSOLUTE (.))
                0x00000000010867a4                PROVIDE (__flash_rodata_start, LOADADDR (.rodata))

.rwdata         0x0000000001086860     0x1af0 load address 0x0000000001088350
                0x0000000001086860                PROVIDE (__ram_rwdata_start, ABSOLUTE (.))
                0x0000000001086860                . = ALIGN (0x4)
 *(.got.plt)
 *(.got)
 *(.data1)
 *(.data .data.* .gnu.linkonce.d.*)
 .data          0x0000000001086860        0x0 ../gameconsole_bsp//obj/HAL/src/crt0.o
 .data          0x0000000001086860        0x0 obj/default/hello_world.o
 .data          0x0000000001086860        0x0 /home/jaschutte/Applications/Quartus/nios2eds/bin/gnu/H-x86_64-pc-linux-gnu/bin/../lib/gcc/nios2-elf/5.3.0/../../../../../H-x86_64-pc-linux-gnu/nios2-elf/lib/libc.a(lib_a-puts.o)
 .data          0x0000000001086860        0x0 /home/jaschutte/Applications/Quartus/nios2eds/bin/gnu/H-x86_64-pc-linux-gnu/bin/../lib/gcc/nios2-elf/5.3.0/../../../../../H-x86_64-pc-linux-gnu/nios2-elf/lib/libc.a(lib_a-strlen.o)
 .data          0x0000000001086860        0x0 /home/jaschutte/Applications/Quartus/nios2eds/bin/gnu/H-x86_64-pc-linux-gnu/bin/../lib/gcc/nios2-elf/5.3.0/../../../../../H-x86_64-pc-linux-gnu/nios2-elf/lib/libc.a(lib_a-findfp.o)
 .data          0x0000000001086860        0x0 /home/jaschutte/Applications/Quartus/nios2eds/bin/gnu/H-x86_64-pc-linux-gnu/bin/../lib/gcc/nios2-elf/5.3.0/../../../../../H-x86_64-pc-linux-gnu/nios2-elf/lib/libc.a(lib_a-fvwrite.o)
 .data          0x0000000001086860        0x0 /home/jaschutte/Applications/Quartus/nios2eds/bin/gnu/H-x86_64-pc-linux-gnu/bin/../lib/gcc/nios2-elf/5.3.0/../../../../../H-x86_64-pc-linux-gnu/nios2-elf/lib/libc.a(lib_a-fwalk.o)
 .data          0x0000000001086860        0x0 /home/jaschutte/Applications/Quartus/nios2eds/bin/gnu/H-x86_64-pc-linux-gnu/bin/../lib/gcc/nios2-elf/5.3.0/../../../../../H-x86_64-pc-linux-gnu/nios2-elf/lib/libc.a(lib_a-impure.o)
 .data.impure_data
                0x0000000001086860      0x424 /home/jaschutte/Applications/Quartus/nios2eds/bin/gnu/H-x86_64-pc-linux-gnu/bin/../lib/gcc/nios2-elf/5.3.0/../../../../../H-x86_64-pc-linux-gnu/nios2-elf/lib/libc.a(lib_a-impure.o)
 .data          0x0000000001086c84        0x0 /home/jaschutte/Applications/Quartus/nios2eds/bin/gnu/H-x86_64-pc-linux-gnu/bin/../lib/gcc/nios2-elf/5.3.0/../../../../../H-x86_64-pc-linux-gnu/nios2-elf/lib/libc.a(lib_a-mallocr.o)
 .data.__malloc_av_
                0x0000000001086c84      0x408 /home/jaschutte/Applications/Quartus/nios2eds/bin/gnu/H-x86_64-pc-linux-gnu/bin/../lib/gcc/nios2-elf/5.3.0/../../../../../H-x86_64-pc-linux-gnu/nios2-elf/lib/libc.a(lib_a-mallocr.o)
                0x0000000001086c84                __malloc_av_
 .data          0x000000000108708c        0x0 /home/jaschutte/Applications/Quartus/nios2eds/bin/gnu/H-x86_64-pc-linux-gnu/bin/../lib/gcc/nios2-elf/5.3.0/../../../../../H-x86_64-pc-linux-gnu/nios2-elf/lib/libc.a(lib_a-memchr.o)
 .data          0x000000000108708c        0x0 /home/jaschutte/Applications/Quartus/nios2eds/bin/gnu/H-x86_64-pc-linux-gnu/bin/../lib/gcc/nios2-elf/5.3.0/../../../../../H-x86_64-pc-linux-gnu/nios2-elf/lib/libc.a(lib_a-memcpy.o)
 .data          0x000000000108708c        0x0 /home/jaschutte/Applications/Quartus/nios2eds/bin/gnu/H-x86_64-pc-linux-gnu/bin/../lib/gcc/nios2-elf/5.3.0/../../../../../H-x86_64-pc-linux-gnu/nios2-elf/lib/libc.a(lib_a-memmove.o)
 .data          0x000000000108708c        0x0 /home/jaschutte/Applications/Quartus/nios2eds/bin/gnu/H-x86_64-pc-linux-gnu/bin/../lib/gcc/nios2-elf/5.3.0/../../../../../H-x86_64-pc-linux-gnu/nios2-elf/lib/libc.a(lib_a-memset.o)
 .data          0x000000000108708c        0x0 /home/jaschutte/Applications/Quartus/nios2eds/bin/gnu/H-x86_64-pc-linux-gnu/bin/../lib/gcc/nios2-elf/5.3.0/../../../../../H-x86_64-pc-linux-gnu/nios2-elf/lib/libc.a(lib_a-reallocr.o)
 .data          0x000000000108708c        0x0 /home/jaschutte/Applications/Quartus/nios2eds/bin/gnu/H-x86_64-pc-linux-gnu/bin/../lib/gcc/nios2-elf/5.3.0/../../../../../H-x86_64-pc-linux-gnu/nios2-elf/lib/libc.a(lib_a-sbrkr.o)
 .data          0x000000000108708c        0x0 /home/jaschutte/Applications/Quartus/nios2eds/bin/gnu/H-x86_64-pc-linux-gnu/bin/../lib/gcc/nios2-elf/5.3.0/../../../../../H-x86_64-pc-linux-gnu/nios2-elf/lib/libc.a(lib_a-stdio.o)
 .data          0x000000000108708c        0x0 /home/jaschutte/Applications/Quartus/nios2eds/bin/gnu/H-x86_64-pc-linux-gnu/bin/../lib/gcc/nios2-elf/5.3.0/../../../../../H-x86_64-pc-linux-gnu/nios2-elf/lib/libc.a(lib_a-writer.o)
 .data          0x000000000108708c        0x0 /home/jaschutte/Applications/Quartus/nios2eds/bin/gnu/H-x86_64-pc-linux-gnu/bin/../lib/gcc/nios2-elf/5.3.0/../../../../../H-x86_64-pc-linux-gnu/nios2-elf/lib/libc.a(lib_a-wsetup.o)
 .data          0x000000000108708c        0x0 /home/jaschutte/Applications/Quartus/nios2eds/bin/gnu/H-x86_64-pc-linux-gnu/bin/../lib/gcc/nios2-elf/5.3.0/../../../../../H-x86_64-pc-linux-gnu/nios2-elf/lib/libc.a(closer.o)
 .data          0x000000000108708c        0x0 /home/jaschutte/Applications/Quartus/nios2eds/bin/gnu/H-x86_64-pc-linux-gnu/bin/../lib/gcc/nios2-elf/5.3.0/../../../../../H-x86_64-pc-linux-gnu/nios2-elf/lib/libc.a(lib_a-fclose.o)
 .data          0x000000000108708c        0x0 /home/jaschutte/Applications/Quartus/nios2eds/bin/gnu/H-x86_64-pc-linux-gnu/bin/../lib/gcc/nios2-elf/5.3.0/../../../../../H-x86_64-pc-linux-gnu/nios2-elf/lib/libc.a(lib_a-fflush.o)
 .data          0x000000000108708c        0x0 /home/jaschutte/Applications/Quartus/nios2eds/bin/gnu/H-x86_64-pc-linux-gnu/bin/../lib/gcc/nios2-elf/5.3.0/../../../../../H-x86_64-pc-linux-gnu/nios2-elf/lib/libc.a(lib_a-freer.o)
 .data          0x000000000108708c        0x0 /home/jaschutte/Applications/Quartus/nios2eds/bin/gnu/H-x86_64-pc-linux-gnu/bin/../lib/gcc/nios2-elf/5.3.0/../../../../../H-x86_64-pc-linux-gnu/nios2-elf/lib/libc.a(lib_a-int_errno.o)
 .data          0x000000000108708c        0x0 /home/jaschutte/Applications/Quartus/nios2eds/bin/gnu/H-x86_64-pc-linux-gnu/bin/../lib/gcc/nios2-elf/5.3.0/../../../../../H-x86_64-pc-linux-gnu/nios2-elf/lib/libc.a(lib_a-lseekr.o)
 .data          0x000000000108708c        0x0 /home/jaschutte/Applications/Quartus/nios2eds/bin/gnu/H-x86_64-pc-linux-gnu/bin/../lib/gcc/nios2-elf/5.3.0/../../../../../H-x86_64-pc-linux-gnu/nios2-elf/lib/libc.a(lib_a-makebuf.o)
 .data          0x000000000108708c        0x0 /home/jaschutte/Applications/Quartus/nios2eds/bin/gnu/H-x86_64-pc-linux-gnu/bin/../lib/gcc/nios2-elf/5.3.0/../../../../../H-x86_64-pc-linux-gnu/nios2-elf/lib/libc.a(lib_a-readr.o)
 .data          0x000000000108708c        0x0 /home/jaschutte/Applications/Quartus/nios2eds/bin/gnu/H-x86_64-pc-linux-gnu/bin/../lib/gcc/nios2-elf/5.3.0/../../../../../H-x86_64-pc-linux-gnu/nios2-elf/lib/libc.a(lib_a-fstatr.o)
 .data          0x000000000108708c        0x0 /home/jaschutte/Applications/Quartus/nios2eds/bin/gnu/H-x86_64-pc-linux-gnu/bin/../lib/gcc/nios2-elf/5.3.0/../../../../../H-x86_64-pc-linux-gnu/nios2-elf/lib/libc.a(lib_a-isattyr.o)
 .data          0x000000000108708c        0x0 /home/jaschutte/Applications/Quartus/nios2eds/bin/gnu/H-x86_64-pc-linux-gnu/bin/../lib/gcc/nios2-elf/5.3.0/libgcc.a(lib2-divmod.o)
 .data          0x000000000108708c        0x0 ../gameconsole_bsp//libhal_bsp.a(alt_close.o)
 .data          0x000000000108708c      0x1a8 ../gameconsole_bsp//libhal_bsp.a(alt_dev.o)
                0x000000000108708c                alt_dev_null
                0x00000000010870b4                alt_fd_list
 .data          0x0000000001087234        0x0 ../gameconsole_bsp//libhal_bsp.a(alt_errno.o)
 .data          0x0000000001087234        0x0 ../gameconsole_bsp//libhal_bsp.a(alt_fstat.o)
 .data          0x0000000001087234        0x0 ../gameconsole_bsp//libhal_bsp.a(alt_isatty.o)
 .data          0x0000000001087234        0x0 ../gameconsole_bsp//libhal_bsp.a(alt_load.o)
 .data          0x0000000001087234        0x0 ../gameconsole_bsp//libhal_bsp.a(alt_lseek.o)
 .data          0x0000000001087234        0x0 ../gameconsole_bsp//libhal_bsp.a(alt_main.o)
 .data          0x0000000001087234        0x0 ../gameconsole_bsp//libhal_bsp.a(alt_malloc_lock.o)
 .data          0x0000000001087234        0x0 ../gameconsole_bsp//libhal_bsp.a(alt_read.o)
 .data          0x0000000001087234        0x0 ../gameconsole_bsp//libhal_bsp.a(alt_release_fd.o)
 .data          0x0000000001087234        0x0 ../gameconsole_bsp//libhal_bsp.a(alt_sbrk.o)
 .data          0x0000000001087234        0x0 ../gameconsole_bsp//libhal_bsp.a(alt_write.o)
 .data          0x0000000001087234     0x10e4 ../gameconsole_bsp//libhal_bsp.a(alt_sys_init.o)
 .data          0x0000000001088318        0x0 ../gameconsole_bsp//libhal_bsp.a(altera_avalon_jtag_uart_fd.o)
 .data          0x0000000001088318        0x0 ../gameconsole_bsp//libhal_bsp.a(altera_avalon_jtag_uart_init.o)
 .data          0x0000000001088318        0x0 ../gameconsole_bsp//libhal_bsp.a(altera_avalon_jtag_uart_ioctl.o)
 .data          0x0000000001088318        0x0 ../gameconsole_bsp//libhal_bsp.a(altera_avalon_jtag_uart_read.o)
 .data          0x0000000001088318        0x0 ../gameconsole_bsp//libhal_bsp.a(altera_avalon_jtag_uart_write.o)
 .data          0x0000000001088318        0x0 ../gameconsole_bsp//libhal_bsp.a(altera_up_avalon_video_pixel_buffer_dma.o)
 .data          0x0000000001088318        0x0 ../gameconsole_bsp//libhal_bsp.a(alt_alarm_start.o)
 .data          0x0000000001088318        0x0 ../gameconsole_bsp//libhal_bsp.a(alt_dcache_flush_all.o)
 .data          0x0000000001088318        0x0 ../gameconsole_bsp//libhal_bsp.a(alt_dev_llist_insert.o)
 .data          0x0000000001088318        0x0 ../gameconsole_bsp//libhal_bsp.a(alt_do_ctors.o)
 .data          0x0000000001088318        0x0 ../gameconsole_bsp//libhal_bsp.a(alt_do_dtors.o)
 .data          0x0000000001088318        0x0 ../gameconsole_bsp//libhal_bsp.a(alt_find_dev.o)
 .data          0x0000000001088318        0x0 ../gameconsole_bsp//libhal_bsp.a(alt_icache_flush_all.o)
 .data          0x0000000001088318        0x0 ../gameconsole_bsp//libhal_bsp.a(alt_io_redirect.o)
 .data          0x0000000001088318        0x0 ../gameconsole_bsp//libhal_bsp.a(alt_irq_register.o)
 .data          0x0000000001088318        0x0 ../gameconsole_bsp//libhal_bsp.a(alt_irq_vars.o)
 .data          0x0000000001088318        0x0 ../gameconsole_bsp//libhal_bsp.a(alt_open.o)
 .data          0x0000000001088318        0x0 ../gameconsole_bsp//libhal_bsp.a(alt_tick.o)
 .data          0x0000000001088318        0x0 ../gameconsole_bsp//libhal_bsp.a(altera_nios2_gen2_irq.o)
 .data          0x0000000001088318        0x0 ../gameconsole_bsp//libhal_bsp.a(alt_find_file.o)
 .data          0x0000000001088318        0x0 ../gameconsole_bsp//libhal_bsp.a(alt_get_fd.o)
 .data          0x0000000001088318        0x0 ../gameconsole_bsp//libhal_bsp.a(alt_icache_flush.o)
 .data          0x0000000001088318        0x0 ../gameconsole_bsp//libhal_bsp.a(alt_irq_entry.o)
 .data          0x0000000001088318        0x0 ../gameconsole_bsp//libhal_bsp.a(alt_irq_handler.o)
 .data          0x0000000001088318        0x0 ../gameconsole_bsp//libhal_bsp.a(alt_exception_entry.o)
 .data          0x0000000001088318        0x0 ../gameconsole_bsp//libhal_bsp.a(alt_instruction_exception_entry.o)
 .data          0x0000000001088318        0x0 /home/jaschutte/Applications/Quartus/nios2eds/bin/gnu/H-x86_64-pc-linux-gnu/bin/../lib/gcc/nios2-elf/5.3.0/../../../../../H-x86_64-pc-linux-gnu/nios2-elf/lib/libc.a(lib_a-atexit.o)
 .data          0x0000000001088318        0x0 /home/jaschutte/Applications/Quartus/nios2eds/bin/gnu/H-x86_64-pc-linux-gnu/bin/../lib/gcc/nios2-elf/5.3.0/../../../../../H-x86_64-pc-linux-gnu/nios2-elf/lib/libc.a(lib_a-exit.o)
 .data          0x0000000001088318        0x0 /home/jaschutte/Applications/Quartus/nios2eds/bin/gnu/H-x86_64-pc-linux-gnu/bin/../lib/gcc/nios2-elf/5.3.0/../../../../../H-x86_64-pc-linux-gnu/nios2-elf/lib/libc.a(lib_a-memcmp.o)
 .data          0x0000000001088318        0x0 /home/jaschutte/Applications/Quartus/nios2eds/bin/gnu/H-x86_64-pc-linux-gnu/bin/../lib/gcc/nios2-elf/5.3.0/../../../../../H-x86_64-pc-linux-gnu/nios2-elf/lib/libc.a(lib_a-__atexit.o)
 .data          0x0000000001088318        0x0 /home/jaschutte/Applications/Quartus/nios2eds/bin/gnu/H-x86_64-pc-linux-gnu/bin/../lib/gcc/nios2-elf/5.3.0/../../../../../H-x86_64-pc-linux-gnu/nios2-elf/lib/libc.a(lib_a-__call_atexit.o)
 .data          0x0000000001088318        0x0 ../gameconsole_bsp//libhal_bsp.a(alt_exit.o)
                0x0000000001090318                _gp = ABSOLUTE ((. + 0x8000))
                [!provide]                        PROVIDE (gp, _gp)
 *(.rwdata .rwdata.*)
 *(.sdata .sdata.* .gnu.linkonce.s.*)
 .sdata._global_impure_ptr
                0x0000000001088318        0x4 /home/jaschutte/Applications/Quartus/nios2eds/bin/gnu/H-x86_64-pc-linux-gnu/bin/../lib/gcc/nios2-elf/5.3.0/../../../../../H-x86_64-pc-linux-gnu/nios2-elf/lib/libc.a(lib_a-impure.o)
                0x0000000001088318                _global_impure_ptr
 .sdata._impure_ptr
                0x000000000108831c        0x4 /home/jaschutte/Applications/Quartus/nios2eds/bin/gnu/H-x86_64-pc-linux-gnu/bin/../lib/gcc/nios2-elf/5.3.0/../../../../../H-x86_64-pc-linux-gnu/nios2-elf/lib/libc.a(lib_a-impure.o)
                0x000000000108831c                _impure_ptr
 .sdata.__malloc_sbrk_base
                0x0000000001088320        0x4 /home/jaschutte/Applications/Quartus/nios2eds/bin/gnu/H-x86_64-pc-linux-gnu/bin/../lib/gcc/nios2-elf/5.3.0/../../../../../H-x86_64-pc-linux-gnu/nios2-elf/lib/libc.a(lib_a-mallocr.o)
                0x0000000001088320                __malloc_sbrk_base
 .sdata.__malloc_trim_threshold
                0x0000000001088324        0x4 /home/jaschutte/Applications/Quartus/nios2eds/bin/gnu/H-x86_64-pc-linux-gnu/bin/../lib/gcc/nios2-elf/5.3.0/../../../../../H-x86_64-pc-linux-gnu/nios2-elf/lib/libc.a(lib_a-mallocr.o)
                0x0000000001088324                __malloc_trim_threshold
 .sdata         0x0000000001088328       0x14 ../gameconsole_bsp//libhal_bsp.a(alt_dev.o)
                0x0000000001088328                alt_fs_list
                0x0000000001088330                alt_dev_list
                0x0000000001088338                alt_max_fd
 .sdata         0x000000000108833c        0x4 ../gameconsole_bsp//libhal_bsp.a(alt_errno.o)
                0x000000000108833c                alt_errno
 .sdata         0x0000000001088340        0x4 ../gameconsole_bsp//libhal_bsp.a(alt_sbrk.o)
 .sdata         0x0000000001088344        0x4 ../gameconsole_bsp//libhal_bsp.a(alt_irq_vars.o)
                0x0000000001088344                alt_priority_mask
 .sdata         0x0000000001088348        0x8 ../gameconsole_bsp//libhal_bsp.a(alt_tick.o)
                0x0000000001088348                alt_alarm_list
 *(.sdata2 .sdata2.* .gnu.linkonce.s2.*)
                0x0000000001088350                . = ALIGN (0x4)
                0x0000000001088350                _edata = ABSOLUTE (.)
                [!provide]                        PROVIDE (edata, ABSOLUTE (.))
                0x0000000001088350                PROVIDE (__ram_rwdata_end, ABSOLUTE (.))
                0x0000000001088350                PROVIDE (__flash_rwdata_start, LOADADDR (.rwdata))

.bss            0x0000000001089e40      0x154
                0x0000000001089e40                __bss_start = ABSOLUTE (.)
                [!provide]                        PROVIDE (__sbss_start, ABSOLUTE (.))
                [!provide]                        PROVIDE (___sbss_start, ABSOLUTE (.))
 *(.dynsbss)
 *(.sbss .sbss.* .gnu.linkonce.sb.*)
 .sbss.__malloc_max_total_mem
                0x0000000001089e40        0x4 /home/jaschutte/Applications/Quartus/nios2eds/bin/gnu/H-x86_64-pc-linux-gnu/bin/../lib/gcc/nios2-elf/5.3.0/../../../../../H-x86_64-pc-linux-gnu/nios2-elf/lib/libc.a(lib_a-mallocr.o)
                0x0000000001089e40                __malloc_max_total_mem
 .sbss.__malloc_max_sbrked_mem
                0x0000000001089e44        0x4 /home/jaschutte/Applications/Quartus/nios2eds/bin/gnu/H-x86_64-pc-linux-gnu/bin/../lib/gcc/nios2-elf/5.3.0/../../../../../H-x86_64-pc-linux-gnu/nios2-elf/lib/libc.a(lib_a-mallocr.o)
                0x0000000001089e44                __malloc_max_sbrked_mem
 .sbss.__malloc_top_pad
                0x0000000001089e48        0x4 /home/jaschutte/Applications/Quartus/nios2eds/bin/gnu/H-x86_64-pc-linux-gnu/bin/../lib/gcc/nios2-elf/5.3.0/../../../../../H-x86_64-pc-linux-gnu/nios2-elf/lib/libc.a(lib_a-mallocr.o)
                0x0000000001089e48                __malloc_top_pad
 .sbss          0x0000000001089e4c        0x4 /home/jaschutte/Applications/Quartus/nios2eds/bin/gnu/H-x86_64-pc-linux-gnu/bin/../lib/gcc/nios2-elf/5.3.0/../../../../../H-x86_64-pc-linux-gnu/nios2-elf/lib/libc.a(lib_a-int_errno.o)
                0x0000000001089e4c                errno
 .sbss          0x0000000001089e50        0xc ../gameconsole_bsp//libhal_bsp.a(alt_main.o)
                0x0000000001089e50                alt_argc
                0x0000000001089e54                alt_argv
                0x0000000001089e58                alt_envp
 .sbss          0x0000000001089e5c        0x4 ../gameconsole_bsp//libhal_bsp.a(alt_irq_vars.o)
                0x0000000001089e5c                alt_irq_active
 .sbss          0x0000000001089e60        0x8 ../gameconsole_bsp//libhal_bsp.a(alt_tick.o)
                0x0000000001089e60                _alt_tick_rate
                0x0000000001089e64                _alt_nticks
 .sbss          0x0000000001089e68        0x4 ../gameconsole_bsp//libhal_bsp.a(alt_instruction_exception_entry.o)
                0x0000000001089e68                alt_instruction_exception_handler
 *(.sbss2 .sbss2.* .gnu.linkonce.sb2.*)
 *(.scommon)
                [!provide]                        PROVIDE (__sbss_end, ABSOLUTE (.))
                [!provide]                        PROVIDE (___sbss_end, ABSOLUTE (.))
 *(.dynbss)
 *(.bss .bss.* .gnu.linkonce.b.*)
 .bss           0x0000000001089e6c        0x0 ../gameconsole_bsp//obj/HAL/src/crt0.o
 .bss           0x0000000001089e6c        0x0 obj/default/hello_world.o
 .bss           0x0000000001089e6c        0x0 /home/jaschutte/Applications/Quartus/nios2eds/bin/gnu/H-x86_64-pc-linux-gnu/bin/../lib/gcc/nios2-elf/5.3.0/../../../../../H-x86_64-pc-linux-gnu/nios2-elf/lib/libc.a(lib_a-puts.o)
 .bss           0x0000000001089e6c        0x0 /home/jaschutte/Applications/Quartus/nios2eds/bin/gnu/H-x86_64-pc-linux-gnu/bin/../lib/gcc/nios2-elf/5.3.0/../../../../../H-x86_64-pc-linux-gnu/nios2-elf/lib/libc.a(lib_a-strlen.o)
 .bss           0x0000000001089e6c        0x0 /home/jaschutte/Applications/Quartus/nios2eds/bin/gnu/H-x86_64-pc-linux-gnu/bin/../lib/gcc/nios2-elf/5.3.0/../../../../../H-x86_64-pc-linux-gnu/nios2-elf/lib/libc.a(lib_a-findfp.o)
 .bss           0x0000000001089e6c        0x0 /home/jaschutte/Applications/Quartus/nios2eds/bin/gnu/H-x86_64-pc-linux-gnu/bin/../lib/gcc/nios2-elf/5.3.0/../../../../../H-x86_64-pc-linux-gnu/nios2-elf/lib/libc.a(lib_a-fvwrite.o)
 .bss           0x0000000001089e6c        0x0 /home/jaschutte/Applications/Quartus/nios2eds/bin/gnu/H-x86_64-pc-linux-gnu/bin/../lib/gcc/nios2-elf/5.3.0/../../../../../H-x86_64-pc-linux-gnu/nios2-elf/lib/libc.a(lib_a-fwalk.o)
 .bss           0x0000000001089e6c        0x0 /home/jaschutte/Applications/Quartus/nios2eds/bin/gnu/H-x86_64-pc-linux-gnu/bin/../lib/gcc/nios2-elf/5.3.0/../../../../../H-x86_64-pc-linux-gnu/nios2-elf/lib/libc.a(lib_a-impure.o)
 .bss           0x0000000001089e6c        0x0 /home/jaschutte/Applications/Quartus/nios2eds/bin/gnu/H-x86_64-pc-linux-gnu/bin/../lib/gcc/nios2-elf/5.3.0/../../../../../H-x86_64-pc-linux-gnu/nios2-elf/lib/libc.a(lib_a-mallocr.o)
 .bss.__malloc_current_mallinfo
                0x0000000001089e6c       0x28 /home/jaschutte/Applications/Quartus/nios2eds/bin/gnu/H-x86_64-pc-linux-gnu/bin/../lib/gcc/nios2-elf/5.3.0/../../../../../H-x86_64-pc-linux-gnu/nios2-elf/lib/libc.a(lib_a-mallocr.o)
                0x0000000001089e6c                __malloc_current_mallinfo
 .bss           0x0000000001089e94        0x0 /home/jaschutte/Applications/Quartus/nios2eds/bin/gnu/H-x86_64-pc-linux-gnu/bin/../lib/gcc/nios2-elf/5.3.0/../../../../../H-x86_64-pc-linux-gnu/nios2-elf/lib/libc.a(lib_a-memchr.o)
 .bss           0x0000000001089e94        0x0 /home/jaschutte/Applications/Quartus/nios2eds/bin/gnu/H-x86_64-pc-linux-gnu/bin/../lib/gcc/nios2-elf/5.3.0/../../../../../H-x86_64-pc-linux-gnu/nios2-elf/lib/libc.a(lib_a-memcpy.o)
 .bss           0x0000000001089e94        0x0 /home/jaschutte/Applications/Quartus/nios2eds/bin/gnu/H-x86_64-pc-linux-gnu/bin/../lib/gcc/nios2-elf/5.3.0/../../../../../H-x86_64-pc-linux-gnu/nios2-elf/lib/libc.a(lib_a-memmove.o)
 .bss           0x0000000001089e94        0x0 /home/jaschutte/Applications/Quartus/nios2eds/bin/gnu/H-x86_64-pc-linux-gnu/bin/../lib/gcc/nios2-elf/5.3.0/../../../../../H-x86_64-pc-linux-gnu/nios2-elf/lib/libc.a(lib_a-memset.o)
 .bss           0x0000000001089e94        0x0 /home/jaschutte/Applications/Quartus/nios2eds/bin/gnu/H-x86_64-pc-linux-gnu/bin/../lib/gcc/nios2-elf/5.3.0/../../../../../H-x86_64-pc-linux-gnu/nios2-elf/lib/libc.a(lib_a-reallocr.o)
 .bss           0x0000000001089e94        0x0 /home/jaschutte/Applications/Quartus/nios2eds/bin/gnu/H-x86_64-pc-linux-gnu/bin/../lib/gcc/nios2-elf/5.3.0/../../../../../H-x86_64-pc-linux-gnu/nios2-elf/lib/libc.a(lib_a-sbrkr.o)
 .bss           0x0000000001089e94        0x0 /home/jaschutte/Applications/Quartus/nios2eds/bin/gnu/H-x86_64-pc-linux-gnu/bin/../lib/gcc/nios2-elf/5.3.0/../../../../../H-x86_64-pc-linux-gnu/nios2-elf/lib/libc.a(lib_a-stdio.o)
 .bss           0x0000000001089e94        0x0 /home/jaschutte/Applications/Quartus/nios2eds/bin/gnu/H-x86_64-pc-linux-gnu/bin/../lib/gcc/nios2-elf/5.3.0/../../../../../H-x86_64-pc-linux-gnu/nios2-elf/lib/libc.a(lib_a-writer.o)
 .bss           0x0000000001089e94        0x0 /home/jaschutte/Applications/Quartus/nios2eds/bin/gnu/H-x86_64-pc-linux-gnu/bin/../lib/gcc/nios2-elf/5.3.0/../../../../../H-x86_64-pc-linux-gnu/nios2-elf/lib/libc.a(lib_a-wsetup.o)
 .bss           0x0000000001089e94        0x0 /home/jaschutte/Applications/Quartus/nios2eds/bin/gnu/H-x86_64-pc-linux-gnu/bin/../lib/gcc/nios2-elf/5.3.0/../../../../../H-x86_64-pc-linux-gnu/nios2-elf/lib/libc.a(closer.o)
 .bss           0x0000000001089e94        0x0 /home/jaschutte/Applications/Quartus/nios2eds/bin/gnu/H-x86_64-pc-linux-gnu/bin/../lib/gcc/nios2-elf/5.3.0/../../../../../H-x86_64-pc-linux-gnu/nios2-elf/lib/libc.a(lib_a-fclose.o)
 .bss           0x0000000001089e94        0x0 /home/jaschutte/Applications/Quartus/nios2eds/bin/gnu/H-x86_64-pc-linux-gnu/bin/../lib/gcc/nios2-elf/5.3.0/../../../../../H-x86_64-pc-linux-gnu/nios2-elf/lib/libc.a(lib_a-fflush.o)
 .bss           0x0000000001089e94        0x0 /home/jaschutte/Applications/Quartus/nios2eds/bin/gnu/H-x86_64-pc-linux-gnu/bin/../lib/gcc/nios2-elf/5.3.0/../../../../../H-x86_64-pc-linux-gnu/nios2-elf/lib/libc.a(lib_a-freer.o)
 .bss           0x0000000001089e94        0x0 /home/jaschutte/Applications/Quartus/nios2eds/bin/gnu/H-x86_64-pc-linux-gnu/bin/../lib/gcc/nios2-elf/5.3.0/../../../../../H-x86_64-pc-linux-gnu/nios2-elf/lib/libc.a(lib_a-int_errno.o)
 .bss           0x0000000001089e94        0x0 /home/jaschutte/Applications/Quartus/nios2eds/bin/gnu/H-x86_64-pc-linux-gnu/bin/../lib/gcc/nios2-elf/5.3.0/../../../../../H-x86_64-pc-linux-gnu/nios2-elf/lib/libc.a(lib_a-lseekr.o)
 .bss           0x0000000001089e94        0x0 /home/jaschutte/Applications/Quartus/nios2eds/bin/gnu/H-x86_64-pc-linux-gnu/bin/../lib/gcc/nios2-elf/5.3.0/../../../../../H-x86_64-pc-linux-gnu/nios2-elf/lib/libc.a(lib_a-makebuf.o)
 .bss           0x0000000001089e94        0x0 /home/jaschutte/Applications/Quartus/nios2eds/bin/gnu/H-x86_64-pc-linux-gnu/bin/../lib/gcc/nios2-elf/5.3.0/../../../../../H-x86_64-pc-linux-gnu/nios2-elf/lib/libc.a(lib_a-readr.o)
 .bss           0x0000000001089e94        0x0 /home/jaschutte/Applications/Quartus/nios2eds/bin/gnu/H-x86_64-pc-linux-gnu/bin/../lib/gcc/nios2-elf/5.3.0/../../../../../H-x86_64-pc-linux-gnu/nios2-elf/lib/libc.a(lib_a-fstatr.o)
 .bss           0x0000000001089e94        0x0 /home/jaschutte/Applications/Quartus/nios2eds/bin/gnu/H-x86_64-pc-linux-gnu/bin/../lib/gcc/nios2-elf/5.3.0/../../../../../H-x86_64-pc-linux-gnu/nios2-elf/lib/libc.a(lib_a-isattyr.o)
 .bss           0x0000000001089e94        0x0 /home/jaschutte/Applications/Quartus/nios2eds/bin/gnu/H-x86_64-pc-linux-gnu/bin/../lib/gcc/nios2-elf/5.3.0/libgcc.a(lib2-divmod.o)
 .bss           0x0000000001089e94        0x0 ../gameconsole_bsp//libhal_bsp.a(alt_close.o)
 .bss           0x0000000001089e94        0x0 ../gameconsole_bsp//libhal_bsp.a(alt_dev.o)
 .bss           0x0000000001089e94        0x0 ../gameconsole_bsp//libhal_bsp.a(alt_errno.o)
 .bss           0x0000000001089e94        0x0 ../gameconsole_bsp//libhal_bsp.a(alt_fstat.o)
 .bss           0x0000000001089e94        0x0 ../gameconsole_bsp//libhal_bsp.a(alt_isatty.o)
 .bss           0x0000000001089e94        0x0 ../gameconsole_bsp//libhal_bsp.a(alt_load.o)
 .bss           0x0000000001089e94        0x0 ../gameconsole_bsp//libhal_bsp.a(alt_lseek.o)
 .bss           0x0000000001089e94        0x0 ../gameconsole_bsp//libhal_bsp.a(alt_main.o)
 .bss           0x0000000001089e94        0x0 ../gameconsole_bsp//libhal_bsp.a(alt_malloc_lock.o)
 .bss           0x0000000001089e94        0x0 ../gameconsole_bsp//libhal_bsp.a(alt_read.o)
 .bss           0x0000000001089e94        0x0 ../gameconsole_bsp//libhal_bsp.a(alt_release_fd.o)
 .bss           0x0000000001089e94        0x0 ../gameconsole_bsp//libhal_bsp.a(alt_sbrk.o)
 .bss           0x0000000001089e94        0x0 ../gameconsole_bsp//libhal_bsp.a(alt_write.o)
 .bss           0x0000000001089e94        0x0 ../gameconsole_bsp//libhal_bsp.a(alt_sys_init.o)
 .bss           0x0000000001089e94        0x0 ../gameconsole_bsp//libhal_bsp.a(altera_avalon_jtag_uart_fd.o)
 .bss           0x0000000001089e94        0x0 ../gameconsole_bsp//libhal_bsp.a(altera_avalon_jtag_uart_init.o)
 .bss           0x0000000001089e94        0x0 ../gameconsole_bsp//libhal_bsp.a(altera_avalon_jtag_uart_ioctl.o)
 .bss           0x0000000001089e94        0x0 ../gameconsole_bsp//libhal_bsp.a(altera_avalon_jtag_uart_read.o)
 .bss           0x0000000001089e94        0x0 ../gameconsole_bsp//libhal_bsp.a(altera_avalon_jtag_uart_write.o)
 .bss           0x0000000001089e94        0x0 ../gameconsole_bsp//libhal_bsp.a(altera_up_avalon_video_pixel_buffer_dma.o)
 .bss           0x0000000001089e94        0x0 ../gameconsole_bsp//libhal_bsp.a(alt_alarm_start.o)
 .bss           0x0000000001089e94        0x0 ../gameconsole_bsp//libhal_bsp.a(alt_dcache_flush_all.o)
 .bss           0x0000000001089e94        0x0 ../gameconsole_bsp//libhal_bsp.a(alt_dev_llist_insert.o)
 .bss           0x0000000001089e94        0x0 ../gameconsole_bsp//libhal_bsp.a(alt_do_ctors.o)
 .bss           0x0000000001089e94        0x0 ../gameconsole_bsp//libhal_bsp.a(alt_do_dtors.o)
 .bss           0x0000000001089e94        0x0 ../gameconsole_bsp//libhal_bsp.a(alt_find_dev.o)
 .bss           0x0000000001089e94        0x0 ../gameconsole_bsp//libhal_bsp.a(alt_icache_flush_all.o)
 .bss           0x0000000001089e94        0x0 ../gameconsole_bsp//libhal_bsp.a(alt_io_redirect.o)
 .bss           0x0000000001089e94        0x0 ../gameconsole_bsp//libhal_bsp.a(alt_irq_register.o)
 .bss           0x0000000001089e94        0x0 ../gameconsole_bsp//libhal_bsp.a(alt_irq_vars.o)
 .bss           0x0000000001089e94        0x0 ../gameconsole_bsp//libhal_bsp.a(alt_open.o)
 .bss           0x0000000001089e94        0x0 ../gameconsole_bsp//libhal_bsp.a(alt_tick.o)
 .bss           0x0000000001089e94        0x0 ../gameconsole_bsp//libhal_bsp.a(altera_nios2_gen2_irq.o)
 .bss           0x0000000001089e94        0x0 ../gameconsole_bsp//libhal_bsp.a(alt_find_file.o)
 .bss           0x0000000001089e94        0x0 ../gameconsole_bsp//libhal_bsp.a(alt_get_fd.o)
 .bss           0x0000000001089e94        0x0 ../gameconsole_bsp//libhal_bsp.a(alt_icache_flush.o)
 .bss           0x0000000001089e94        0x0 ../gameconsole_bsp//libhal_bsp.a(alt_irq_entry.o)
 .bss           0x0000000001089e94        0x0 ../gameconsole_bsp//libhal_bsp.a(alt_irq_handler.o)
 .bss           0x0000000001089e94        0x0 ../gameconsole_bsp//libhal_bsp.a(alt_exception_entry.o)
 .bss           0x0000000001089e94        0x0 ../gameconsole_bsp//libhal_bsp.a(alt_instruction_exception_entry.o)
 .bss           0x0000000001089e94        0x0 /home/jaschutte/Applications/Quartus/nios2eds/bin/gnu/H-x86_64-pc-linux-gnu/bin/../lib/gcc/nios2-elf/5.3.0/../../../../../H-x86_64-pc-linux-gnu/nios2-elf/lib/libc.a(lib_a-atexit.o)
 .bss           0x0000000001089e94        0x0 /home/jaschutte/Applications/Quartus/nios2eds/bin/gnu/H-x86_64-pc-linux-gnu/bin/../lib/gcc/nios2-elf/5.3.0/../../../../../H-x86_64-pc-linux-gnu/nios2-elf/lib/libc.a(lib_a-exit.o)
 .bss           0x0000000001089e94        0x0 /home/jaschutte/Applications/Quartus/nios2eds/bin/gnu/H-x86_64-pc-linux-gnu/bin/../lib/gcc/nios2-elf/5.3.0/../../../../../H-x86_64-pc-linux-gnu/nios2-elf/lib/libc.a(lib_a-memcmp.o)
 .bss           0x0000000001089e94        0x0 /home/jaschutte/Applications/Quartus/nios2eds/bin/gnu/H-x86_64-pc-linux-gnu/bin/../lib/gcc/nios2-elf/5.3.0/../../../../../H-x86_64-pc-linux-gnu/nios2-elf/lib/libc.a(lib_a-__atexit.o)
 .bss           0x0000000001089e94        0x0 /home/jaschutte/Applications/Quartus/nios2eds/bin/gnu/H-x86_64-pc-linux-gnu/bin/../lib/gcc/nios2-elf/5.3.0/../../../../../H-x86_64-pc-linux-gnu/nios2-elf/lib/libc.a(lib_a-__call_atexit.o)
 .bss           0x0000000001089e94        0x0 ../gameconsole_bsp//libhal_bsp.a(alt_exit.o)
 *(COMMON)
 COMMON         0x0000000001089e94      0x100 ../gameconsole_bsp//libhal_bsp.a(alt_irq_handler.o)
                0x0000000001089e94                alt_irq
                0x0000000001089f94                . = ALIGN (0x4)
                0x0000000001089f94                __bss_end = ABSOLUTE (.)

.new_sdram_controller_0
                0x0000000000800000        0x0 load address 0x0000000001089f94
                [!provide]                        PROVIDE (_alt_partition_new_sdram_controller_0_start, ABSOLUTE (.))
 *(.new_sdram_controller_0 .new_sdram_controller_0. new_sdram_controller_0.*)
                0x0000000000800000                . = ALIGN (0x4)
                [!provide]                        PROVIDE (_alt_partition_new_sdram_controller_0_end, ABSOLUTE (.))
                [!provide]                        PROVIDE (_alt_partition_new_sdram_controller_0_load_addr, LOADADDR (.new_sdram_controller_0))

.onchip_memory2_0
                0x0000000001089f94        0x0
                [!provide]                        PROVIDE (_alt_partition_onchip_memory2_0_start, ABSOLUTE (.))
 *(.onchip_memory2_0 .onchip_memory2_0. onchip_memory2_0.*)
                0x0000000001089f94                . = ALIGN (0x4)
                [!provide]                        PROVIDE (_alt_partition_onchip_memory2_0_end, ABSOLUTE (.))
                0x0000000001089f94                _end = ABSOLUTE (.)
                0x0000000001089f94                end = ABSOLUTE (.)
                0x0000000001089f94                __alt_stack_base = ABSOLUTE (.)
                [!provide]                        PROVIDE (_alt_partition_onchip_memory2_0_load_addr, LOADADDR (.onchip_memory2_0))

.stab
 *(.stab)

.stabstr
 *(.stabstr)

.stab.excl
 *(.stab.excl)

.stab.exclstr
 *(.stab.exclstr)

.stab.index
 *(.stab.index)

.stab.indexstr
 *(.stab.indexstr)

.comment        0x0000000000000000       0x23
 *(.comment)
 .comment       0x0000000000000000       0x23 obj/default/hello_world.o
                                         0x24 (size before relaxing)
 .comment       0x0000000000000023       0x24 /home/jaschutte/Applications/Quartus/nios2eds/bin/gnu/H-x86_64-pc-linux-gnu/bin/../lib/gcc/nios2-elf/5.3.0/../../../../../H-x86_64-pc-linux-gnu/nios2-elf/lib/libc.a(lib_a-puts.o)
 .comment       0x0000000000000023       0x24 /home/jaschutte/Applications/Quartus/nios2eds/bin/gnu/H-x86_64-pc-linux-gnu/bin/../lib/gcc/nios2-elf/5.3.0/../../../../../H-x86_64-pc-linux-gnu/nios2-elf/lib/libc.a(lib_a-strlen.o)
 .comment       0x0000000000000023       0x24 /home/jaschutte/Applications/Quartus/nios2eds/bin/gnu/H-x86_64-pc-linux-gnu/bin/../lib/gcc/nios2-elf/5.3.0/../../../../../H-x86_64-pc-linux-gnu/nios2-elf/lib/libc.a(lib_a-findfp.o)
 .comment       0x0000000000000023       0x24 /home/jaschutte/Applications/Quartus/nios2eds/bin/gnu/H-x86_64-pc-linux-gnu/bin/../lib/gcc/nios2-elf/5.3.0/../../../../../H-x86_64-pc-linux-gnu/nios2-elf/lib/libc.a(lib_a-fvwrite.o)
 .comment       0x0000000000000023       0x24 /home/jaschutte/Applications/Quartus/nios2eds/bin/gnu/H-x86_64-pc-linux-gnu/bin/../lib/gcc/nios2-elf/5.3.0/../../../../../H-x86_64-pc-linux-gnu/nios2-elf/lib/libc.a(lib_a-fwalk.o)
 .comment       0x0000000000000023       0x24 /home/jaschutte/Applications/Quartus/nios2eds/bin/gnu/H-x86_64-pc-linux-gnu/bin/../lib/gcc/nios2-elf/5.3.0/../../../../../H-x86_64-pc-linux-gnu/nios2-elf/lib/libc.a(lib_a-impure.o)
 .comment       0x0000000000000023       0x24 /home/jaschutte/Applications/Quartus/nios2eds/bin/gnu/H-x86_64-pc-linux-gnu/bin/../lib/gcc/nios2-elf/5.3.0/../../../../../H-x86_64-pc-linux-gnu/nios2-elf/lib/libc.a(lib_a-mallocr.o)
 .comment       0x0000000000000023       0x24 /home/jaschutte/Applications/Quartus/nios2eds/bin/gnu/H-x86_64-pc-linux-gnu/bin/../lib/gcc/nios2-elf/5.3.0/../../../../../H-x86_64-pc-linux-gnu/nios2-elf/lib/libc.a(lib_a-memchr.o)
 .comment       0x0000000000000023       0x24 /home/jaschutte/Applications/Quartus/nios2eds/bin/gnu/H-x86_64-pc-linux-gnu/bin/../lib/gcc/nios2-elf/5.3.0/../../../../../H-x86_64-pc-linux-gnu/nios2-elf/lib/libc.a(lib_a-memcpy.o)
 .comment       0x0000000000000023       0x24 /home/jaschutte/Applications/Quartus/nios2eds/bin/gnu/H-x86_64-pc-linux-gnu/bin/../lib/gcc/nios2-elf/5.3.0/../../../../../H-x86_64-pc-linux-gnu/nios2-elf/lib/libc.a(lib_a-memmove.o)
 .comment       0x0000000000000023       0x24 /home/jaschutte/Applications/Quartus/nios2eds/bin/gnu/H-x86_64-pc-linux-gnu/bin/../lib/gcc/nios2-elf/5.3.0/../../../../../H-x86_64-pc-linux-gnu/nios2-elf/lib/libc.a(lib_a-memset.o)
 .comment       0x0000000000000023       0x24 /home/jaschutte/Applications/Quartus/nios2eds/bin/gnu/H-x86_64-pc-linux-gnu/bin/../lib/gcc/nios2-elf/5.3.0/../../../../../H-x86_64-pc-linux-gnu/nios2-elf/lib/libc.a(lib_a-reallocr.o)
 .comment       0x0000000000000023       0x24 /home/jaschutte/Applications/Quartus/nios2eds/bin/gnu/H-x86_64-pc-linux-gnu/bin/../lib/gcc/nios2-elf/5.3.0/../../../../../H-x86_64-pc-linux-gnu/nios2-elf/lib/libc.a(lib_a-sbrkr.o)
 .comment       0x0000000000000023       0x24 /home/jaschutte/Applications/Quartus/nios2eds/bin/gnu/H-x86_64-pc-linux-gnu/bin/../lib/gcc/nios2-elf/5.3.0/../../../../../H-x86_64-pc-linux-gnu/nios2-elf/lib/libc.a(lib_a-stdio.o)
 .comment       0x0000000000000023       0x24 /home/jaschutte/Applications/Quartus/nios2eds/bin/gnu/H-x86_64-pc-linux-gnu/bin/../lib/gcc/nios2-elf/5.3.0/../../../../../H-x86_64-pc-linux-gnu/nios2-elf/lib/libc.a(lib_a-writer.o)
 .comment       0x0000000000000023       0x24 /home/jaschutte/Applications/Quartus/nios2eds/bin/gnu/H-x86_64-pc-linux-gnu/bin/../lib/gcc/nios2-elf/5.3.0/../../../../../H-x86_64-pc-linux-gnu/nios2-elf/lib/libc.a(lib_a-wsetup.o)
 .comment       0x0000000000000023       0x24 /home/jaschutte/Applications/Quartus/nios2eds/bin/gnu/H-x86_64-pc-linux-gnu/bin/../lib/gcc/nios2-elf/5.3.0/../../../../../H-x86_64-pc-linux-gnu/nios2-elf/lib/libc.a(closer.o)
 .comment       0x0000000000000023       0x24 /home/jaschutte/Applications/Quartus/nios2eds/bin/gnu/H-x86_64-pc-linux-gnu/bin/../lib/gcc/nios2-elf/5.3.0/../../../../../H-x86_64-pc-linux-gnu/nios2-elf/lib/libc.a(lib_a-fclose.o)
 .comment       0x0000000000000023       0x24 /home/jaschutte/Applications/Quartus/nios2eds/bin/gnu/H-x86_64-pc-linux-gnu/bin/../lib/gcc/nios2-elf/5.3.0/../../../../../H-x86_64-pc-linux-gnu/nios2-elf/lib/libc.a(lib_a-fflush.o)
 .comment       0x0000000000000023       0x24 /home/jaschutte/Applications/Quartus/nios2eds/bin/gnu/H-x86_64-pc-linux-gnu/bin/../lib/gcc/nios2-elf/5.3.0/../../../../../H-x86_64-pc-linux-gnu/nios2-elf/lib/libc.a(lib_a-freer.o)
 .comment       0x0000000000000023       0x24 /home/jaschutte/Applications/Quartus/nios2eds/bin/gnu/H-x86_64-pc-linux-gnu/bin/../lib/gcc/nios2-elf/5.3.0/../../../../../H-x86_64-pc-linux-gnu/nios2-elf/lib/libc.a(lib_a-int_errno.o)
 .comment       0x0000000000000023       0x24 /home/jaschutte/Applications/Quartus/nios2eds/bin/gnu/H-x86_64-pc-linux-gnu/bin/../lib/gcc/nios2-elf/5.3.0/../../../../../H-x86_64-pc-linux-gnu/nios2-elf/lib/libc.a(lib_a-lseekr.o)
 .comment       0x0000000000000023       0x24 /home/jaschutte/Applications/Quartus/nios2eds/bin/gnu/H-x86_64-pc-linux-gnu/bin/../lib/gcc/nios2-elf/5.3.0/../../../../../H-x86_64-pc-linux-gnu/nios2-elf/lib/libc.a(lib_a-makebuf.o)
 .comment       0x0000000000000023       0x24 /home/jaschutte/Applications/Quartus/nios2eds/bin/gnu/H-x86_64-pc-linux-gnu/bin/../lib/gcc/nios2-elf/5.3.0/../../../../../H-x86_64-pc-linux-gnu/nios2-elf/lib/libc.a(lib_a-readr.o)
 .comment       0x0000000000000023       0x24 /home/jaschutte/Applications/Quartus/nios2eds/bin/gnu/H-x86_64-pc-linux-gnu/bin/../lib/gcc/nios2-elf/5.3.0/../../../../../H-x86_64-pc-linux-gnu/nios2-elf/lib/libc.a(lib_a-fstatr.o)
 .comment       0x0000000000000023       0x24 /home/jaschutte/Applications/Quartus/nios2eds/bin/gnu/H-x86_64-pc-linux-gnu/bin/../lib/gcc/nios2-elf/5.3.0/../../../../../H-x86_64-pc-linux-gnu/nios2-elf/lib/libc.a(lib_a-isattyr.o)
 .comment       0x0000000000000023       0x24 /home/jaschutte/Applications/Quartus/nios2eds/bin/gnu/H-x86_64-pc-linux-gnu/bin/../lib/gcc/nios2-elf/5.3.0/libgcc.a(lib2-divmod.o)
 .comment       0x0000000000000023       0x24 ../gameconsole_bsp//libhal_bsp.a(alt_close.o)
 .comment       0x0000000000000023       0x24 ../gameconsole_bsp//libhal_bsp.a(alt_dev.o)
 .comment       0x0000000000000023       0x24 ../gameconsole_bsp//libhal_bsp.a(alt_errno.o)
 .comment       0x0000000000000023       0x24 ../gameconsole_bsp//libhal_bsp.a(alt_fstat.o)
 .comment       0x0000000000000023       0x24 ../gameconsole_bsp//libhal_bsp.a(alt_isatty.o)
 .comment       0x0000000000000023       0x24 ../gameconsole_bsp//libhal_bsp.a(alt_load.o)
 .comment       0x0000000000000023       0x24 ../gameconsole_bsp//libhal_bsp.a(alt_lseek.o)
 .comment       0x0000000000000023       0x24 ../gameconsole_bsp//libhal_bsp.a(alt_main.o)
 .comment       0x0000000000000023       0x24 ../gameconsole_bsp//libhal_bsp.a(alt_malloc_lock.o)
 .comment       0x0000000000000023       0x24 ../gameconsole_bsp//libhal_bsp.a(alt_read.o)
 .comment       0x0000000000000023       0x24 ../gameconsole_bsp//libhal_bsp.a(alt_release_fd.o)
 .comment       0x0000000000000023       0x24 ../gameconsole_bsp//libhal_bsp.a(alt_sbrk.o)
 .comment       0x0000000000000023       0x24 ../gameconsole_bsp//libhal_bsp.a(alt_write.o)
 .comment       0x0000000000000023       0x24 ../gameconsole_bsp//libhal_bsp.a(alt_sys_init.o)
 .comment       0x0000000000000023       0x24 ../gameconsole_bsp//libhal_bsp.a(altera_avalon_jtag_uart_fd.o)
 .comment       0x0000000000000023       0x24 ../gameconsole_bsp//libhal_bsp.a(altera_avalon_jtag_uart_init.o)
 .comment       0x0000000000000023       0x24 ../gameconsole_bsp//libhal_bsp.a(altera_avalon_jtag_uart_ioctl.o)
 .comment       0x0000000000000023       0x24 ../gameconsole_bsp//libhal_bsp.a(altera_avalon_jtag_uart_read.o)
 .comment       0x0000000000000023       0x24 ../gameconsole_bsp//libhal_bsp.a(altera_avalon_jtag_uart_write.o)
 .comment       0x0000000000000023       0x24 ../gameconsole_bsp//libhal_bsp.a(altera_up_avalon_video_pixel_buffer_dma.o)
 .comment       0x0000000000000023       0x24 ../gameconsole_bsp//libhal_bsp.a(alt_alarm_start.o)
 .comment       0x0000000000000023       0x24 ../gameconsole_bsp//libhal_bsp.a(alt_dcache_flush_all.o)
 .comment       0x0000000000000023       0x24 ../gameconsole_bsp//libhal_bsp.a(alt_dev_llist_insert.o)
 .comment       0x0000000000000023       0x24 ../gameconsole_bsp//libhal_bsp.a(alt_do_ctors.o)
 .comment       0x0000000000000023       0x24 ../gameconsole_bsp//libhal_bsp.a(alt_do_dtors.o)
 .comment       0x0000000000000023       0x24 ../gameconsole_bsp//libhal_bsp.a(alt_find_dev.o)
 .comment       0x0000000000000023       0x24 ../gameconsole_bsp//libhal_bsp.a(alt_icache_flush_all.o)
 .comment       0x0000000000000023       0x24 ../gameconsole_bsp//libhal_bsp.a(alt_io_redirect.o)
 .comment       0x0000000000000023       0x24 ../gameconsole_bsp//libhal_bsp.a(alt_irq_register.o)
 .comment       0x0000000000000023       0x24 ../gameconsole_bsp//libhal_bsp.a(alt_irq_vars.o)
 .comment       0x0000000000000023       0x24 ../gameconsole_bsp//libhal_bsp.a(alt_open.o)
 .comment       0x0000000000000023       0x24 ../gameconsole_bsp//libhal_bsp.a(alt_tick.o)
 .comment       0x0000000000000023       0x24 ../gameconsole_bsp//libhal_bsp.a(altera_nios2_gen2_irq.o)
 .comment       0x0000000000000023       0x24 ../gameconsole_bsp//libhal_bsp.a(alt_find_file.o)
 .comment       0x0000000000000023       0x24 ../gameconsole_bsp//libhal_bsp.a(alt_get_fd.o)
 .comment       0x0000000000000023       0x24 ../gameconsole_bsp//libhal_bsp.a(alt_icache_flush.o)
 .comment       0x0000000000000023       0x24 ../gameconsole_bsp//libhal_bsp.a(alt_irq_handler.o)
 .comment       0x0000000000000023       0x24 ../gameconsole_bsp//libhal_bsp.a(alt_instruction_exception_entry.o)
 .comment       0x0000000000000023       0x24 /home/jaschutte/Applications/Quartus/nios2eds/bin/gnu/H-x86_64-pc-linux-gnu/bin/../lib/gcc/nios2-elf/5.3.0/../../../../../H-x86_64-pc-linux-gnu/nios2-elf/lib/libc.a(lib_a-atexit.o)
 .comment       0x0000000000000023       0x24 /home/jaschutte/Applications/Quartus/nios2eds/bin/gnu/H-x86_64-pc-linux-gnu/bin/../lib/gcc/nios2-elf/5.3.0/../../../../../H-x86_64-pc-linux-gnu/nios2-elf/lib/libc.a(lib_a-exit.o)
 .comment       0x0000000000000023       0x24 /home/jaschutte/Applications/Quartus/nios2eds/bin/gnu/H-x86_64-pc-linux-gnu/bin/../lib/gcc/nios2-elf/5.3.0/../../../../../H-x86_64-pc-linux-gnu/nios2-elf/lib/libc.a(lib_a-memcmp.o)
 .comment       0x0000000000000023       0x24 /home/jaschutte/Applications/Quartus/nios2eds/bin/gnu/H-x86_64-pc-linux-gnu/bin/../lib/gcc/nios2-elf/5.3.0/../../../../../H-x86_64-pc-linux-gnu/nios2-elf/lib/libc.a(lib_a-__atexit.o)
 .comment       0x0000000000000023       0x24 /home/jaschutte/Applications/Quartus/nios2eds/bin/gnu/H-x86_64-pc-linux-gnu/bin/../lib/gcc/nios2-elf/5.3.0/../../../../../H-x86_64-pc-linux-gnu/nios2-elf/lib/libc.a(lib_a-__call_atexit.o)
 .comment       0x0000000000000023       0x24 ../gameconsole_bsp//libhal_bsp.a(alt_exit.o)

.debug
 *(.debug)

.line
 *(.line)

.debug_srcinfo
 *(.debug_srcinfo)

.debug_sfnames
 *(.debug_sfnames)

.debug_aranges  0x0000000000000000      0xa10
 *(.debug_aranges)
 .debug_aranges
                0x0000000000000000       0x28 ../gameconsole_bsp//obj/HAL/src/crt0.o
 .debug_aranges
                0x0000000000000028       0x20 obj/default/hello_world.o
 .debug_aranges
                0x0000000000000048       0x28 /home/jaschutte/Applications/Quartus/nios2eds/bin/gnu/H-x86_64-pc-linux-gnu/bin/../lib/gcc/nios2-elf/5.3.0/../../../../../H-x86_64-pc-linux-gnu/nios2-elf/lib/libc.a(lib_a-puts.o)
 .debug_aranges
                0x0000000000000070       0x20 /home/jaschutte/Applications/Quartus/nios2eds/bin/gnu/H-x86_64-pc-linux-gnu/bin/../lib/gcc/nios2-elf/5.3.0/../../../../../H-x86_64-pc-linux-gnu/nios2-elf/lib/libc.a(lib_a-strlen.o)
 .debug_aranges
                0x0000000000000090       0x68 /home/jaschutte/Applications/Quartus/nios2eds/bin/gnu/H-x86_64-pc-linux-gnu/bin/../lib/gcc/nios2-elf/5.3.0/../../../../../H-x86_64-pc-linux-gnu/nios2-elf/lib/libc.a(lib_a-findfp.o)
 .debug_aranges
                0x00000000000000f8       0x20 /home/jaschutte/Applications/Quartus/nios2eds/bin/gnu/H-x86_64-pc-linux-gnu/bin/../lib/gcc/nios2-elf/5.3.0/../../../../../H-x86_64-pc-linux-gnu/nios2-elf/lib/libc.a(lib_a-fvwrite.o)
 .debug_aranges
                0x0000000000000118       0x28 /home/jaschutte/Applications/Quartus/nios2eds/bin/gnu/H-x86_64-pc-linux-gnu/bin/../lib/gcc/nios2-elf/5.3.0/../../../../../H-x86_64-pc-linux-gnu/nios2-elf/lib/libc.a(lib_a-fwalk.o)
 .debug_aranges
                0x0000000000000140       0x18 /home/jaschutte/Applications/Quartus/nios2eds/bin/gnu/H-x86_64-pc-linux-gnu/bin/../lib/gcc/nios2-elf/5.3.0/../../../../../H-x86_64-pc-linux-gnu/nios2-elf/lib/libc.a(lib_a-impure.o)
 .debug_aranges
                0x0000000000000158       0x20 /home/jaschutte/Applications/Quartus/nios2eds/bin/gnu/H-x86_64-pc-linux-gnu/bin/../lib/gcc/nios2-elf/5.3.0/../../../../../H-x86_64-pc-linux-gnu/nios2-elf/lib/libc.a(lib_a-mallocr.o)
 .debug_aranges
                0x0000000000000178       0x20 /home/jaschutte/Applications/Quartus/nios2eds/bin/gnu/H-x86_64-pc-linux-gnu/bin/../lib/gcc/nios2-elf/5.3.0/../../../../../H-x86_64-pc-linux-gnu/nios2-elf/lib/libc.a(lib_a-memchr.o)
 .debug_aranges
                0x0000000000000198       0x20 /home/jaschutte/Applications/Quartus/nios2eds/bin/gnu/H-x86_64-pc-linux-gnu/bin/../lib/gcc/nios2-elf/5.3.0/../../../../../H-x86_64-pc-linux-gnu/nios2-elf/lib/libc.a(lib_a-memcpy.o)
 .debug_aranges
                0x00000000000001b8       0x20 /home/jaschutte/Applications/Quartus/nios2eds/bin/gnu/H-x86_64-pc-linux-gnu/bin/../lib/gcc/nios2-elf/5.3.0/../../../../../H-x86_64-pc-linux-gnu/nios2-elf/lib/libc.a(lib_a-memmove.o)
 .debug_aranges
                0x00000000000001d8       0x20 /home/jaschutte/Applications/Quartus/nios2eds/bin/gnu/H-x86_64-pc-linux-gnu/bin/../lib/gcc/nios2-elf/5.3.0/../../../../../H-x86_64-pc-linux-gnu/nios2-elf/lib/libc.a(lib_a-memset.o)
 .debug_aranges
                0x00000000000001f8       0x20 /home/jaschutte/Applications/Quartus/nios2eds/bin/gnu/H-x86_64-pc-linux-gnu/bin/../lib/gcc/nios2-elf/5.3.0/../../../../../H-x86_64-pc-linux-gnu/nios2-elf/lib/libc.a(lib_a-reallocr.o)
 .debug_aranges
                0x0000000000000218       0x20 /home/jaschutte/Applications/Quartus/nios2eds/bin/gnu/H-x86_64-pc-linux-gnu/bin/../lib/gcc/nios2-elf/5.3.0/../../../../../H-x86_64-pc-linux-gnu/nios2-elf/lib/libc.a(lib_a-sbrkr.o)
 .debug_aranges
                0x0000000000000238       0x40 /home/jaschutte/Applications/Quartus/nios2eds/bin/gnu/H-x86_64-pc-linux-gnu/bin/../lib/gcc/nios2-elf/5.3.0/../../../../../H-x86_64-pc-linux-gnu/nios2-elf/lib/libc.a(lib_a-stdio.o)
 .debug_aranges
                0x0000000000000278       0x20 /home/jaschutte/Applications/Quartus/nios2eds/bin/gnu/H-x86_64-pc-linux-gnu/bin/../lib/gcc/nios2-elf/5.3.0/../../../../../H-x86_64-pc-linux-gnu/nios2-elf/lib/libc.a(lib_a-writer.o)
 .debug_aranges
                0x0000000000000298       0x20 /home/jaschutte/Applications/Quartus/nios2eds/bin/gnu/H-x86_64-pc-linux-gnu/bin/../lib/gcc/nios2-elf/5.3.0/../../../../../H-x86_64-pc-linux-gnu/nios2-elf/lib/libc.a(lib_a-wsetup.o)
 .debug_aranges
                0x00000000000002b8       0x20 /home/jaschutte/Applications/Quartus/nios2eds/bin/gnu/H-x86_64-pc-linux-gnu/bin/../lib/gcc/nios2-elf/5.3.0/../../../../../H-x86_64-pc-linux-gnu/nios2-elf/lib/libc.a(closer.o)
 .debug_aranges
                0x00000000000002d8       0x28 /home/jaschutte/Applications/Quartus/nios2eds/bin/gnu/H-x86_64-pc-linux-gnu/bin/../lib/gcc/nios2-elf/5.3.0/../../../../../H-x86_64-pc-linux-gnu/nios2-elf/lib/libc.a(lib_a-fclose.o)
 .debug_aranges
                0x0000000000000300       0x30 /home/jaschutte/Applications/Quartus/nios2eds/bin/gnu/H-x86_64-pc-linux-gnu/bin/../lib/gcc/nios2-elf/5.3.0/../../../../../H-x86_64-pc-linux-gnu/nios2-elf/lib/libc.a(lib_a-fflush.o)
 .debug_aranges
                0x0000000000000330       0x28 /home/jaschutte/Applications/Quartus/nios2eds/bin/gnu/H-x86_64-pc-linux-gnu/bin/../lib/gcc/nios2-elf/5.3.0/../../../../../H-x86_64-pc-linux-gnu/nios2-elf/lib/libc.a(lib_a-freer.o)
 .debug_aranges
                0x0000000000000358       0x18 /home/jaschutte/Applications/Quartus/nios2eds/bin/gnu/H-x86_64-pc-linux-gnu/bin/../lib/gcc/nios2-elf/5.3.0/../../../../../H-x86_64-pc-linux-gnu/nios2-elf/lib/libc.a(lib_a-int_errno.o)
 .debug_aranges
                0x0000000000000370       0x20 /home/jaschutte/Applications/Quartus/nios2eds/bin/gnu/H-x86_64-pc-linux-gnu/bin/../lib/gcc/nios2-elf/5.3.0/../../../../../H-x86_64-pc-linux-gnu/nios2-elf/lib/libc.a(lib_a-lseekr.o)
 .debug_aranges
                0x0000000000000390       0x20 /home/jaschutte/Applications/Quartus/nios2eds/bin/gnu/H-x86_64-pc-linux-gnu/bin/../lib/gcc/nios2-elf/5.3.0/../../../../../H-x86_64-pc-linux-gnu/nios2-elf/lib/libc.a(lib_a-makebuf.o)
 .debug_aranges
                0x00000000000003b0       0x20 /home/jaschutte/Applications/Quartus/nios2eds/bin/gnu/H-x86_64-pc-linux-gnu/bin/../lib/gcc/nios2-elf/5.3.0/../../../../../H-x86_64-pc-linux-gnu/nios2-elf/lib/libc.a(lib_a-readr.o)
 .debug_aranges
                0x00000000000003d0       0x20 /home/jaschutte/Applications/Quartus/nios2eds/bin/gnu/H-x86_64-pc-linux-gnu/bin/../lib/gcc/nios2-elf/5.3.0/../../../../../H-x86_64-pc-linux-gnu/nios2-elf/lib/libc.a(lib_a-fstatr.o)
 .debug_aranges
                0x00000000000003f0       0x20 /home/jaschutte/Applications/Quartus/nios2eds/bin/gnu/H-x86_64-pc-linux-gnu/bin/../lib/gcc/nios2-elf/5.3.0/../../../../../H-x86_64-pc-linux-gnu/nios2-elf/lib/libc.a(lib_a-isattyr.o)
 .debug_aranges
                0x0000000000000410       0x20 /home/jaschutte/Applications/Quartus/nios2eds/bin/gnu/H-x86_64-pc-linux-gnu/bin/../lib/gcc/nios2-elf/5.3.0/libgcc.a(lib2-divmod.o)
 .debug_aranges
                0x0000000000000430       0x20 ../gameconsole_bsp//libhal_bsp.a(alt_close.o)
 .debug_aranges
                0x0000000000000450       0x20 ../gameconsole_bsp//libhal_bsp.a(alt_dev.o)
 .debug_aranges
                0x0000000000000470       0x18 ../gameconsole_bsp//libhal_bsp.a(alt_errno.o)
 .debug_aranges
                0x0000000000000488       0x20 ../gameconsole_bsp//libhal_bsp.a(alt_fstat.o)
 .debug_aranges
                0x00000000000004a8       0x20 ../gameconsole_bsp//libhal_bsp.a(alt_isatty.o)
 .debug_aranges
                0x00000000000004c8       0x20 ../gameconsole_bsp//libhal_bsp.a(alt_load.o)
 .debug_aranges
                0x00000000000004e8       0x20 ../gameconsole_bsp//libhal_bsp.a(alt_lseek.o)
 .debug_aranges
                0x0000000000000508       0x20 ../gameconsole_bsp//libhal_bsp.a(alt_main.o)
 .debug_aranges
                0x0000000000000528       0x20 ../gameconsole_bsp//libhal_bsp.a(alt_malloc_lock.o)
 .debug_aranges
                0x0000000000000548       0x20 ../gameconsole_bsp//libhal_bsp.a(alt_read.o)
 .debug_aranges
                0x0000000000000568       0x20 ../gameconsole_bsp//libhal_bsp.a(alt_release_fd.o)
 .debug_aranges
                0x0000000000000588       0x20 ../gameconsole_bsp//libhal_bsp.a(alt_sbrk.o)
 .debug_aranges
                0x00000000000005a8       0x20 ../gameconsole_bsp//libhal_bsp.a(alt_write.o)
 .debug_aranges
                0x00000000000005c8       0x20 ../gameconsole_bsp//libhal_bsp.a(alt_sys_init.o)
 .debug_aranges
                0x00000000000005e8       0x20 ../gameconsole_bsp//libhal_bsp.a(altera_avalon_jtag_uart_fd.o)
 .debug_aranges
                0x0000000000000608       0x20 ../gameconsole_bsp//libhal_bsp.a(altera_avalon_jtag_uart_init.o)
 .debug_aranges
                0x0000000000000628       0x20 ../gameconsole_bsp//libhal_bsp.a(altera_avalon_jtag_uart_ioctl.o)
 .debug_aranges
                0x0000000000000648       0x20 ../gameconsole_bsp//libhal_bsp.a(altera_avalon_jtag_uart_read.o)
 .debug_aranges
                0x0000000000000668       0x20 ../gameconsole_bsp//libhal_bsp.a(altera_avalon_jtag_uart_write.o)
 .debug_aranges
                0x0000000000000688       0x20 ../gameconsole_bsp//libhal_bsp.a(altera_up_avalon_video_pixel_buffer_dma.o)
 .debug_aranges
                0x00000000000006a8       0x20 ../gameconsole_bsp//libhal_bsp.a(alt_alarm_start.o)
 .debug_aranges
                0x00000000000006c8       0x20 ../gameconsole_bsp//libhal_bsp.a(alt_dcache_flush_all.o)
 .debug_aranges
                0x00000000000006e8       0x20 ../gameconsole_bsp//libhal_bsp.a(alt_dev_llist_insert.o)
 .debug_aranges
                0x0000000000000708       0x20 ../gameconsole_bsp//libhal_bsp.a(alt_do_ctors.o)
 .debug_aranges
                0x0000000000000728       0x20 ../gameconsole_bsp//libhal_bsp.a(alt_do_dtors.o)
 .debug_aranges
                0x0000000000000748       0x20 ../gameconsole_bsp//libhal_bsp.a(alt_find_dev.o)
 .debug_aranges
                0x0000000000000768       0x20 ../gameconsole_bsp//libhal_bsp.a(alt_icache_flush_all.o)
 .debug_aranges
                0x0000000000000788       0x20 ../gameconsole_bsp//libhal_bsp.a(alt_io_redirect.o)
 .debug_aranges
                0x00000000000007a8       0x20 ../gameconsole_bsp//libhal_bsp.a(alt_irq_register.o)
 .debug_aranges
                0x00000000000007c8       0x18 ../gameconsole_bsp//libhal_bsp.a(alt_irq_vars.o)
 .debug_aranges
                0x00000000000007e0       0x20 ../gameconsole_bsp//libhal_bsp.a(alt_open.o)
 .debug_aranges
                0x0000000000000800       0x20 ../gameconsole_bsp//libhal_bsp.a(alt_tick.o)
 .debug_aranges
                0x0000000000000820       0x20 ../gameconsole_bsp//libhal_bsp.a(altera_nios2_gen2_irq.o)
 .debug_aranges
                0x0000000000000840       0x20 ../gameconsole_bsp//libhal_bsp.a(alt_find_file.o)
 .debug_aranges
                0x0000000000000860       0x20 ../gameconsole_bsp//libhal_bsp.a(alt_get_fd.o)
 .debug_aranges
                0x0000000000000880       0x20 ../gameconsole_bsp//libhal_bsp.a(alt_icache_flush.o)
 .debug_aranges
                0x00000000000008a0       0x30 ../gameconsole_bsp//libhal_bsp.a(alt_irq_entry.o)
 .debug_aranges
                0x00000000000008d0       0x20 ../gameconsole_bsp//libhal_bsp.a(alt_irq_handler.o)
 .debug_aranges
                0x00000000000008f0       0x38 ../gameconsole_bsp//libhal_bsp.a(alt_exception_entry.o)
 .debug_aranges
                0x0000000000000928       0x28 ../gameconsole_bsp//libhal_bsp.a(alt_instruction_exception_entry.o)
 .debug_aranges